162.158.239.49 - - [17/Nov/2022:08:24:40 +0100] "GET / HTTP/1.0" 200 754 "-" "Mozilla/5.0 (Windows; U; Windows NT 5.1; en-US) AppleWebKit/525.13 (KHTML, like Gecko) Chrome/0.A.B.C Safari/525.13"
162.158.239.49 - - [17/Nov/2022:08:24:40 +0100] "GET / HTTP/1.1" 200 3279 "-" "Mozilla/5.0 (Windows; U; Windows NT 5.1; en-US) AppleWebKit/525.13 (KHTML, like Gecko) Chrome/0.A.B.C Safari/525.13"
162.158.239.49 - - [17/Nov/2022:08:27:36 +0100] "GET / HTTP/1.1" 200 3279 "-" "Mozilla/5.0 (Windows; U; Windows NT 5.1; en-US) AppleWebKit/525.13 (KHTML, like Gecko) Chrome/0.A.B.C Safari/525.13"
162.158.239.49 - - [17/Nov/2022:08:27:36 +0100] "GET / HTTP/1.0" 200 754 "-" "Mozilla/5.0 (Windows; U; Windows NT 5.1; en-US) AppleWebKit/525.13 (KHTML, like Gecko) Chrome/0.A.B.C Safari/525.13"
162.158.238.212 - - [17/Nov/2022:08:30:36 +0100] "GET / HTTP/1.0" 200 754 "-" "Mozilla/5.0 (Windows; U; Windows NT 5.1; en-US) AppleWebKit/525.13 (KHTML, like Gecko) Chrome/0.A.B.C Safari/525.13"
162.158.238.212 - - [17/Nov/2022:08:30:36 +0100] "GET / HTTP/1.1" 200 3279 "-" "Mozilla/5.0 (Windows; U; Windows NT 5.1; en-US) AppleWebKit/525.13 (KHTML, like Gecko) Chrome/0.A.B.C Safari/525.13"
172.69.210.136 - - [17/Nov/2022:08:33:02 +0100] "GET /?token=qim0GkMj5FinQfjQnM/vrb6uQMXUFxOIYaQfiYi9CE3YPf6QeGEgFQFVWKBalo0a+ACbVIVXrq+/mlvbyneten9aAd+lch5cHiaFroO1vX67swEbi5Vgixn7P8Yd0IwlkFOOlUU6VLOr9VJZYlBtpA== HTTP/1.1" 200 3279 "https://e-parwarda.com/" "Mozilla/5.0 (iPhone; CPU iPhone OS 16_0_3 like Mac OS X) AppleWebKit/605.1.15 (KHTML, like Gecko) Version/16.0 Mobile/15E148 Safari/604.1"
172.69.210.136 - - [17/Nov/2022:08:33:02 +0100] "GET /?token=qim0GkMj5FinQfjQnM/vrb6uQMXUFxOIYaQfiYi9CE3YPf6QeGEgFQFVWKBalo0a+ACbVIVXrq+/mlvbyneten9aAd+lch5cHiaFroO1vX67swEbi5Vgixn7P8Yd0IwlkFOOlUU6VLOr9VJZYlBtpA== HTTP/1.0" 200 754 "https://e-parwarda.com/" "Mozilla/5.0 (iPhone; CPU iPhone OS 16_0_3 like Mac OS X) AppleWebKit/605.1.15 (KHTML, like Gecko) Version/16.0 Mobile/15E148 Safari/604.1"
162.158.182.95 - - [17/Nov/2022:08:33:02 +0100] "GET /Librarys/Css/telInput.css?v344 HTTP/1.0" 404 3845 "https://e-ktebxana.krd/?token=qim0GkMj5FinQfjQnM/vrb6uQMXUFxOIYaQfiYi9CE3YPf6QeGEgFQFVWKBalo0a+ACbVIVXrq+/mlvbyneten9aAd+lch5cHiaFroO1vX67swEbi5Vgixn7P8Yd0IwlkFOOlUU6VLOr9VJZYlBtpA==" "Mozilla/5.0 (iPhone; CPU iPhone OS 16_0_3 like Mac OS X) AppleWebKit/605.1.15 (KHTML, like Gecko) Version/16.0 Mobile/15E148 Safari/604.1"
162.158.183.237 - - [17/Nov/2022:08:33:03 +0100] "GET /favicon.ico HTTP/1.0" 404 3845 "https://e-ktebxana.krd/?token=qim0GkMj5FinQfjQnM/vrb6uQMXUFxOIYaQfiYi9CE3YPf6QeGEgFQFVWKBalo0a+ACbVIVXrq+/mlvbyneten9aAd+lch5cHiaFroO1vX67swEbi5Vgixn7P8Yd0IwlkFOOlUU6VLOr9VJZYlBtpA==" "Mozilla/5.0 (iPhone; CPU iPhone OS 16_0_3 like Mac OS X) AppleWebKit/605.1.15 (KHTML, like Gecko) Version/16.0 Mobile/15E148 Safari/604.1"
172.68.183.53 - - [17/Nov/2022:08:33:03 +0100] "GET /Librarys/Css/Main.css?v=961144552 HTTP/1.0" 200 764 "https://e-ktebxana.krd/?token=qim0GkMj5FinQfjQnM/vrb6uQMXUFxOIYaQfiYi9CE3YPf6QeGEgFQFVWKBalo0a+ACbVIVXrq+/mlvbyneten9aAd+lch5cHiaFroO1vX67swEbi5Vgixn7P8Yd0IwlkFOOlUU6VLOr9VJZYlBtpA==" "Mozilla/5.0 (iPhone; CPU iPhone OS 16_0_3 like Mac OS X) AppleWebKit/605.1.15 (KHTML, like Gecko) Version/16.0 Mobile/15E148 Safari/604.1"
172.68.183.71 - - [17/Nov/2022:08:33:03 +0100] "GET /Librarys/Js/Main.js?v961144552 HTTP/1.0" 200 776 "https://e-ktebxana.krd/?token=qim0GkMj5FinQfjQnM/vrb6uQMXUFxOIYaQfiYi9CE3YPf6QeGEgFQFVWKBalo0a+ACbVIVXrq+/mlvbyneten9aAd+lch5cHiaFroO1vX67swEbi5Vgixn7P8Yd0IwlkFOOlUU6VLOr9VJZYlBtpA==" "Mozilla/5.0 (iPhone; CPU iPhone OS 16_0_3 like Mac OS X) AppleWebKit/605.1.15 (KHTML, like Gecko) Version/16.0 Mobile/15E148 Safari/604.1"
172.68.183.53 - - [17/Nov/2022:08:33:03 +0100] "GET /Librarys/Css/Main.css?v=961144552 HTTP/1.1" 200 119454 "https://e-ktebxana.krd/?token=qim0GkMj5FinQfjQnM/vrb6uQMXUFxOIYaQfiYi9CE3YPf6QeGEgFQFVWKBalo0a+ACbVIVXrq+/mlvbyneten9aAd+lch5cHiaFroO1vX67swEbi5Vgixn7P8Yd0IwlkFOOlUU6VLOr9VJZYlBtpA==" "Mozilla/5.0 (iPhone; CPU iPhone OS 16_0_3 like Mac OS X) AppleWebKit/605.1.15 (KHTML, like Gecko) Version/16.0 Mobile/15E148 Safari/604.1"
172.68.183.71 - - [17/Nov/2022:08:33:03 +0100] "GET /Librarys/Js/Main.js?v961144552 HTTP/1.1" 200 38605 "https://e-ktebxana.krd/?token=qim0GkMj5FinQfjQnM/vrb6uQMXUFxOIYaQfiYi9CE3YPf6QeGEgFQFVWKBalo0a+ACbVIVXrq+/mlvbyneten9aAd+lch5cHiaFroO1vX67swEbi5Vgixn7P8Yd0IwlkFOOlUU6VLOr9VJZYlBtpA==" "Mozilla/5.0 (iPhone; CPU iPhone OS 16_0_3 like Mac OS X) AppleWebKit/605.1.15 (KHTML, like Gecko) Version/16.0 Mobile/15E148 Safari/604.1"
162.158.183.159 - - [17/Nov/2022:08:33:05 +0100] "GET /Librarys/Css/Main.css?v=236150962 HTTP/1.1" 200 119454 "https://e-ktebxana.krd/login" "Mozilla/5.0 (iPhone; CPU iPhone OS 16_0_3 like Mac OS X) AppleWebKit/605.1.15 (KHTML, like Gecko) Version/16.0 Mobile/15E148 Safari/604.1"
172.69.210.136 - - [17/Nov/2022:08:33:05 +0100] "POST /Librarys/Language/AllLang.json HTTP/1.0" 200 16401 "https://e-ktebxana.krd/?token=qim0GkMj5FinQfjQnM/vrb6uQMXUFxOIYaQfiYi9CE3YPf6QeGEgFQFVWKBalo0a+ACbVIVXrq+/mlvbyneten9aAd+lch5cHiaFroO1vX67swEbi5Vgixn7P8Yd0IwlkFOOlUU6VLOr9VJZYlBtpA==" "Mozilla/5.0 (iPhone; CPU iPhone OS 16_0_3 like Mac OS X) AppleWebKit/605.1.15 (KHTML, like Gecko) Version/16.0 Mobile/15E148 Safari/604.1"
172.69.210.136 - - [17/Nov/2022:08:33:05 +0100] "GET /login HTTP/1.0" 404 3845 "https://e-ktebxana.krd/?token=qim0GkMj5FinQfjQnM/vrb6uQMXUFxOIYaQfiYi9CE3YPf6QeGEgFQFVWKBalo0a+ACbVIVXrq+/mlvbyneten9aAd+lch5cHiaFroO1vX67swEbi5Vgixn7P8Yd0IwlkFOOlUU6VLOr9VJZYlBtpA==" "Mozilla/5.0 (iPhone; CPU iPhone OS 16_0_3 like Mac OS X) AppleWebKit/605.1.15 (KHTML, like Gecko) Version/16.0 Mobile/15E148 Safari/604.1"
162.158.183.159 - - [17/Nov/2022:08:33:05 +0100] "GET /Librarys/Css/Main.css?v=236150962 HTTP/1.0" 200 764 "https://e-ktebxana.krd/login" "Mozilla/5.0 (iPhone; CPU iPhone OS 16_0_3 like Mac OS X) AppleWebKit/605.1.15 (KHTML, like Gecko) Version/16.0 Mobile/15E148 Safari/604.1"
172.68.183.63 - - [17/Nov/2022:08:33:06 +0100] "GET /Librarys/Js/Main.js?v236150962 HTTP/1.0" 200 776 "https://e-ktebxana.krd/login" "Mozilla/5.0 (iPhone; CPU iPhone OS 16_0_3 like Mac OS X) AppleWebKit/605.1.15 (KHTML, like Gecko) Version/16.0 Mobile/15E148 Safari/604.1"
172.69.210.136 - - [17/Nov/2022:08:33:06 +0100] "POST /Librarys/Language/AllLang.json HTTP/1.0" 200 16401 "https://e-ktebxana.krd/login" "Mozilla/5.0 (iPhone; CPU iPhone OS 16_0_3 like Mac OS X) AppleWebKit/605.1.15 (KHTML, like Gecko) Version/16.0 Mobile/15E148 Safari/604.1"
172.68.183.63 - - [17/Nov/2022:08:33:06 +0100] "GET /Librarys/Js/Main.js?v236150962 HTTP/1.1" 200 38605 "https://e-ktebxana.krd/login" "Mozilla/5.0 (iPhone; CPU iPhone OS 16_0_3 like Mac OS X) AppleWebKit/605.1.15 (KHTML, like Gecko) Version/16.0 Mobile/15E148 Safari/604.1"
162.158.239.6 - - [17/Nov/2022:08:33:36 +0100] "GET / HTTP/1.1" 200 3279 "-" "Mozilla/5.0 (Windows; U; Windows NT 5.1; en-US) AppleWebKit/525.13 (KHTML, like Gecko) Chrome/0.A.B.C Safari/525.13"
162.158.239.6 - - [17/Nov/2022:08:33:36 +0100] "GET / HTTP/1.0" 200 754 "-" "Mozilla/5.0 (Windows; U; Windows NT 5.1; en-US) AppleWebKit/525.13 (KHTML, like Gecko) Chrome/0.A.B.C Safari/525.13"
162.158.239.5 - - [17/Nov/2022:08:36:40 +0100] "GET / HTTP/1.0" 200 754 "-" "Mozilla/5.0 (Windows; U; Windows NT 5.1; en-US) AppleWebKit/525.13 (KHTML, like Gecko) Chrome/0.A.B.C Safari/525.13"
162.158.239.5 - - [17/Nov/2022:08:36:40 +0100] "GET / HTTP/1.1" 200 3279 "-" "Mozilla/5.0 (Windows; U; Windows NT 5.1; en-US) AppleWebKit/525.13 (KHTML, like Gecko) Chrome/0.A.B.C Safari/525.13"
162.158.239.23 - - [17/Nov/2022:08:39:38 +0100] "GET / HTTP/1.1" 200 3279 "-" "Mozilla/5.0 (Windows; U; Windows NT 5.1; en-US) AppleWebKit/525.13 (KHTML, like Gecko) Chrome/0.A.B.C Safari/525.13"
162.158.239.23 - - [17/Nov/2022:08:39:38 +0100] "GET / HTTP/1.0" 200 754 "-" "Mozilla/5.0 (Windows; U; Windows NT 5.1; en-US) AppleWebKit/525.13 (KHTML, like Gecko) Chrome/0.A.B.C Safari/525.13"
162.158.239.23 - - [17/Nov/2022:08:42:37 +0100] "GET / HTTP/1.0" 200 754 "-" "Mozilla/5.0 (Windows; U; Windows NT 5.1; en-US) AppleWebKit/525.13 (KHTML, like Gecko) Chrome/0.A.B.C Safari/525.13"
162.158.239.23 - - [17/Nov/2022:08:42:37 +0100] "GET / HTTP/1.1" 200 3279 "-" "Mozilla/5.0 (Windows; U; Windows NT 5.1; en-US) AppleWebKit/525.13 (KHTML, like Gecko) Chrome/0.A.B.C Safari/525.13"
162.158.239.50 - - [17/Nov/2022:08:45:40 +0100] "GET / HTTP/1.1" 200 3279 "-" "Mozilla/5.0 (Windows; U; Windows NT 5.1; en-US) AppleWebKit/525.13 (KHTML, like Gecko) Chrome/0.A.B.C Safari/525.13"
162.158.239.50 - - [17/Nov/2022:08:45:40 +0100] "GET / HTTP/1.0" 200 754 "-" "Mozilla/5.0 (Windows; U; Windows NT 5.1; en-US) AppleWebKit/525.13 (KHTML, like Gecko) Chrome/0.A.B.C Safari/525.13"
162.158.239.50 - - [17/Nov/2022:08:48:35 +0100] "GET / HTTP/1.0" 200 754 "-" "Mozilla/5.0 (Windows; U; Windows NT 5.1; en-US) AppleWebKit/525.13 (KHTML, like Gecko) Chrome/0.A.B.C Safari/525.13"
162.158.239.50 - - [17/Nov/2022:08:48:35 +0100] "GET / HTTP/1.1" 200 3279 "-" "Mozilla/5.0 (Windows; U; Windows NT 5.1; en-US) AppleWebKit/525.13 (KHTML, like Gecko) Chrome/0.A.B.C Safari/525.13"
162.158.239.5 - - [17/Nov/2022:08:51:36 +0100] "GET / HTTP/1.1" 200 3279 "-" "Mozilla/5.0 (Windows; U; Windows NT 5.1; en-US) AppleWebKit/525.13 (KHTML, like Gecko) Chrome/0.A.B.C Safari/525.13"
162.158.239.5 - - [17/Nov/2022:08:51:36 +0100] "GET / HTTP/1.0" 200 754 "-" "Mozilla/5.0 (Windows; U; Windows NT 5.1; en-US) AppleWebKit/525.13 (KHTML, like Gecko) Chrome/0.A.B.C Safari/525.13"
162.158.239.50 - - [17/Nov/2022:08:54:38 +0100] "GET / HTTP/1.0" 200 754 "-" "Mozilla/5.0 (Windows; U; Windows NT 5.1; en-US) AppleWebKit/525.13 (KHTML, like Gecko) Chrome/0.A.B.C Safari/525.13"
162.158.239.50 - - [17/Nov/2022:08:54:38 +0100] "GET / HTTP/1.1" 200 3279 "-" "Mozilla/5.0 (Windows; U; Windows NT 5.1; en-US) AppleWebKit/525.13 (KHTML, like Gecko) Chrome/0.A.B.C Safari/525.13"
172.69.210.134 - - [17/Nov/2022:08:55:07 +0100] "GET / HTTP/1.1" 304 0 "https://www.ewane.krd/" "Mozilla/5.0 (Linux; Android 12; vivo 1920) AppleWebKit/537.36 (KHTML, like Gecko) Chrome/107.0.0.0 Mobile Safari/537.36"
172.69.210.134 - - [17/Nov/2022:08:55:07 +0100] "GET / HTTP/1.0" 200 754 "https://www.ewane.krd/" "Mozilla/5.0 (Linux; Android 12; vivo 1920) AppleWebKit/537.36 (KHTML, like Gecko) Chrome/107.0.0.0 Mobile Safari/537.36"
162.158.182.47 - - [17/Nov/2022:08:55:08 +0100] "GET /Librarys/Css/bootstrap.min.css?v53400.002 HTTP/1.0" 200 773 "https://e-ktebxana.krd/" "Mozilla/5.0 (Linux; Android 12; vivo 1920) AppleWebKit/537.36 (KHTML, like Gecko) Chrome/107.0.0.0 Mobile Safari/537.36"
162.158.182.94 - - [17/Nov/2022:08:55:08 +0100] "GET /Librarys/Css/telInput.css?v344 HTTP/1.0" 404 3845 "https://e-ktebxana.krd/" "Mozilla/5.0 (Linux; Android 12; vivo 1920) AppleWebKit/537.36 (KHTML, like Gecko) Chrome/107.0.0.0 Mobile Safari/537.36"
162.158.183.229 - - [17/Nov/2022:08:55:08 +0100] "GET /Librarys/Css/jsTree.css HTTP/1.0" 200 2215 "https://e-ktebxana.krd/" "Mozilla/5.0 (Linux; Android 12; vivo 1920) AppleWebKit/537.36 (KHTML, like Gecko) Chrome/107.0.0.0 Mobile Safari/537.36"
172.68.183.42 - - [17/Nov/2022:08:55:08 +0100] "GET /Librarys/Css/dropzone.css HTTP/1.0" 200 768 "https://e-ktebxana.krd/" "Mozilla/5.0 (Linux; Android 12; vivo 1920) AppleWebKit/537.36 (KHTML, like Gecko) Chrome/107.0.0.0 Mobile Safari/537.36"
162.158.182.47 - - [17/Nov/2022:08:55:08 +0100] "GET /Librarys/Css/bootstrap.min.css?v53400.002 HTTP/1.1" 304 0 "https://e-ktebxana.krd/" "Mozilla/5.0 (Linux; Android 12; vivo 1920) AppleWebKit/537.36 (KHTML, like Gecko) Chrome/107.0.0.0 Mobile Safari/537.36"
162.158.183.229 - - [17/Nov/2022:08:55:08 +0100] "GET /Librarys/Css/jsTree.css HTTP/1.1" 304 0 "https://e-ktebxana.krd/" "Mozilla/5.0 (Linux; Android 12; vivo 1920) AppleWebKit/537.36 (KHTML, like Gecko) Chrome/107.0.0.0 Mobile Safari/537.36"
172.68.183.42 - - [17/Nov/2022:08:55:08 +0100] "GET /Librarys/Css/dropzone.css HTTP/1.1" 304 0 "https://e-ktebxana.krd/" "Mozilla/5.0 (Linux; Android 12; vivo 1920) AppleWebKit/537.36 (KHTML, like Gecko) Chrome/107.0.0.0 Mobile Safari/537.36"
162.158.183.206 - - [17/Nov/2022:08:55:09 +0100] "GET /Librarys/Js/bootstrap.min.js HTTP/1.1" 304 0 "https://e-ktebxana.krd/" "Mozilla/5.0 (Linux; Android 12; vivo 1920) AppleWebKit/537.36 (KHTML, like Gecko) Chrome/107.0.0.0 Mobile Safari/537.36"
162.158.182.17 - - [17/Nov/2022:08:55:09 +0100] "GET /Librarys/Js/jstree.min.js?v34 HTTP/1.1" 304 0 "https://e-ktebxana.krd/" "Mozilla/5.0 (Linux; Android 12; vivo 1920) AppleWebKit/537.36 (KHTML, like Gecko) Chrome/107.0.0.0 Mobile Safari/537.36"
162.158.183.208 - - [17/Nov/2022:08:55:09 +0100] "GET /Librarys/Js/dropzone.js?v34453322 HTTP/1.1" 304 0 "https://e-ktebxana.krd/" "Mozilla/5.0 (Linux; Android 12; vivo 1920) AppleWebKit/537.36 (KHTML, like Gecko) Chrome/107.0.0.0 Mobile Safari/537.36"
162.158.183.192 - - [17/Nov/2022:08:55:09 +0100] "GET /Librarys/Js/jquery-ui.min.js HTTP/1.1" 304 0 "https://e-ktebxana.krd/" "Mozilla/5.0 (Linux; Android 12; vivo 1920) AppleWebKit/537.36 (KHTML, like Gecko) Chrome/107.0.0.0 Mobile Safari/537.36"
172.68.183.65 - - [17/Nov/2022:08:55:09 +0100] "GET /Librarys/Js/jquery.min.js HTTP/1.1" 304 0 "https://e-ktebxana.krd/" "Mozilla/5.0 (Linux; Android 12; vivo 1920) AppleWebKit/537.36 (KHTML, like Gecko) Chrome/107.0.0.0 Mobile Safari/537.36"
162.158.183.181 - - [17/Nov/2022:08:55:09 +0100] "GET /Librarys/Js/Functions.js?v54001.009 HTTP/1.1" 304 0 "https://e-ktebxana.krd/" "Mozilla/5.0 (Linux; Android 12; vivo 1920) AppleWebKit/537.36 (KHTML, like Gecko) Chrome/107.0.0.0 Mobile Safari/537.36"
172.68.183.15 - - [17/Nov/2022:08:55:09 +0100] "GET /Librarys/Css/Main.css?v=874445515 HTTP/1.1" 200 119454 "https://e-ktebxana.krd/" "Mozilla/5.0 (Linux; Android 12; vivo 1920) AppleWebKit/537.36 (KHTML, like Gecko) Chrome/107.0.0.0 Mobile Safari/537.36"
162.158.183.225 - - [17/Nov/2022:08:55:09 +0100] "GET /Librarys/Js/Main.js?v874445515 HTTP/1.1" 200 38605 "https://e-ktebxana.krd/" "Mozilla/5.0 (Linux; Android 12; vivo 1920) AppleWebKit/537.36 (KHTML, like Gecko) Chrome/107.0.0.0 Mobile Safari/537.36"
162.158.183.228 - - [17/Nov/2022:08:55:09 +0100] "GET /Librarys/Img/eLoading.gif HTTP/1.1" 304 0 "https://e-ktebxana.krd/" "Mozilla/5.0 (Linux; Android 12; vivo 1920) AppleWebKit/537.36 (KHTML, like Gecko) Chrome/107.0.0.0 Mobile Safari/537.36"
162.158.183.206 - - [17/Nov/2022:08:55:09 +0100] "GET /Librarys/Js/bootstrap.min.js HTTP/1.0" 200 785 "https://e-ktebxana.krd/" "Mozilla/5.0 (Linux; Android 12; vivo 1920) AppleWebKit/537.36 (KHTML, like Gecko) Chrome/107.0.0.0 Mobile Safari/537.36"
162.158.182.17 - - [17/Nov/2022:08:55:09 +0100] "GET /Librarys/Js/jstree.min.js?v34 HTTP/1.0" 200 782 "https://e-ktebxana.krd/" "Mozilla/5.0 (Linux; Android 12; vivo 1920) AppleWebKit/537.36 (KHTML, like Gecko) Chrome/107.0.0.0 Mobile Safari/537.36"
162.158.183.208 - - [17/Nov/2022:08:55:09 +0100] "GET /Librarys/Js/dropzone.js?v34453322 HTTP/1.0" 200 2229 "https://e-ktebxana.krd/" "Mozilla/5.0 (Linux; Android 12; vivo 1920) AppleWebKit/537.36 (KHTML, like Gecko) Chrome/107.0.0.0 Mobile Safari/537.36"
162.158.183.192 - - [17/Nov/2022:08:55:09 +0100] "GET /Librarys/Js/jquery-ui.min.js HTTP/1.0" 200 785 "https://e-ktebxana.krd/" "Mozilla/5.0 (Linux; Android 12; vivo 1920) AppleWebKit/537.36 (KHTML, like Gecko) Chrome/107.0.0.0 Mobile Safari/537.36"
172.68.183.65 - - [17/Nov/2022:08:55:09 +0100] "GET /Librarys/Js/jquery.min.js HTTP/1.0" 200 782 "https://e-ktebxana.krd/" "Mozilla/5.0 (Linux; Android 12; vivo 1920) AppleWebKit/537.36 (KHTML, like Gecko) Chrome/107.0.0.0 Mobile Safari/537.36"
172.68.182.147 - - [17/Nov/2022:08:55:09 +0100] "GET /Librarys/Js/Cookie.js?v500.001 HTTP/1.0" 200 1314 "https://e-ktebxana.krd/" "Mozilla/5.0 (Linux; Android 12; vivo 1920) AppleWebKit/537.36 (KHTML, like Gecko) Chrome/107.0.0.0 Mobile Safari/537.36"
162.158.183.181 - - [17/Nov/2022:08:55:09 +0100] "GET /Librarys/Js/Functions.js?v54001.009 HTTP/1.0" 200 781 "https://e-ktebxana.krd/" "Mozilla/5.0 (Linux; Android 12; vivo 1920) AppleWebKit/537.36 (KHTML, like Gecko) Chrome/107.0.0.0 Mobile Safari/537.36"
162.158.183.237 - - [17/Nov/2022:08:55:09 +0100] "GET /favicon.ico HTTP/1.0" 404 3845 "https://e-ktebxana.krd/" "Mozilla/5.0 (Linux; Android 12; vivo 1920) AppleWebKit/537.36 (KHTML, like Gecko) Chrome/107.0.0.0 Mobile Safari/537.36"
172.68.183.15 - - [17/Nov/2022:08:55:09 +0100] "GET /Librarys/Css/Main.css?v=874445515 HTTP/1.0" 200 764 "https://e-ktebxana.krd/" "Mozilla/5.0 (Linux; Android 12; vivo 1920) AppleWebKit/537.36 (KHTML, like Gecko) Chrome/107.0.0.0 Mobile Safari/537.36"
162.158.183.225 - - [17/Nov/2022:08:55:09 +0100] "GET /Librarys/Js/Main.js?v874445515 HTTP/1.0" 200 776 "https://e-ktebxana.krd/" "Mozilla/5.0 (Linux; Android 12; vivo 1920) AppleWebKit/537.36 (KHTML, like Gecko) Chrome/107.0.0.0 Mobile Safari/537.36"
172.69.210.134 - - [17/Nov/2022:08:55:09 +0100] "POST /Librarys/Language/AllLang.json HTTP/1.0" 200 16401 "https://e-ktebxana.krd/" "Mozilla/5.0 (Linux; Android 12; vivo 1920) AppleWebKit/537.36 (KHTML, like Gecko) Chrome/107.0.0.0 Mobile Safari/537.36"
172.69.210.134 - - [17/Nov/2022:08:55:09 +0100] "GET /login HTTP/1.0" 404 3845 "https://e-ktebxana.krd/" "Mozilla/5.0 (Linux; Android 12; vivo 1920) AppleWebKit/537.36 (KHTML, like Gecko) Chrome/107.0.0.0 Mobile Safari/537.36"
162.158.183.228 - - [17/Nov/2022:08:55:09 +0100] "GET /Librarys/Img/eLoading.gif HTTP/1.0" 200 769 "https://e-ktebxana.krd/" "Mozilla/5.0 (Linux; Android 12; vivo 1920) AppleWebKit/537.36 (KHTML, like Gecko) Chrome/107.0.0.0 Mobile Safari/537.36"
172.68.183.9 - - [17/Nov/2022:08:55:10 +0100] "GET /Librarys/Css/Tellinput.css?v100.0034 HTTP/1.0" 200 769 "https://e-ktebxana.krd/login" "Mozilla/5.0 (Linux; Android 12; vivo 1920) AppleWebKit/537.36 (KHTML, like Gecko) Chrome/107.0.0.0 Mobile Safari/537.36"
162.158.183.180 - - [17/Nov/2022:08:55:10 +0100] "GET /Librarys/Css/audioplayer.css?v45 HTTP/1.0" 200 771 "https://e-ktebxana.krd/login" "Mozilla/5.0 (Linux; Android 12; vivo 1920) AppleWebKit/537.36 (KHTML, like Gecko) Chrome/107.0.0.0 Mobile Safari/537.36"
172.68.182.123 - - [17/Nov/2022:08:55:10 +0100] "GET /Librarys/Js/dropzone.js?v6000.0009 HTTP/1.0" 200 780 "https://e-ktebxana.krd/login" "Mozilla/5.0 (Linux; Android 12; vivo 1920) AppleWebKit/537.36 (KHTML, like Gecko) Chrome/107.0.0.0 Mobile Safari/537.36"
162.158.182.70 - - [17/Nov/2022:08:55:10 +0100] "GET /Librarys/Js/Chart.js?v500.001 HTTP/1.0" 200 777 "https://e-ktebxana.krd/login" "Mozilla/5.0 (Linux; Android 12; vivo 1920) AppleWebKit/537.36 (KHTML, like Gecko) Chrome/107.0.0.0 Mobile Safari/537.36"
162.158.182.56 - - [17/Nov/2022:08:55:10 +0100] "GET /Librarys/Js/audioplayer.js HTTP/1.0" 200 783 "https://e-ktebxana.krd/login" "Mozilla/5.0 (Linux; Android 12; vivo 1920) AppleWebKit/537.36 (KHTML, like Gecko) Chrome/107.0.0.0 Mobile Safari/537.36"
172.68.183.8 - - [17/Nov/2022:08:55:10 +0100] "GET /Librarys/Css/Main.css?v=749953705 HTTP/1.0" 200 764 "https://e-ktebxana.krd/login" "Mozilla/5.0 (Linux; Android 12; vivo 1920) AppleWebKit/537.36 (KHTML, like Gecko) Chrome/107.0.0.0 Mobile Safari/537.36"
162.158.183.208 - - [17/Nov/2022:08:55:10 +0100] "GET /Librarys/Js/Main.js?v749953705 HTTP/1.0" 200 776 "https://e-ktebxana.krd/login" "Mozilla/5.0 (Linux; Android 12; vivo 1920) AppleWebKit/537.36 (KHTML, like Gecko) Chrome/107.0.0.0 Mobile Safari/537.36"
172.68.183.9 - - [17/Nov/2022:08:55:10 +0100] "GET /Librarys/Css/Tellinput.css?v100.0034 HTTP/1.1" 304 0 "https://e-ktebxana.krd/login" "Mozilla/5.0 (Linux; Android 12; vivo 1920) AppleWebKit/537.36 (KHTML, like Gecko) Chrome/107.0.0.0 Mobile Safari/537.36"
162.158.183.180 - - [17/Nov/2022:08:55:10 +0100] "GET /Librarys/Css/audioplayer.css?v45 HTTP/1.1" 304 0 "https://e-ktebxana.krd/login" "Mozilla/5.0 (Linux; Android 12; vivo 1920) AppleWebKit/537.36 (KHTML, like Gecko) Chrome/107.0.0.0 Mobile Safari/537.36"
172.68.182.123 - - [17/Nov/2022:08:55:10 +0100] "GET /Librarys/Js/dropzone.js?v6000.0009 HTTP/1.1" 304 0 "https://e-ktebxana.krd/login" "Mozilla/5.0 (Linux; Android 12; vivo 1920) AppleWebKit/537.36 (KHTML, like Gecko) Chrome/107.0.0.0 Mobile Safari/537.36"
162.158.182.70 - - [17/Nov/2022:08:55:10 +0100] "GET /Librarys/Js/Chart.js?v500.001 HTTP/1.1" 304 0 "https://e-ktebxana.krd/login" "Mozilla/5.0 (Linux; Android 12; vivo 1920) AppleWebKit/537.36 (KHTML, like Gecko) Chrome/107.0.0.0 Mobile Safari/537.36"
162.158.182.56 - - [17/Nov/2022:08:55:10 +0100] "GET /Librarys/Js/audioplayer.js HTTP/1.1" 304 0 "https://e-ktebxana.krd/login" "Mozilla/5.0 (Linux; Android 12; vivo 1920) AppleWebKit/537.36 (KHTML, like Gecko) Chrome/107.0.0.0 Mobile Safari/537.36"
172.68.183.8 - - [17/Nov/2022:08:55:10 +0100] "GET /Librarys/Css/Main.css?v=749953705 HTTP/1.1" 200 119454 "https://e-ktebxana.krd/login" "Mozilla/5.0 (Linux; Android 12; vivo 1920) AppleWebKit/537.36 (KHTML, like Gecko) Chrome/107.0.0.0 Mobile Safari/537.36"
162.158.183.208 - - [17/Nov/2022:08:55:10 +0100] "GET /Librarys/Js/Main.js?v749953705 HTTP/1.1" 200 38605 "https://e-ktebxana.krd/login" "Mozilla/5.0 (Linux; Android 12; vivo 1920) AppleWebKit/537.36 (KHTML, like Gecko) Chrome/107.0.0.0 Mobile Safari/537.36"
162.158.182.11 - - [17/Nov/2022:08:55:11 +0100] "GET /Librarys/Img/background.190f80a9.png HTTP/1.1" 304 0 "https://e-ktebxana.krd/Librarys/Css/Main.css?v=749953705" "Mozilla/5.0 (Linux; Android 12; vivo 1920) AppleWebKit/537.36 (KHTML, like Gecko) Chrome/107.0.0.0 Mobile Safari/537.36"
172.69.210.134 - - [17/Nov/2022:08:55:11 +0100] "POST /Librarys/Language/AllLang.json HTTP/1.0" 200 16401 "https://e-ktebxana.krd/login" "Mozilla/5.0 (Linux; Android 12; vivo 1920) AppleWebKit/537.36 (KHTML, like Gecko) Chrome/107.0.0.0 Mobile Safari/537.36"
162.158.182.11 - - [17/Nov/2022:08:55:11 +0100] "GET /Librarys/Img/background.190f80a9.png HTTP/1.0" 200 780 "https://e-ktebxana.krd/Librarys/Css/Main.css?v=749953705" "Mozilla/5.0 (Linux; Android 12; vivo 1920) AppleWebKit/537.36 (KHTML, like Gecko) Chrome/107.0.0.0 Mobile Safari/537.36"
172.68.183.62 - - [17/Nov/2022:08:55:44 +0100] "GET /Librarys/Css/Main.css?v=297357156 HTTP/1.0" 200 764 "https://e-ktebxana.krd/" "Mozilla/5.0 (Linux; Android 12; vivo 1920) AppleWebKit/537.36 (KHTML, like Gecko) Chrome/107.0.0.0 Mobile Safari/537.36"
162.158.182.91 - - [17/Nov/2022:08:55:44 +0100] "GET /Librarys/Js/Main.js?v297357156 HTTP/1.0" 200 776 "https://e-ktebxana.krd/" "Mozilla/5.0 (Linux; Android 12; vivo 1920) AppleWebKit/537.36 (KHTML, like Gecko) Chrome/107.0.0.0 Mobile Safari/537.36"
172.69.210.134 - - [17/Nov/2022:08:55:44 +0100] "POST /Librarys/Language/AllLang.json HTTP/1.0" 200 16401 "https://e-ktebxana.krd/" "Mozilla/5.0 (Linux; Android 12; vivo 1920) AppleWebKit/537.36 (KHTML, like Gecko) Chrome/107.0.0.0 Mobile Safari/537.36"
172.69.210.134 - - [17/Nov/2022:08:55:44 +0100] "GET /login HTTP/1.0" 404 3845 "https://e-ktebxana.krd/" "Mozilla/5.0 (Linux; Android 12; vivo 1920) AppleWebKit/537.36 (KHTML, like Gecko) Chrome/107.0.0.0 Mobile Safari/537.36"
172.68.183.50 - - [17/Nov/2022:08:55:44 +0100] "GET /Librarys/Css/Main.css?v=961756975 HTTP/1.0" 200 764 "https://e-ktebxana.krd/login" "Mozilla/5.0 (Linux; Android 12; vivo 1920) AppleWebKit/537.36 (KHTML, like Gecko) Chrome/107.0.0.0 Mobile Safari/537.36"
172.68.182.145 - - [17/Nov/2022:08:55:44 +0100] "GET /Librarys/Js/Main.js?v961756975 HTTP/1.0" 200 776 "https://e-ktebxana.krd/login" "Mozilla/5.0 (Linux; Android 12; vivo 1920) AppleWebKit/537.36 (KHTML, like Gecko) Chrome/107.0.0.0 Mobile Safari/537.36"
172.68.183.62 - - [17/Nov/2022:08:55:44 +0100] "GET /Librarys/Css/Main.css?v=297357156 HTTP/1.1" 200 119454 "https://e-ktebxana.krd/" "Mozilla/5.0 (Linux; Android 12; vivo 1920) AppleWebKit/537.36 (KHTML, like Gecko) Chrome/107.0.0.0 Mobile Safari/537.36"
162.158.182.91 - - [17/Nov/2022:08:55:44 +0100] "GET /Librarys/Js/Main.js?v297357156 HTTP/1.1" 200 38605 "https://e-ktebxana.krd/" "Mozilla/5.0 (Linux; Android 12; vivo 1920) AppleWebKit/537.36 (KHTML, like Gecko) Chrome/107.0.0.0 Mobile Safari/537.36"
172.68.183.50 - - [17/Nov/2022:08:55:44 +0100] "GET /Librarys/Css/Main.css?v=961756975 HTTP/1.1" 200 119454 "https://e-ktebxana.krd/login" "Mozilla/5.0 (Linux; Android 12; vivo 1920) AppleWebKit/537.36 (KHTML, like Gecko) Chrome/107.0.0.0 Mobile Safari/537.36"
172.68.182.145 - - [17/Nov/2022:08:55:44 +0100] "GET /Librarys/Js/Main.js?v961756975 HTTP/1.1" 200 38605 "https://e-ktebxana.krd/login" "Mozilla/5.0 (Linux; Android 12; vivo 1920) AppleWebKit/537.36 (KHTML, like Gecko) Chrome/107.0.0.0 Mobile Safari/537.36"
172.69.210.134 - - [17/Nov/2022:08:55:45 +0100] "POST /Librarys/Language/AllLang.json HTTP/1.0" 200 16401 "https://e-ktebxana.krd/login" "Mozilla/5.0 (Linux; Android 12; vivo 1920) AppleWebKit/537.36 (KHTML, like Gecko) Chrome/107.0.0.0 Mobile Safari/537.36"
162.158.183.185 - - [17/Nov/2022:08:55:59 +0100] "GET /Librarys/Css/Main.css?v=782078856 HTTP/1.0" 200 764 "https://e-ktebxana.krd/" "Mozilla/5.0 (Linux; Android 12; vivo 1920) AppleWebKit/537.36 (KHTML, like Gecko) Chrome/107.0.0.0 Mobile Safari/537.36"
172.68.183.29 - - [17/Nov/2022:08:55:59 +0100] "GET /Librarys/Js/Main.js?v782078856 HTTP/1.0" 200 776 "https://e-ktebxana.krd/" "Mozilla/5.0 (Linux; Android 12; vivo 1920) AppleWebKit/537.36 (KHTML, like Gecko) Chrome/107.0.0.0 Mobile Safari/537.36"
162.158.183.185 - - [17/Nov/2022:08:55:59 +0100] "GET /Librarys/Css/Main.css?v=782078856 HTTP/1.1" 200 119454 "https://e-ktebxana.krd/" "Mozilla/5.0 (Linux; Android 12; vivo 1920) AppleWebKit/537.36 (KHTML, like Gecko) Chrome/107.0.0.0 Mobile Safari/537.36"
172.68.183.29 - - [17/Nov/2022:08:55:59 +0100] "GET /Librarys/Js/Main.js?v782078856 HTTP/1.1" 200 38605 "https://e-ktebxana.krd/" "Mozilla/5.0 (Linux; Android 12; vivo 1920) AppleWebKit/537.36 (KHTML, like Gecko) Chrome/107.0.0.0 Mobile Safari/537.36"
172.68.183.33 - - [17/Nov/2022:08:56:00 +0100] "GET /Librarys/Css/Main.css?v=134043 HTTP/1.1" 200 119454 "https://e-ktebxana.krd/login" "Mozilla/5.0 (Linux; Android 12; vivo 1920) AppleWebKit/537.36 (KHTML, like Gecko) Chrome/107.0.0.0 Mobile Safari/537.36"
172.68.182.145 - - [17/Nov/2022:08:56:00 +0100] "GET /Librarys/Js/Main.js?v134043 HTTP/1.1" 200 38605 "https://e-ktebxana.krd/login" "Mozilla/5.0 (Linux; Android 12; vivo 1920) AppleWebKit/537.36 (KHTML, like Gecko) Chrome/107.0.0.0 Mobile Safari/537.36"
172.69.210.134 - - [17/Nov/2022:08:56:00 +0100] "POST /Librarys/Language/AllLang.json HTTP/1.0" 200 16401 "https://e-ktebxana.krd/" "Mozilla/5.0 (Linux; Android 12; vivo 1920) AppleWebKit/537.36 (KHTML, like Gecko) Chrome/107.0.0.0 Mobile Safari/537.36"
172.69.210.134 - - [17/Nov/2022:08:56:00 +0100] "GET /login HTTP/1.0" 404 3845 "https://e-ktebxana.krd/" "Mozilla/5.0 (Linux; Android 12; vivo 1920) AppleWebKit/537.36 (KHTML, like Gecko) Chrome/107.0.0.0 Mobile Safari/537.36"
172.68.183.33 - - [17/Nov/2022:08:56:00 +0100] "GET /Librarys/Css/Main.css?v=134043 HTTP/1.0" 200 764 "https://e-ktebxana.krd/login" "Mozilla/5.0 (Linux; Android 12; vivo 1920) AppleWebKit/537.36 (KHTML, like Gecko) Chrome/107.0.0.0 Mobile Safari/537.36"
172.68.182.145 - - [17/Nov/2022:08:56:00 +0100] "GET /Librarys/Js/Main.js?v134043 HTTP/1.0" 200 776 "https://e-ktebxana.krd/login" "Mozilla/5.0 (Linux; Android 12; vivo 1920) AppleWebKit/537.36 (KHTML, like Gecko) Chrome/107.0.0.0 Mobile Safari/537.36"
172.69.210.134 - - [17/Nov/2022:08:56:00 +0100] "POST /Librarys/Language/AllLang.json HTTP/1.0" 200 16401 "https://e-ktebxana.krd/login" "Mozilla/5.0 (Linux; Android 12; vivo 1920) AppleWebKit/537.36 (KHTML, like Gecko) Chrome/107.0.0.0 Mobile Safari/537.36"
162.158.239.49 - - [17/Nov/2022:08:57:38 +0100] "GET / HTTP/1.0" 200 754 "-" "Mozilla/5.0 (Windows; U; Windows NT 5.1; en-US) AppleWebKit/525.13 (KHTML, like Gecko) Chrome/0.A.B.C Safari/525.13"
162.158.239.49 - - [17/Nov/2022:08:57:38 +0100] "GET / HTTP/1.1" 200 3279 "-" "Mozilla/5.0 (Windows; U; Windows NT 5.1; en-US) AppleWebKit/525.13 (KHTML, like Gecko) Chrome/0.A.B.C Safari/525.13"
162.158.239.6 - - [17/Nov/2022:09:00:38 +0100] "GET / HTTP/1.1" 200 3279 "-" "Mozilla/5.0 (Windows; U; Windows NT 5.1; en-US) AppleWebKit/525.13 (KHTML, like Gecko) Chrome/0.A.B.C Safari/525.13"
162.158.239.6 - - [17/Nov/2022:09:00:38 +0100] "GET / HTTP/1.0" 200 754 "-" "Mozilla/5.0 (Windows; U; Windows NT 5.1; en-US) AppleWebKit/525.13 (KHTML, like Gecko) Chrome/0.A.B.C Safari/525.13"
162.158.239.23 - - [17/Nov/2022:09:03:40 +0100] "GET / HTTP/1.0" 200 754 "-" "Mozilla/5.0 (Windows; U; Windows NT 5.1; en-US) AppleWebKit/525.13 (KHTML, like Gecko) Chrome/0.A.B.C Safari/525.13"
162.158.239.23 - - [17/Nov/2022:09:03:40 +0100] "GET / HTTP/1.1" 200 3279 "-" "Mozilla/5.0 (Windows; U; Windows NT 5.1; en-US) AppleWebKit/525.13 (KHTML, like Gecko) Chrome/0.A.B.C Safari/525.13"
162.158.238.213 - - [17/Nov/2022:09:06:36 +0100] "GET / HTTP/1.1" 200 3279 "-" "Mozilla/5.0 (Windows; U; Windows NT 5.1; en-US) AppleWebKit/525.13 (KHTML, like Gecko) Chrome/0.A.B.C Safari/525.13"
162.158.238.213 - - [17/Nov/2022:09:06:36 +0100] "GET / HTTP/1.0" 200 754 "-" "Mozilla/5.0 (Windows; U; Windows NT 5.1; en-US) AppleWebKit/525.13 (KHTML, like Gecko) Chrome/0.A.B.C Safari/525.13"
162.158.238.212 - - [17/Nov/2022:09:09:37 +0100] "GET / HTTP/1.0" 200 754 "-" "Mozilla/5.0 (Windows; U; Windows NT 5.1; en-US) AppleWebKit/525.13 (KHTML, like Gecko) Chrome/0.A.B.C Safari/525.13"
162.158.238.212 - - [17/Nov/2022:09:09:37 +0100] "GET / HTTP/1.1" 200 3279 "-" "Mozilla/5.0 (Windows; U; Windows NT 5.1; en-US) AppleWebKit/525.13 (KHTML, like Gecko) Chrome/0.A.B.C Safari/525.13"
162.158.239.50 - - [17/Nov/2022:09:12:38 +0100] "GET / HTTP/1.1" 200 3279 "-" "Mozilla/5.0 (Windows; U; Windows NT 5.1; en-US) AppleWebKit/525.13 (KHTML, like Gecko) Chrome/0.A.B.C Safari/525.13"
162.158.239.50 - - [17/Nov/2022:09:12:38 +0100] "GET / HTTP/1.0" 200 754 "-" "Mozilla/5.0 (Windows; U; Windows NT 5.1; en-US) AppleWebKit/525.13 (KHTML, like Gecko) Chrome/0.A.B.C Safari/525.13"
162.158.238.213 - - [17/Nov/2022:09:15:38 +0100] "GET / HTTP/1.0" 200 754 "-" "Mozilla/5.0 (Windows; U; Windows NT 5.1; en-US) AppleWebKit/525.13 (KHTML, like Gecko) Chrome/0.A.B.C Safari/525.13"
162.158.238.213 - - [17/Nov/2022:09:15:38 +0100] "GET / HTTP/1.1" 200 3279 "-" "Mozilla/5.0 (Windows; U; Windows NT 5.1; en-US) AppleWebKit/525.13 (KHTML, like Gecko) Chrome/0.A.B.C Safari/525.13"
162.158.239.50 - - [17/Nov/2022:09:18:38 +0100] "GET / HTTP/1.1" 200 3279 "-" "Mozilla/5.0 (Windows; U; Windows NT 5.1; en-US) AppleWebKit/525.13 (KHTML, like Gecko) Chrome/0.A.B.C Safari/525.13"
162.158.239.50 - - [17/Nov/2022:09:18:38 +0100] "GET / HTTP/1.0" 200 754 "-" "Mozilla/5.0 (Windows; U; Windows NT 5.1; en-US) AppleWebKit/525.13 (KHTML, like Gecko) Chrome/0.A.B.C Safari/525.13"
162.158.239.50 - - [17/Nov/2022:09:21:40 +0100] "GET / HTTP/1.0" 200 754 "-" "Mozilla/5.0 (Windows; U; Windows NT 5.1; en-US) AppleWebKit/525.13 (KHTML, like Gecko) Chrome/0.A.B.C Safari/525.13"
162.158.239.50 - - [17/Nov/2022:09:21:40 +0100] "GET / HTTP/1.1" 200 3279 "-" "Mozilla/5.0 (Windows; U; Windows NT 5.1; en-US) AppleWebKit/525.13 (KHTML, like Gecko) Chrome/0.A.B.C Safari/525.13"
162.158.239.50 - - [17/Nov/2022:09:24:37 +0100] "GET / HTTP/1.1" 200 3279 "-" "Mozilla/5.0 (Windows; U; Windows NT 5.1; en-US) AppleWebKit/525.13 (KHTML, like Gecko) Chrome/0.A.B.C Safari/525.13"
162.158.239.50 - - [17/Nov/2022:09:24:37 +0100] "GET / HTTP/1.0" 200 754 "-" "Mozilla/5.0 (Windows; U; Windows NT 5.1; en-US) AppleWebKit/525.13 (KHTML, like Gecko) Chrome/0.A.B.C Safari/525.13"
172.71.98.52 - - [17/Nov/2022:09:26:35 +0100] "GET / HTTP/1.0" 200 754 "-" "Mozilla/5.0 (iPhone; CPU iPhone OS 16_1 like Mac OS X) AppleWebKit/605.1.15 (KHTML, like Gecko) CriOS/107.0.5304.101 Mobile/15E148 Safari/604.1"
162.158.182.94 - - [17/Nov/2022:09:26:35 +0100] "GET /Librarys/Css/telInput.css?v344 HTTP/1.0" 404 3845 "https://e-ktebxana.krd/" "Mozilla/5.0 (iPhone; CPU iPhone OS 16_1 like Mac OS X) AppleWebKit/605.1.15 (KHTML, like Gecko) CriOS/107.0.5304.101 Mobile/15E148 Safari/604.1"
162.158.182.60 - - [17/Nov/2022:09:26:35 +0100] "GET /Librarys/Css/Main.css?v=242182060 HTTP/1.0" 200 764 "https://e-ktebxana.krd/" "Mozilla/5.0 (iPhone; CPU iPhone OS 16_1 like Mac OS X) AppleWebKit/605.1.15 (KHTML, like Gecko) CriOS/107.0.5304.101 Mobile/15E148 Safari/604.1"
162.158.183.238 - - [17/Nov/2022:09:26:35 +0100] "GET /favicon.ico HTTP/1.0" 404 3845 "-" "Mozilla/5.0 (iPhone; CPU iPhone OS 16_1 like Mac OS X) AppleWebKit/605.1.15 (KHTML, like Gecko) CriOS/107.0.5304.101 Mobile/15E148 Safari/604.1"
172.71.98.52 - - [17/Nov/2022:09:26:35 +0100] "GET / HTTP/1.1" 200 3279 "-" "Mozilla/5.0 (iPhone; CPU iPhone OS 16_1 like Mac OS X) AppleWebKit/605.1.15 (KHTML, like Gecko) CriOS/107.0.5304.101 Mobile/15E148 Safari/604.1"
162.158.182.60 - - [17/Nov/2022:09:26:35 +0100] "GET /Librarys/Css/Main.css?v=242182060 HTTP/1.1" 200 119454 "https://e-ktebxana.krd/" "Mozilla/5.0 (iPhone; CPU iPhone OS 16_1 like Mac OS X) AppleWebKit/605.1.15 (KHTML, like Gecko) CriOS/107.0.5304.101 Mobile/15E148 Safari/604.1"
162.158.182.58 - - [17/Nov/2022:09:26:36 +0100] "GET /Librarys/Js/Main.js?v242182060 HTTP/1.1" 200 38605 "https://e-ktebxana.krd/" "Mozilla/5.0 (iPhone; CPU iPhone OS 16_1 like Mac OS X) AppleWebKit/605.1.15 (KHTML, like Gecko) CriOS/107.0.5304.101 Mobile/15E148 Safari/604.1"
162.158.182.84 - - [17/Nov/2022:09:26:36 +0100] "GET /Librarys/Css/Main.css?v=964208288 HTTP/1.1" 200 119454 "https://e-ktebxana.krd/login" "Mozilla/5.0 (iPhone; CPU iPhone OS 16_1 like Mac OS X) AppleWebKit/605.1.15 (KHTML, like Gecko) CriOS/107.0.5304.101 Mobile/15E148 Safari/604.1"
162.158.182.58 - - [17/Nov/2022:09:26:36 +0100] "GET /Librarys/Js/Main.js?v242182060 HTTP/1.0" 200 776 "https://e-ktebxana.krd/" "Mozilla/5.0 (iPhone; CPU iPhone OS 16_1 like Mac OS X) AppleWebKit/605.1.15 (KHTML, like Gecko) CriOS/107.0.5304.101 Mobile/15E148 Safari/604.1"
172.71.98.52 - - [17/Nov/2022:09:26:36 +0100] "POST /Librarys/Language/AllLang.json HTTP/1.0" 200 16401 "https://e-ktebxana.krd/" "Mozilla/5.0 (iPhone; CPU iPhone OS 16_1 like Mac OS X) AppleWebKit/605.1.15 (KHTML, like Gecko) CriOS/107.0.5304.101 Mobile/15E148 Safari/604.1"
172.71.98.52 - - [17/Nov/2022:09:26:36 +0100] "GET /login HTTP/1.0" 404 3845 "https://e-ktebxana.krd/" "Mozilla/5.0 (iPhone; CPU iPhone OS 16_1 like Mac OS X) AppleWebKit/605.1.15 (KHTML, like Gecko) CriOS/107.0.5304.101 Mobile/15E148 Safari/604.1"
162.158.182.84 - - [17/Nov/2022:09:26:36 +0100] "GET /Librarys/Css/Main.css?v=964208288 HTTP/1.0" 200 764 "https://e-ktebxana.krd/login" "Mozilla/5.0 (iPhone; CPU iPhone OS 16_1 like Mac OS X) AppleWebKit/605.1.15 (KHTML, like Gecko) CriOS/107.0.5304.101 Mobile/15E148 Safari/604.1"
162.158.183.220 - - [17/Nov/2022:09:26:37 +0100] "GET /Librarys/Js/Main.js?v964208288 HTTP/1.0" 200 776 "https://e-ktebxana.krd/login" "Mozilla/5.0 (iPhone; CPU iPhone OS 16_1 like Mac OS X) AppleWebKit/605.1.15 (KHTML, like Gecko) CriOS/107.0.5304.101 Mobile/15E148 Safari/604.1"
172.71.98.52 - - [17/Nov/2022:09:26:37 +0100] "POST /Librarys/Language/AllLang.json HTTP/1.0" 200 16401 "https://e-ktebxana.krd/login" "Mozilla/5.0 (iPhone; CPU iPhone OS 16_1 like Mac OS X) AppleWebKit/605.1.15 (KHTML, like Gecko) CriOS/107.0.5304.101 Mobile/15E148 Safari/604.1"
162.158.183.220 - - [17/Nov/2022:09:26:37 +0100] "GET /Librarys/Js/Main.js?v964208288 HTTP/1.1" 200 38605 "https://e-ktebxana.krd/login" "Mozilla/5.0 (iPhone; CPU iPhone OS 16_1 like Mac OS X) AppleWebKit/605.1.15 (KHTML, like Gecko) CriOS/107.0.5304.101 Mobile/15E148 Safari/604.1"
172.68.182.243 - - [17/Nov/2022:09:26:43 +0100] "GET /Librarys/Css/Main.css?v=46396691 HTTP/1.1" 200 119454 "https://e-ktebxana.krd/" "Mozilla/5.0 (iPhone; CPU iPhone OS 16_1 like Mac OS X) AppleWebKit/605.1.15 (KHTML, like Gecko) CriOS/107.0.5304.101 Mobile/15E148 Safari/604.1"
162.158.183.178 - - [17/Nov/2022:09:26:43 +0100] "GET /Librarys/Js/Main.js?v46396691 HTTP/1.1" 200 38605 "https://e-ktebxana.krd/" "Mozilla/5.0 (iPhone; CPU iPhone OS 16_1 like Mac OS X) AppleWebKit/605.1.15 (KHTML, like Gecko) CriOS/107.0.5304.101 Mobile/15E148 Safari/604.1"
172.68.182.243 - - [17/Nov/2022:09:26:43 +0100] "GET /Librarys/Img/logo.svg?v534 HTTP/1.1" 304 0 "https://e-ktebxana.krd/" "Mozilla/5.0 (iPhone; CPU iPhone OS 16_1 like Mac OS X) AppleWebKit/605.1.15 (KHTML, like Gecko) CriOS/107.0.5304.101 Mobile/15E148 Safari/604.1"
162.158.183.170 - - [17/Nov/2022:09:26:43 +0100] "GET /Page/Dashboard/Student.js?710118453 HTTP/1.1" 200 9629 "https://e-ktebxana.krd/" "Mozilla/5.0 (iPhone; CPU iPhone OS 16_1 like Mac OS X) AppleWebKit/605.1.15 (KHTML, like Gecko) CriOS/107.0.5304.101 Mobile/15E148 Safari/604.1"
172.68.183.20 - - [17/Nov/2022:09:26:43 +0100] "GET /Librarys/Js/Chart.js HTTP/1.1" 304 0 "https://e-ktebxana.krd/" "Mozilla/5.0 (iPhone; CPU iPhone OS 16_1 like Mac OS X) AppleWebKit/605.1.15 (KHTML, like Gecko) CriOS/107.0.5304.101 Mobile/15E148 Safari/604.1"
162.158.182.80 - - [17/Nov/2022:09:26:43 +0100] "GET /Librarys/Img/chartAvatar01.jpg HTTP/1.1" 304 0 "https://e-ktebxana.krd/" "Mozilla/5.0 (iPhone; CPU iPhone OS 16_1 like Mac OS X) AppleWebKit/605.1.15 (KHTML, like Gecko) CriOS/107.0.5304.101 Mobile/15E148 Safari/604.1"
172.68.183.66 - - [17/Nov/2022:09:26:43 +0100] "GET /Librarys/Img/book.svg HTTP/1.1" 304 0 "https://e-ktebxana.krd/" "Mozilla/5.0 (iPhone; CPU iPhone OS 16_1 like Mac OS X) AppleWebKit/605.1.15 (KHTML, like Gecko) CriOS/107.0.5304.101 Mobile/15E148 Safari/604.1"
172.68.183.33 - - [17/Nov/2022:09:26:43 +0100] "GET /Librarys/Img/chartAvatar02.jpg HTTP/1.1" 304 0 "https://e-ktebxana.krd/" "Mozilla/5.0 (iPhone; CPU iPhone OS 16_1 like Mac OS X) AppleWebKit/605.1.15 (KHTML, like Gecko) CriOS/107.0.5304.101 Mobile/15E148 Safari/604.1"
172.68.182.243 - - [17/Nov/2022:09:26:43 +0100] "GET /Librarys/Css/Main.css?v=46396691 HTTP/1.0" 200 764 "https://e-ktebxana.krd/" "Mozilla/5.0 (iPhone; CPU iPhone OS 16_1 like Mac OS X) AppleWebKit/605.1.15 (KHTML, like Gecko) CriOS/107.0.5304.101 Mobile/15E148 Safari/604.1"
162.158.183.178 - - [17/Nov/2022:09:26:43 +0100] "GET /Librarys/Js/Main.js?v46396691 HTTP/1.0" 200 776 "https://e-ktebxana.krd/" "Mozilla/5.0 (iPhone; CPU iPhone OS 16_1 like Mac OS X) AppleWebKit/605.1.15 (KHTML, like Gecko) CriOS/107.0.5304.101 Mobile/15E148 Safari/604.1"
172.71.98.52 - - [17/Nov/2022:09:26:43 +0100] "POST /Librarys/Language/AllLang.json HTTP/1.0" 200 16401 "https://e-ktebxana.krd/" "Mozilla/5.0 (iPhone; CPU iPhone OS 16_1 like Mac OS X) AppleWebKit/605.1.15 (KHTML, like Gecko) CriOS/107.0.5304.101 Mobile/15E148 Safari/604.1"
172.68.182.243 - - [17/Nov/2022:09:26:43 +0100] "GET /Librarys/Img/logo.svg?v534 HTTP/1.0" 200 769 "https://e-ktebxana.krd/" "Mozilla/5.0 (iPhone; CPU iPhone OS 16_1 like Mac OS X) AppleWebKit/605.1.15 (KHTML, like Gecko) CriOS/107.0.5304.101 Mobile/15E148 Safari/604.1"
172.71.98.52 - - [17/Nov/2022:09:26:43 +0100] "POST /Librarys/Language/navLang_1011.json HTTP/1.0" 200 806 "https://e-ktebxana.krd/" "Mozilla/5.0 (iPhone; CPU iPhone OS 16_1 like Mac OS X) AppleWebKit/605.1.15 (KHTML, like Gecko) CriOS/107.0.5304.101 Mobile/15E148 Safari/604.1"
172.68.183.8 - - [17/Nov/2022:09:26:43 +0100] "GET /Page/Dashboard/index.js?133311896 HTTP/1.0" 200 1103 "https://e-ktebxana.krd/" "Mozilla/5.0 (iPhone; CPU iPhone OS 16_1 like Mac OS X) AppleWebKit/605.1.15 (KHTML, like Gecko) CriOS/107.0.5304.101 Mobile/15E148 Safari/604.1"
162.158.183.170 - - [17/Nov/2022:09:26:43 +0100] "GET /Page/Dashboard/Student.js?710118453 HTTP/1.0" 200 782 "https://e-ktebxana.krd/" "Mozilla/5.0 (iPhone; CPU iPhone OS 16_1 like Mac OS X) AppleWebKit/605.1.15 (KHTML, like Gecko) CriOS/107.0.5304.101 Mobile/15E148 Safari/604.1"
172.68.183.20 - - [17/Nov/2022:09:26:43 +0100] "GET /Librarys/Js/Chart.js HTTP/1.0" 200 777 "https://e-ktebxana.krd/" "Mozilla/5.0 (iPhone; CPU iPhone OS 16_1 like Mac OS X) AppleWebKit/605.1.15 (KHTML, like Gecko) CriOS/107.0.5304.101 Mobile/15E148 Safari/604.1"
162.158.182.80 - - [17/Nov/2022:09:26:43 +0100] "GET /Librarys/Img/chartAvatar01.jpg HTTP/1.0" 200 775 "https://e-ktebxana.krd/" "Mozilla/5.0 (iPhone; CPU iPhone OS 16_1 like Mac OS X) AppleWebKit/605.1.15 (KHTML, like Gecko) CriOS/107.0.5304.101 Mobile/15E148 Safari/604.1"
172.68.183.66 - - [17/Nov/2022:09:26:43 +0100] "GET /Librarys/Img/book.svg HTTP/1.0" 200 769 "https://e-ktebxana.krd/" "Mozilla/5.0 (iPhone; CPU iPhone OS 16_1 like Mac OS X) AppleWebKit/605.1.15 (KHTML, like Gecko) CriOS/107.0.5304.101 Mobile/15E148 Safari/604.1"
172.68.183.33 - - [17/Nov/2022:09:26:43 +0100] "GET /Librarys/Img/chartAvatar02.jpg HTTP/1.0" 200 775 "https://e-ktebxana.krd/" "Mozilla/5.0 (iPhone; CPU iPhone OS 16_1 like Mac OS X) AppleWebKit/605.1.15 (KHTML, like Gecko) CriOS/107.0.5304.101 Mobile/15E148 Safari/604.1"
172.71.98.52 - - [17/Nov/2022:09:26:47 +0100] "GET /student-library HTTP/1.0" 404 3845 "https://e-ktebxana.krd/" "Mozilla/5.0 (iPhone; CPU iPhone OS 16_1 like Mac OS X) AppleWebKit/605.1.15 (KHTML, like Gecko) CriOS/107.0.5304.101 Mobile/15E148 Safari/604.1"
162.158.182.63 - - [17/Nov/2022:09:26:47 +0100] "GET /Librarys/Css/Main.css?v=538203722 HTTP/1.0" 200 764 "https://e-ktebxana.krd/student-library" "Mozilla/5.0 (iPhone; CPU iPhone OS 16_1 like Mac OS X) AppleWebKit/605.1.15 (KHTML, like Gecko) CriOS/107.0.5304.101 Mobile/15E148 Safari/604.1"
162.158.183.239 - - [17/Nov/2022:09:26:47 +0100] "GET /Librarys/Js/Main.js?v538203722 HTTP/1.0" 200 776 "https://e-ktebxana.krd/student-library" "Mozilla/5.0 (iPhone; CPU iPhone OS 16_1 like Mac OS X) AppleWebKit/605.1.15 (KHTML, like Gecko) CriOS/107.0.5304.101 Mobile/15E148 Safari/604.1"
172.71.98.52 - - [17/Nov/2022:09:26:47 +0100] "POST /Librarys/Language/AllLang.json HTTP/1.0" 200 16401 "https://e-ktebxana.krd/student-library" "Mozilla/5.0 (iPhone; CPU iPhone OS 16_1 like Mac OS X) AppleWebKit/605.1.15 (KHTML, like Gecko) CriOS/107.0.5304.101 Mobile/15E148 Safari/604.1"
172.71.98.52 - - [17/Nov/2022:09:26:47 +0100] "POST /Librarys/Language/navLang_1805.json HTTP/1.0" 200 2261 "https://e-ktebxana.krd/student-library" "Mozilla/5.0 (iPhone; CPU iPhone OS 16_1 like Mac OS X) AppleWebKit/605.1.15 (KHTML, like Gecko) CriOS/107.0.5304.101 Mobile/15E148 Safari/604.1"
162.158.183.243 - - [17/Nov/2022:09:26:47 +0100] "GET /Page/Student/Library.js?149757787 HTTP/1.0" 200 780 "https://e-ktebxana.krd/student-library" "Mozilla/5.0 (iPhone; CPU iPhone OS 16_1 like Mac OS X) AppleWebKit/605.1.15 (KHTML, like Gecko) CriOS/107.0.5304.101 Mobile/15E148 Safari/604.1"
172.68.182.254 - - [17/Nov/2022:09:26:47 +0100] "GET /Librarys/Img/report.svg HTTP/1.0" 200 771 "https://e-ktebxana.krd/student-library" "Mozilla/5.0 (iPhone; CPU iPhone OS 16_1 like Mac OS X) AppleWebKit/605.1.15 (KHTML, like Gecko) CriOS/107.0.5304.101 Mobile/15E148 Safari/604.1"
162.158.182.63 - - [17/Nov/2022:09:26:47 +0100] "GET /Librarys/Css/Main.css?v=538203722 HTTP/1.1" 200 119454 "https://e-ktebxana.krd/student-library" "Mozilla/5.0 (iPhone; CPU iPhone OS 16_1 like Mac OS X) AppleWebKit/605.1.15 (KHTML, like Gecko) CriOS/107.0.5304.101 Mobile/15E148 Safari/604.1"
162.158.183.239 - - [17/Nov/2022:09:26:47 +0100] "GET /Librarys/Js/Main.js?v538203722 HTTP/1.1" 200 38605 "https://e-ktebxana.krd/student-library" "Mozilla/5.0 (iPhone; CPU iPhone OS 16_1 like Mac OS X) AppleWebKit/605.1.15 (KHTML, like Gecko) CriOS/107.0.5304.101 Mobile/15E148 Safari/604.1"
162.158.183.243 - - [17/Nov/2022:09:26:47 +0100] "GET /Page/Student/Library.js?149757787 HTTP/1.1" 200 12075 "https://e-ktebxana.krd/student-library" "Mozilla/5.0 (iPhone; CPU iPhone OS 16_1 like Mac OS X) AppleWebKit/605.1.15 (KHTML, like Gecko) CriOS/107.0.5304.101 Mobile/15E148 Safari/604.1"
172.68.182.254 - - [17/Nov/2022:09:26:47 +0100] "GET /Librarys/Img/report.svg HTTP/1.1" 304 0 "https://e-ktebxana.krd/student-library" "Mozilla/5.0 (iPhone; CPU iPhone OS 16_1 like Mac OS X) AppleWebKit/605.1.15 (KHTML, like Gecko) CriOS/107.0.5304.101 Mobile/15E148 Safari/604.1"
172.68.183.27 - - [17/Nov/2022:09:26:53 +0100] "GET /Librarys/Css/Main.css?v=541809230 HTTP/1.1" 200 119454 "https://e-ktebxana.krd/student-book?bookId=2502" "Mozilla/5.0 (iPhone; CPU iPhone OS 16_1 like Mac OS X) AppleWebKit/605.1.15 (KHTML, like Gecko) CriOS/107.0.5304.101 Mobile/15E148 Safari/604.1"
172.68.183.78 - - [17/Nov/2022:09:26:53 +0100] "GET /Librarys/Js/Main.js?v541809230 HTTP/1.1" 200 38605 "https://e-ktebxana.krd/student-book?bookId=2502" "Mozilla/5.0 (iPhone; CPU iPhone OS 16_1 like Mac OS X) AppleWebKit/605.1.15 (KHTML, like Gecko) CriOS/107.0.5304.101 Mobile/15E148 Safari/604.1"
172.68.183.33 - - [17/Nov/2022:09:26:53 +0100] "GET /Page/Student/Book.js?780105578 HTTP/1.1" 200 93000 "https://e-ktebxana.krd/student-book?bookId=2502" "Mozilla/5.0 (iPhone; CPU iPhone OS 16_1 like Mac OS X) AppleWebKit/605.1.15 (KHTML, like Gecko) CriOS/107.0.5304.101 Mobile/15E148 Safari/604.1"
172.71.98.52 - - [17/Nov/2022:09:26:53 +0100] "GET /student-book?bookId=2502 HTTP/1.0" 404 3845 "https://e-ktebxana.krd/student-library" "Mozilla/5.0 (iPhone; CPU iPhone OS 16_1 like Mac OS X) AppleWebKit/605.1.15 (KHTML, like Gecko) CriOS/107.0.5304.101 Mobile/15E148 Safari/604.1"
172.68.183.27 - - [17/Nov/2022:09:26:53 +0100] "GET /Librarys/Css/Main.css?v=541809230 HTTP/1.0" 200 764 "https://e-ktebxana.krd/student-book?bookId=2502" "Mozilla/5.0 (iPhone; CPU iPhone OS 16_1 like Mac OS X) AppleWebKit/605.1.15 (KHTML, like Gecko) CriOS/107.0.5304.101 Mobile/15E148 Safari/604.1"
172.68.183.78 - - [17/Nov/2022:09:26:53 +0100] "GET /Librarys/Js/Main.js?v541809230 HTTP/1.0" 200 776 "https://e-ktebxana.krd/student-book?bookId=2502" "Mozilla/5.0 (iPhone; CPU iPhone OS 16_1 like Mac OS X) AppleWebKit/605.1.15 (KHTML, like Gecko) CriOS/107.0.5304.101 Mobile/15E148 Safari/604.1"
172.71.98.52 - - [17/Nov/2022:09:26:53 +0100] "POST /Librarys/Language/AllLang.json HTTP/1.0" 200 16401 "https://e-ktebxana.krd/student-book?bookId=2502" "Mozilla/5.0 (iPhone; CPU iPhone OS 16_1 like Mac OS X) AppleWebKit/605.1.15 (KHTML, like Gecko) CriOS/107.0.5304.101 Mobile/15E148 Safari/604.1"
172.71.98.52 - - [17/Nov/2022:09:26:53 +0100] "POST /Librarys/Language/navLang_1817.json HTTP/1.0" 200 1398 "https://e-ktebxana.krd/student-book?bookId=2502" "Mozilla/5.0 (iPhone; CPU iPhone OS 16_1 like Mac OS X) AppleWebKit/605.1.15 (KHTML, like Gecko) CriOS/107.0.5304.101 Mobile/15E148 Safari/604.1"
172.68.183.33 - - [17/Nov/2022:09:26:53 +0100] "GET /Page/Student/Book.js?780105578 HTTP/1.0" 200 777 "https://e-ktebxana.krd/student-book?bookId=2502" "Mozilla/5.0 (iPhone; CPU iPhone OS 16_1 like Mac OS X) AppleWebKit/605.1.15 (KHTML, like Gecko) CriOS/107.0.5304.101 Mobile/15E148 Safari/604.1"
162.158.239.49 - - [17/Nov/2022:09:27:37 +0100] "GET / HTTP/1.0" 200 754 "-" "Mozilla/5.0 (Windows; U; Windows NT 5.1; en-US) AppleWebKit/525.13 (KHTML, like Gecko) Chrome/0.A.B.C Safari/525.13"
162.158.239.49 - - [17/Nov/2022:09:27:37 +0100] "GET / HTTP/1.1" 200 3279 "-" "Mozilla/5.0 (Windows; U; Windows NT 5.1; en-US) AppleWebKit/525.13 (KHTML, like Gecko) Chrome/0.A.B.C Safari/525.13"
162.158.238.212 - - [17/Nov/2022:09:30:37 +0100] "GET / HTTP/1.1" 200 3279 "-" "Mozilla/5.0 (Windows; U; Windows NT 5.1; en-US) AppleWebKit/525.13 (KHTML, like Gecko) Chrome/0.A.B.C Safari/525.13"
162.158.238.212 - - [17/Nov/2022:09:30:37 +0100] "GET / HTTP/1.0" 200 754 "-" "Mozilla/5.0 (Windows; U; Windows NT 5.1; en-US) AppleWebKit/525.13 (KHTML, like Gecko) Chrome/0.A.B.C Safari/525.13"
162.158.238.212 - - [17/Nov/2022:09:33:37 +0100] "GET / HTTP/1.0" 200 754 "-" "Mozilla/5.0 (Windows; U; Windows NT 5.1; en-US) AppleWebKit/525.13 (KHTML, like Gecko) Chrome/0.A.B.C Safari/525.13"
162.158.238.212 - - [17/Nov/2022:09:33:37 +0100] "GET / HTTP/1.1" 200 3279 "-" "Mozilla/5.0 (Windows; U; Windows NT 5.1; en-US) AppleWebKit/525.13 (KHTML, like Gecko) Chrome/0.A.B.C Safari/525.13"
172.70.242.91 - - [17/Nov/2022:09:36:25 +0100] "GET / HTTP/1.1" 200 3279 "https://ewane.krd/" "Mozilla/5.0 (Macintosh; Intel Mac OS X 10_15_6) AppleWebKit/605.1.15 (KHTML, like Gecko) Version/14.1.2 Safari/605.1.15"
172.70.242.91 - - [17/Nov/2022:09:36:25 +0100] "GET / HTTP/1.0" 200 754 "https://ewane.krd/" "Mozilla/5.0 (Macintosh; Intel Mac OS X 10_15_6) AppleWebKit/605.1.15 (KHTML, like Gecko) Version/14.1.2 Safari/605.1.15"
162.158.239.5 - - [17/Nov/2022:09:36:37 +0100] "GET / HTTP/1.0" 200 754 "-" "Mozilla/5.0 (Windows; U; Windows NT 5.1; en-US) AppleWebKit/525.13 (KHTML, like Gecko) Chrome/0.A.B.C Safari/525.13"
162.158.239.5 - - [17/Nov/2022:09:36:37 +0100] "GET / HTTP/1.1" 200 3279 "-" "Mozilla/5.0 (Windows; U; Windows NT 5.1; en-US) AppleWebKit/525.13 (KHTML, like Gecko) Chrome/0.A.B.C Safari/525.13"
162.158.239.24 - - [17/Nov/2022:09:39:36 +0100] "GET / HTTP/1.1" 200 3279 "-" "Mozilla/5.0 (Windows; U; Windows NT 5.1; en-US) AppleWebKit/525.13 (KHTML, like Gecko) Chrome/0.A.B.C Safari/525.13"
162.158.239.24 - - [17/Nov/2022:09:39:36 +0100] "GET / HTTP/1.0" 200 754 "-" "Mozilla/5.0 (Windows; U; Windows NT 5.1; en-US) AppleWebKit/525.13 (KHTML, like Gecko) Chrome/0.A.B.C Safari/525.13"
162.158.239.24 - - [17/Nov/2022:09:42:38 +0100] "GET / HTTP/1.0" 200 754 "-" "Mozilla/5.0 (Windows; U; Windows NT 5.1; en-US) AppleWebKit/525.13 (KHTML, like Gecko) Chrome/0.A.B.C Safari/525.13"
162.158.239.24 - - [17/Nov/2022:09:42:38 +0100] "GET / HTTP/1.1" 200 3279 "-" "Mozilla/5.0 (Windows; U; Windows NT 5.1; en-US) AppleWebKit/525.13 (KHTML, like Gecko) Chrome/0.A.B.C Safari/525.13"
162.158.238.212 - - [17/Nov/2022:09:45:41 +0100] "GET / HTTP/1.1" 200 3279 "-" "Mozilla/5.0 (Windows; U; Windows NT 5.1; en-US) AppleWebKit/525.13 (KHTML, like Gecko) Chrome/0.A.B.C Safari/525.13"
162.158.238.212 - - [17/Nov/2022:09:45:41 +0100] "GET / HTTP/1.0" 200 754 "-" "Mozilla/5.0 (Windows; U; Windows NT 5.1; en-US) AppleWebKit/525.13 (KHTML, like Gecko) Chrome/0.A.B.C Safari/525.13"
162.158.239.23 - - [17/Nov/2022:09:48:38 +0100] "GET / HTTP/1.0" 200 754 "-" "Mozilla/5.0 (Windows; U; Windows NT 5.1; en-US) AppleWebKit/525.13 (KHTML, like Gecko) Chrome/0.A.B.C Safari/525.13"
