162.158.239.23 - - [17/Nov/2022:09:48:38 +0100] "GET / HTTP/1.1" 200 3279 "-" "Mozilla/5.0 (Windows; U; Windows NT 5.1; en-US) AppleWebKit/525.13 (KHTML, like Gecko) Chrome/0.A.B.C Safari/525.13"
162.158.239.49 - - [17/Nov/2022:09:51:38 +0100] "GET / HTTP/1.1" 200 3279 "-" "Mozilla/5.0 (Windows; U; Windows NT 5.1; en-US) AppleWebKit/525.13 (KHTML, like Gecko) Chrome/0.A.B.C Safari/525.13"
162.158.239.49 - - [17/Nov/2022:09:51:38 +0100] "GET / HTTP/1.0" 200 754 "-" "Mozilla/5.0 (Windows; U; Windows NT 5.1; en-US) AppleWebKit/525.13 (KHTML, like Gecko) Chrome/0.A.B.C Safari/525.13"
162.158.239.6 - - [17/Nov/2022:09:54:39 +0100] "GET / HTTP/1.0" 200 754 "-" "Mozilla/5.0 (Windows; U; Windows NT 5.1; en-US) AppleWebKit/525.13 (KHTML, like Gecko) Chrome/0.A.B.C Safari/525.13"
162.158.239.6 - - [17/Nov/2022:09:54:39 +0100] "GET / HTTP/1.1" 200 3279 "-" "Mozilla/5.0 (Windows; U; Windows NT 5.1; en-US) AppleWebKit/525.13 (KHTML, like Gecko) Chrome/0.A.B.C Safari/525.13"
162.158.239.24 - - [17/Nov/2022:09:57:36 +0100] "GET / HTTP/1.1" 200 3279 "-" "Mozilla/5.0 (Windows; U; Windows NT 5.1; en-US) AppleWebKit/525.13 (KHTML, like Gecko) Chrome/0.A.B.C Safari/525.13"
162.158.239.24 - - [17/Nov/2022:09:57:36 +0100] "GET / HTTP/1.0" 200 754 "-" "Mozilla/5.0 (Windows; U; Windows NT 5.1; en-US) AppleWebKit/525.13 (KHTML, like Gecko) Chrome/0.A.B.C Safari/525.13"
162.158.238.212 - - [17/Nov/2022:10:00:37 +0100] "GET / HTTP/1.0" 200 754 "-" "Mozilla/5.0 (Windows; U; Windows NT 5.1; en-US) AppleWebKit/525.13 (KHTML, like Gecko) Chrome/0.A.B.C Safari/525.13"
162.158.238.212 - - [17/Nov/2022:10:00:37 +0100] "GET / HTTP/1.1" 200 3279 "-" "Mozilla/5.0 (Windows; U; Windows NT 5.1; en-US) AppleWebKit/525.13 (KHTML, like Gecko) Chrome/0.A.B.C Safari/525.13"
162.158.239.50 - - [17/Nov/2022:10:03:36 +0100] "GET / HTTP/1.1" 200 3279 "-" "Mozilla/5.0 (Windows; U; Windows NT 5.1; en-US) AppleWebKit/525.13 (KHTML, like Gecko) Chrome/0.A.B.C Safari/525.13"
162.158.239.50 - - [17/Nov/2022:10:03:36 +0100] "GET / HTTP/1.0" 200 754 "-" "Mozilla/5.0 (Windows; U; Windows NT 5.1; en-US) AppleWebKit/525.13 (KHTML, like Gecko) Chrome/0.A.B.C Safari/525.13"
162.158.239.5 - - [17/Nov/2022:10:06:38 +0100] "GET / HTTP/1.0" 200 754 "-" "Mozilla/5.0 (Windows; U; Windows NT 5.1; en-US) AppleWebKit/525.13 (KHTML, like Gecko) Chrome/0.A.B.C Safari/525.13"
162.158.239.5 - - [17/Nov/2022:10:06:38 +0100] "GET / HTTP/1.1" 200 3279 "-" "Mozilla/5.0 (Windows; U; Windows NT 5.1; en-US) AppleWebKit/525.13 (KHTML, like Gecko) Chrome/0.A.B.C Safari/525.13"
162.158.238.213 - - [17/Nov/2022:10:09:41 +0100] "GET / HTTP/1.1" 200 3279 "-" "Mozilla/5.0 (Windows; U; Windows NT 5.1; en-US) AppleWebKit/525.13 (KHTML, like Gecko) Chrome/0.A.B.C Safari/525.13"
162.158.238.213 - - [17/Nov/2022:10:09:41 +0100] "GET / HTTP/1.0" 200 754 "-" "Mozilla/5.0 (Windows; U; Windows NT 5.1; en-US) AppleWebKit/525.13 (KHTML, like Gecko) Chrome/0.A.B.C Safari/525.13"
162.158.239.49 - - [17/Nov/2022:10:12:38 +0100] "GET / HTTP/1.0" 200 754 "-" "Mozilla/5.0 (Windows; U; Windows NT 5.1; en-US) AppleWebKit/525.13 (KHTML, like Gecko) Chrome/0.A.B.C Safari/525.13"
162.158.239.49 - - [17/Nov/2022:10:12:38 +0100] "GET / HTTP/1.1" 200 3279 "-" "Mozilla/5.0 (Windows; U; Windows NT 5.1; en-US) AppleWebKit/525.13 (KHTML, like Gecko) Chrome/0.A.B.C Safari/525.13"
162.158.238.213 - - [17/Nov/2022:10:15:40 +0100] "GET / HTTP/1.1" 200 3279 "-" "Mozilla/5.0 (Windows; U; Windows NT 5.1; en-US) AppleWebKit/525.13 (KHTML, like Gecko) Chrome/0.A.B.C Safari/525.13"
162.158.238.213 - - [17/Nov/2022:10:15:40 +0100] "GET / HTTP/1.0" 200 754 "-" "Mozilla/5.0 (Windows; U; Windows NT 5.1; en-US) AppleWebKit/525.13 (KHTML, like Gecko) Chrome/0.A.B.C Safari/525.13"
162.158.239.23 - - [17/Nov/2022:10:18:37 +0100] "GET / HTTP/1.0" 200 754 "-" "Mozilla/5.0 (Windows; U; Windows NT 5.1; en-US) AppleWebKit/525.13 (KHTML, like Gecko) Chrome/0.A.B.C Safari/525.13"
162.158.239.23 - - [17/Nov/2022:10:18:37 +0100] "GET / HTTP/1.1" 200 3279 "-" "Mozilla/5.0 (Windows; U; Windows NT 5.1; en-US) AppleWebKit/525.13 (KHTML, like Gecko) Chrome/0.A.B.C Safari/525.13"
172.69.210.136 - - [17/Nov/2022:10:19:22 +0100] "GET /?token=pZ8AdAqdaZhRflwINaAgqFAjbpE1oagiPE728BzIZ04BTI+ByKzyagvVwBZxqApvOKOBbXO7PyVe+4MCpg8+pf/zMK3ze+ZJpjheMp4pK5oDDPqPUh5k79YQmbCXreNu/7t10/m3jwixO5uZtvAu7Q== HTTP/1.1" 200 3279 "http://httpswww.ewane.krd/" "Mozilla/5.0 (Windows NT 6.1) AppleWebKit/537.36 (KHTML, like Gecko) Chrome/107.0.0.0 Safari/537.36"
172.69.210.136 - - [17/Nov/2022:10:19:22 +0100] "GET /?token=pZ8AdAqdaZhRflwINaAgqFAjbpE1oagiPE728BzIZ04BTI+ByKzyagvVwBZxqApvOKOBbXO7PyVe+4MCpg8+pf/zMK3ze+ZJpjheMp4pK5oDDPqPUh5k79YQmbCXreNu/7t10/m3jwixO5uZtvAu7Q== HTTP/1.0" 200 754 "http://httpswww.ewane.krd/" "Mozilla/5.0 (Windows NT 6.1) AppleWebKit/537.36 (KHTML, like Gecko) Chrome/107.0.0.0 Safari/537.36"
162.158.182.95 - - [17/Nov/2022:10:19:22 +0100] "GET /Librarys/Css/telInput.css?v344 HTTP/1.0" 404 3845 "https://e-ktebxana.krd/?token=pZ8AdAqdaZhRflwINaAgqFAjbpE1oagiPE728BzIZ04BTI+ByKzyagvVwBZxqApvOKOBbXO7PyVe+4MCpg8+pf/zMK3ze+ZJpjheMp4pK5oDDPqPUh5k79YQmbCXreNu/7t10/m3jwixO5uZtvAu7Q==" "Mozilla/5.0 (Windows NT 6.1) AppleWebKit/537.36 (KHTML, like Gecko) Chrome/107.0.0.0 Safari/537.36"
162.158.183.237 - - [17/Nov/2022:10:19:22 +0100] "GET /favicon.ico HTTP/1.0" 404 3845 "https://e-ktebxana.krd/?token=pZ8AdAqdaZhRflwINaAgqFAjbpE1oagiPE728BzIZ04BTI+ByKzyagvVwBZxqApvOKOBbXO7PyVe+4MCpg8+pf/zMK3ze+ZJpjheMp4pK5oDDPqPUh5k79YQmbCXreNu/7t10/m3jwixO5uZtvAu7Q==" "Mozilla/5.0 (Windows NT 6.1) AppleWebKit/537.36 (KHTML, like Gecko) Chrome/107.0.0.0 Safari/537.36"
172.68.182.120 - - [17/Nov/2022:10:19:23 +0100] "GET /Librarys/Css/Main.css?v=704908391 HTTP/1.0" 200 764 "https://e-ktebxana.krd/?token=pZ8AdAqdaZhRflwINaAgqFAjbpE1oagiPE728BzIZ04BTI+ByKzyagvVwBZxqApvOKOBbXO7PyVe+4MCpg8+pf/zMK3ze+ZJpjheMp4pK5oDDPqPUh5k79YQmbCXreNu/7t10/m3jwixO5uZtvAu7Q==" "Mozilla/5.0 (Windows NT 6.1) AppleWebKit/537.36 (KHTML, like Gecko) Chrome/107.0.0.0 Safari/537.36"
162.158.182.22 - - [17/Nov/2022:10:19:23 +0100] "GET /Librarys/Js/Main.js?v704908391 HTTP/1.0" 200 776 "https://e-ktebxana.krd/?token=pZ8AdAqdaZhRflwINaAgqFAjbpE1oagiPE728BzIZ04BTI+ByKzyagvVwBZxqApvOKOBbXO7PyVe+4MCpg8+pf/zMK3ze+ZJpjheMp4pK5oDDPqPUh5k79YQmbCXreNu/7t10/m3jwixO5uZtvAu7Q==" "Mozilla/5.0 (Windows NT 6.1) AppleWebKit/537.36 (KHTML, like Gecko) Chrome/107.0.0.0 Safari/537.36"
172.68.182.120 - - [17/Nov/2022:10:19:23 +0100] "GET /Librarys/Css/Main.css?v=704908391 HTTP/1.1" 200 119454 "https://e-ktebxana.krd/?token=pZ8AdAqdaZhRflwINaAgqFAjbpE1oagiPE728BzIZ04BTI+ByKzyagvVwBZxqApvOKOBbXO7PyVe+4MCpg8+pf/zMK3ze+ZJpjheMp4pK5oDDPqPUh5k79YQmbCXreNu/7t10/m3jwixO5uZtvAu7Q==" "Mozilla/5.0 (Windows NT 6.1) AppleWebKit/537.36 (KHTML, like Gecko) Chrome/107.0.0.0 Safari/537.36"
162.158.182.22 - - [17/Nov/2022:10:19:23 +0100] "GET /Librarys/Js/Main.js?v704908391 HTTP/1.1" 200 38605 "https://e-ktebxana.krd/?token=pZ8AdAqdaZhRflwINaAgqFAjbpE1oagiPE728BzIZ04BTI+ByKzyagvVwBZxqApvOKOBbXO7PyVe+4MCpg8+pf/zMK3ze+ZJpjheMp4pK5oDDPqPUh5k79YQmbCXreNu/7t10/m3jwixO5uZtvAu7Q==" "Mozilla/5.0 (Windows NT 6.1) AppleWebKit/537.36 (KHTML, like Gecko) Chrome/107.0.0.0 Safari/537.36"
172.69.210.131 - - [17/Nov/2022:10:19:24 +0100] "GET / HTTP/1.1" 200 3279 "https://e-ktebxana.krd/?token=pZ8AdAqdaZhRflwINaAgqFAjbpE1oagiPE728BzIZ04BTI+ByKzyagvVwBZxqApvOKOBbXO7PyVe+4MCpg8+pf/zMK3ze+ZJpjheMp4pK5oDDPqPUh5k79YQmbCXreNu/7t10/m3jwixO5uZtvAu7Q==" "Mozilla/5.0 (Windows NT 6.1) AppleWebKit/537.36 (KHTML, like Gecko) Chrome/107.0.0.0 Safari/537.36"
172.69.210.134 - - [17/Nov/2022:10:19:24 +0100] "GET /?token=pZ8AdAqdaZhRflwINaAgqFAjbpE1oagiPE728BzIZ04BTI+ByKzyagvVwBZxqApvOKOBbXO7PyVe+4MCpg8+pf/zMK3ze+ZJpjheMp4pK5oDDPqPUh5k79YQmbCXreNu/7t10/m3jwixO5uZtvAu7Q== HTTP/1.1" 200 3279 "-" "Mozilla/5.0 (X11; Linux x86_64; rv:10.0) Gecko/20150101 Firefox/47.0 (Chrome)"
172.69.210.131 - - [17/Nov/2022:10:19:24 +0100] "POST /Librarys/Language/AllLang.json HTTP/1.0" 200 16401 "https://e-ktebxana.krd/?token=pZ8AdAqdaZhRflwINaAgqFAjbpE1oagiPE728BzIZ04BTI+ByKzyagvVwBZxqApvOKOBbXO7PyVe+4MCpg8+pf/zMK3ze+ZJpjheMp4pK5oDDPqPUh5k79YQmbCXreNu/7t10/m3jwixO5uZtvAu7Q==" "Mozilla/5.0 (Windows NT 6.1) AppleWebKit/537.36 (KHTML, like Gecko) Chrome/107.0.0.0 Safari/537.36"
172.69.210.131 - - [17/Nov/2022:10:19:24 +0100] "GET / HTTP/1.0" 200 754 "https://e-ktebxana.krd/?token=pZ8AdAqdaZhRflwINaAgqFAjbpE1oagiPE728BzIZ04BTI+ByKzyagvVwBZxqApvOKOBbXO7PyVe+4MCpg8+pf/zMK3ze+ZJpjheMp4pK5oDDPqPUh5k79YQmbCXreNu/7t10/m3jwixO5uZtvAu7Q==" "Mozilla/5.0 (Windows NT 6.1) AppleWebKit/537.36 (KHTML, like Gecko) Chrome/107.0.0.0 Safari/537.36"
172.69.210.134 - - [17/Nov/2022:10:19:24 +0100] "GET /?token=pZ8AdAqdaZhRflwINaAgqFAjbpE1oagiPE728BzIZ04BTI+ByKzyagvVwBZxqApvOKOBbXO7PyVe+4MCpg8+pf/zMK3ze+ZJpjheMp4pK5oDDPqPUh5k79YQmbCXreNu/7t10/m3jwixO5uZtvAu7Q== HTTP/1.0" 200 754 "-" "Mozilla/5.0 (X11; Linux x86_64; rv:10.0) Gecko/20150101 Firefox/47.0 (Chrome)"
172.69.210.131 - - [17/Nov/2022:10:19:24 +0100] "GET /login HTTP/1.0" 404 3845 "https://e-ktebxana.krd/?token=pZ8AdAqdaZhRflwINaAgqFAjbpE1oagiPE728BzIZ04BTI+ByKzyagvVwBZxqApvOKOBbXO7PyVe+4MCpg8+pf/zMK3ze+ZJpjheMp4pK5oDDPqPUh5k79YQmbCXreNu/7t10/m3jwixO5uZtvAu7Q==" "Mozilla/5.0 (Windows NT 6.1) AppleWebKit/537.36 (KHTML, like Gecko) Chrome/107.0.0.0 Safari/537.36"
172.68.182.143 - - [17/Nov/2022:10:19:25 +0100] "GET /Librarys/Css/Main.css?v=811354752 HTTP/1.0" 200 764 "https://e-ktebxana.krd/" "Mozilla/5.0 (Windows NT 6.1) AppleWebKit/537.36 (KHTML, like Gecko) Chrome/107.0.0.0 Safari/537.36"
162.158.183.193 - - [17/Nov/2022:10:19:25 +0100] "GET /Librarys/Js/Main.js?v811354752 HTTP/1.0" 200 776 "https://e-ktebxana.krd/" "Mozilla/5.0 (Windows NT 6.1) AppleWebKit/537.36 (KHTML, like Gecko) Chrome/107.0.0.0 Safari/537.36"
172.69.210.131 - - [17/Nov/2022:10:19:25 +0100] "POST /Librarys/Language/AllLang.json HTTP/1.0" 200 16401 "https://e-ktebxana.krd/" "Mozilla/5.0 (Windows NT 6.1) AppleWebKit/537.36 (KHTML, like Gecko) Chrome/107.0.0.0 Safari/537.36"
172.69.210.133 - - [17/Nov/2022:10:19:25 +0100] "HEAD /?token=pZ8AdAqdaZhRflwINaAgqFAjbpE1oagiPE728BzIZ04BTI+ByKzyagvVwBZxqApvOKOBbXO7PyVe+4MCpg8+pf/zMK3ze+ZJpjheMp4pK5oDDPqPUh5k79YQmbCXreNu/7t10/m3jwixO5uZtvAu7Q== HTTP/1.0" 200 842 "-" "Mozilla/5.0 (X11; Linux x86_64; rv:10.0) Gecko/20150101 Firefox/47.0 (Chrome)"
172.69.210.131 - - [17/Nov/2022:10:19:25 +0100] "POST /Librarys/Language/navLang_1011.json HTTP/1.0" 200 806 "https://e-ktebxana.krd/" "Mozilla/5.0 (Windows NT 6.1) AppleWebKit/537.36 (KHTML, like Gecko) Chrome/107.0.0.0 Safari/537.36"
162.158.182.56 - - [17/Nov/2022:10:19:25 +0100] "GET /Page/Dashboard/index.js?667389721 HTTP/1.0" 200 1103 "https://e-ktebxana.krd/" "Mozilla/5.0 (Windows NT 6.1) AppleWebKit/537.36 (KHTML, like Gecko) Chrome/107.0.0.0 Safari/537.36"
172.69.210.134 - - [17/Nov/2022:10:19:25 +0100] "GET /?token=pZ8AdAqdaZhRflwINaAgqFAjbpE1oagiPE728BzIZ04BTI+ByKzyagvVwBZxqApvOKOBbXO7PyVe+4MCpg8+pf/zMK3ze+ZJpjheMp4pK5oDDPqPUh5k79YQmbCXreNu/7t10/m3jwixO5uZtvAu7Q== HTTP/1.0" 200 754 "-" "Mozilla/5.0 (X11; Linux x86_64; rv:10.0) Gecko/20150101 Firefox/47.0 (Chrome)"
172.68.182.252 - - [17/Nov/2022:10:19:25 +0100] "GET /Page/Dashboard/Student.js?670592737 HTTP/1.0" 200 782 "https://e-ktebxana.krd/" "Mozilla/5.0 (Windows NT 6.1) AppleWebKit/537.36 (KHTML, like Gecko) Chrome/107.0.0.0 Safari/537.36"
172.68.182.143 - - [17/Nov/2022:10:19:25 +0100] "GET /Librarys/Css/Main.css?v=811354752 HTTP/1.1" 200 119454 "https://e-ktebxana.krd/" "Mozilla/5.0 (Windows NT 6.1) AppleWebKit/537.36 (KHTML, like Gecko) Chrome/107.0.0.0 Safari/537.36"
162.158.183.193 - - [17/Nov/2022:10:19:25 +0100] "GET /Librarys/Js/Main.js?v811354752 HTTP/1.1" 200 38605 "https://e-ktebxana.krd/" "Mozilla/5.0 (Windows NT 6.1) AppleWebKit/537.36 (KHTML, like Gecko) Chrome/107.0.0.0 Safari/537.36"
172.69.210.134 - - [17/Nov/2022:10:19:25 +0100] "GET /?token=pZ8AdAqdaZhRflwINaAgqFAjbpE1oagiPE728BzIZ04BTI+ByKzyagvVwBZxqApvOKOBbXO7PyVe+4MCpg8+pf/zMK3ze+ZJpjheMp4pK5oDDPqPUh5k79YQmbCXreNu/7t10/m3jwixO5uZtvAu7Q== HTTP/1.1" 200 3279 "-" "Mozilla/5.0 (X11; Linux x86_64; rv:10.0) Gecko/20150101 Firefox/47.0 (Chrome)"
172.68.182.252 - - [17/Nov/2022:10:19:25 +0100] "GET /Page/Dashboard/Student.js?670592737 HTTP/1.1" 200 9629 "https://e-ktebxana.krd/" "Mozilla/5.0 (Windows NT 6.1) AppleWebKit/537.36 (KHTML, like Gecko) Chrome/107.0.0.0 Safari/537.36"
172.69.210.131 - - [17/Nov/2022:10:19:27 +0100] "GET / HTTP/1.1" 200 3279 "-" "Mozilla/5.0 (X11; Linux x86_64; rv:10.0) Gecko/20150101 Firefox/47.0 (Chrome)"
172.69.210.131 - - [17/Nov/2022:10:19:27 +0100] "GET / HTTP/1.0" 200 754 "-" "Mozilla/5.0 (X11; Linux x86_64; rv:10.0) Gecko/20150101 Firefox/47.0 (Chrome)"
172.69.210.134 - - [17/Nov/2022:10:19:28 +0100] "HEAD / HTTP/1.0" 200 842 "-" "Mozilla/5.0 (X11; Linux x86_64; rv:10.0) Gecko/20150101 Firefox/47.0 (Chrome)"
172.69.210.133 - - [17/Nov/2022:10:19:28 +0100] "GET / HTTP/1.0" 200 754 "-" "Mozilla/5.0 (X11; Linux x86_64; rv:10.0) Gecko/20150101 Firefox/47.0 (Chrome)"
172.69.210.133 - - [17/Nov/2022:10:19:28 +0100] "GET / HTTP/1.1" 200 3279 "-" "Mozilla/5.0 (X11; Linux x86_64; rv:10.0) Gecko/20150101 Firefox/47.0 (Chrome)"
162.158.239.24 - - [17/Nov/2022:10:21:36 +0100] "GET / HTTP/1.1" 200 3279 "-" "Mozilla/5.0 (Windows; U; Windows NT 5.1; en-US) AppleWebKit/525.13 (KHTML, like Gecko) Chrome/0.A.B.C Safari/525.13"
162.158.239.24 - - [17/Nov/2022:10:21:36 +0100] "GET / HTTP/1.0" 200 754 "-" "Mozilla/5.0 (Windows; U; Windows NT 5.1; en-US) AppleWebKit/525.13 (KHTML, like Gecko) Chrome/0.A.B.C Safari/525.13"
162.158.239.49 - - [17/Nov/2022:10:24:38 +0100] "GET / HTTP/1.0" 200 754 "-" "Mozilla/5.0 (Windows; U; Windows NT 5.1; en-US) AppleWebKit/525.13 (KHTML, like Gecko) Chrome/0.A.B.C Safari/525.13"
162.158.239.49 - - [17/Nov/2022:10:24:38 +0100] "GET / HTTP/1.1" 200 3279 "-" "Mozilla/5.0 (Windows; U; Windows NT 5.1; en-US) AppleWebKit/525.13 (KHTML, like Gecko) Chrome/0.A.B.C Safari/525.13"
162.158.239.24 - - [17/Nov/2022:10:27:37 +0100] "GET / HTTP/1.1" 200 3279 "-" "Mozilla/5.0 (Windows; U; Windows NT 5.1; en-US) AppleWebKit/525.13 (KHTML, like Gecko) Chrome/0.A.B.C Safari/525.13"
162.158.239.24 - - [17/Nov/2022:10:27:37 +0100] "GET / HTTP/1.0" 200 754 "-" "Mozilla/5.0 (Windows; U; Windows NT 5.1; en-US) AppleWebKit/525.13 (KHTML, like Gecko) Chrome/0.A.B.C Safari/525.13"
162.158.239.23 - - [17/Nov/2022:10:30:37 +0100] "GET / HTTP/1.0" 200 754 "-" "Mozilla/5.0 (Windows; U; Windows NT 5.1; en-US) AppleWebKit/525.13 (KHTML, like Gecko) Chrome/0.A.B.C Safari/525.13"
162.158.239.23 - - [17/Nov/2022:10:30:37 +0100] "GET / HTTP/1.1" 200 3279 "-" "Mozilla/5.0 (Windows; U; Windows NT 5.1; en-US) AppleWebKit/525.13 (KHTML, like Gecko) Chrome/0.A.B.C Safari/525.13"
162.158.239.50 - - [17/Nov/2022:10:33:35 +0100] "GET / HTTP/1.1" 200 3279 "-" "Mozilla/5.0 (Windows; U; Windows NT 5.1; en-US) AppleWebKit/525.13 (KHTML, like Gecko) Chrome/0.A.B.C Safari/525.13"
162.158.239.50 - - [17/Nov/2022:10:33:35 +0100] "GET / HTTP/1.0" 200 754 "-" "Mozilla/5.0 (Windows; U; Windows NT 5.1; en-US) AppleWebKit/525.13 (KHTML, like Gecko) Chrome/0.A.B.C Safari/525.13"
162.158.239.5 - - [17/Nov/2022:10:36:36 +0100] "GET / HTTP/1.0" 200 754 "-" "Mozilla/5.0 (Windows; U; Windows NT 5.1; en-US) AppleWebKit/525.13 (KHTML, like Gecko) Chrome/0.A.B.C Safari/525.13"
162.158.239.5 - - [17/Nov/2022:10:36:36 +0100] "GET / HTTP/1.1" 200 3279 "-" "Mozilla/5.0 (Windows; U; Windows NT 5.1; en-US) AppleWebKit/525.13 (KHTML, like Gecko) Chrome/0.A.B.C Safari/525.13"
162.158.239.24 - - [17/Nov/2022:10:39:36 +0100] "GET / HTTP/1.1" 200 3279 "-" "Mozilla/5.0 (Windows; U; Windows NT 5.1; en-US) AppleWebKit/525.13 (KHTML, like Gecko) Chrome/0.A.B.C Safari/525.13"
162.158.239.24 - - [17/Nov/2022:10:39:36 +0100] "GET / HTTP/1.0" 200 754 "-" "Mozilla/5.0 (Windows; U; Windows NT 5.1; en-US) AppleWebKit/525.13 (KHTML, like Gecko) Chrome/0.A.B.C Safari/525.13"
162.158.239.49 - - [17/Nov/2022:10:42:37 +0100] "GET / HTTP/1.0" 200 754 "-" "Mozilla/5.0 (Windows; U; Windows NT 5.1; en-US) AppleWebKit/525.13 (KHTML, like Gecko) Chrome/0.A.B.C Safari/525.13"
162.158.239.49 - - [17/Nov/2022:10:42:37 +0100] "GET / HTTP/1.1" 200 3279 "-" "Mozilla/5.0 (Windows; U; Windows NT 5.1; en-US) AppleWebKit/525.13 (KHTML, like Gecko) Chrome/0.A.B.C Safari/525.13"
162.158.239.49 - - [17/Nov/2022:10:45:38 +0100] "GET / HTTP/1.1" 200 3279 "-" "Mozilla/5.0 (Windows; U; Windows NT 5.1; en-US) AppleWebKit/525.13 (KHTML, like Gecko) Chrome/0.A.B.C Safari/525.13"
162.158.239.49 - - [17/Nov/2022:10:45:38 +0100] "GET / HTTP/1.0" 200 754 "-" "Mozilla/5.0 (Windows; U; Windows NT 5.1; en-US) AppleWebKit/525.13 (KHTML, like Gecko) Chrome/0.A.B.C Safari/525.13"
172.69.210.131 - - [17/Nov/2022:10:48:09 +0100] "GET / HTTP/1.0" 200 754 "https://www.ewane.krd/" "Mozilla/5.0 (iPhone; CPU iPhone OS 12_5_6 like Mac OS X) AppleWebKit/605.1.15 (KHTML, like Gecko) Mobile/15E148 LightSpeed [FBAN/MessengerLiteForiOS;FBAV/386.1.0.37.106;FBBV/417556003;FBDV/iPhone7,2;FBMD/iPhone;FBSN/iOS;FBSV/12.5.6;FBSS/2;FBCR/;FBID/phone;FBLC/en;FBOP/0]"
162.158.182.95 - - [17/Nov/2022:10:48:09 +0100] "GET /Librarys/Css/telInput.css?v344 HTTP/1.0" 404 3845 "https://e-ktebxana.krd/" "Mozilla/5.0 (iPhone; CPU iPhone OS 12_5_6 like Mac OS X) AppleWebKit/605.1.15 (KHTML, like Gecko) Mobile/15E148 LightSpeed [FBAN/MessengerLiteForiOS;FBAV/386.1.0.37.106;FBBV/417556003;FBDV/iPhone7,2;FBMD/iPhone;FBSN/iOS;FBSV/12.5.6;FBSS/2;FBCR/;FBID/phone;FBLC/en;FBOP/0]"
172.69.210.131 - - [17/Nov/2022:10:48:09 +0100] "GET / HTTP/1.1" 200 3279 "https://www.ewane.krd/" "Mozilla/5.0 (iPhone; CPU iPhone OS 12_5_6 like Mac OS X) AppleWebKit/605.1.15 (KHTML, like Gecko) Mobile/15E148 LightSpeed [FBAN/MessengerLiteForiOS;FBAV/386.1.0.37.106;FBBV/417556003;FBDV/iPhone7,2;FBMD/iPhone;FBSN/iOS;FBSV/12.5.6;FBSS/2;FBCR/;FBID/phone;FBLC/en;FBOP/0]"
162.158.183.215 - - [17/Nov/2022:10:48:10 +0100] "GET /Librarys/Css/Main.css?v=906622476 HTTP/1.1" 200 119454 "https://e-ktebxana.krd/" "Mozilla/5.0 (iPhone; CPU iPhone OS 12_5_6 like Mac OS X) AppleWebKit/605.1.15 (KHTML, like Gecko) Mobile/15E148 LightSpeed [FBAN/MessengerLiteForiOS;FBAV/386.1.0.37.106;FBBV/417556003;FBDV/iPhone7,2;FBMD/iPhone;FBSN/iOS;FBSV/12.5.6;FBSS/2;FBCR/;FBID/phone;FBLC/en;FBOP/0]"
162.158.183.215 - - [17/Nov/2022:10:48:10 +0100] "GET /Librarys/Css/Main.css?v=906622476 HTTP/1.0" 200 764 "https://e-ktebxana.krd/" "Mozilla/5.0 (iPhone; CPU iPhone OS 12_5_6 like Mac OS X) AppleWebKit/605.1.15 (KHTML, like Gecko) Mobile/15E148 LightSpeed [FBAN/MessengerLiteForiOS;FBAV/386.1.0.37.106;FBBV/417556003;FBDV/iPhone7,2;FBMD/iPhone;FBSN/iOS;FBSV/12.5.6;FBSS/2;FBCR/;FBID/phone;FBLC/en;FBOP/0]"
172.68.183.26 - - [17/Nov/2022:10:48:11 +0100] "GET /Librarys/Js/Main.js?v906622476 HTTP/1.0" 200 776 "https://e-ktebxana.krd/" "Mozilla/5.0 (iPhone; CPU iPhone OS 12_5_6 like Mac OS X) AppleWebKit/605.1.15 (KHTML, like Gecko) Mobile/15E148 LightSpeed [FBAN/MessengerLiteForiOS;FBAV/386.1.0.37.106;FBBV/417556003;FBDV/iPhone7,2;FBMD/iPhone;FBSN/iOS;FBSV/12.5.6;FBSS/2;FBCR/;FBID/phone;FBLC/en;FBOP/0]"
172.69.210.131 - - [17/Nov/2022:10:48:11 +0100] "POST /Librarys/Language/AllLang.json HTTP/1.0" 200 16401 "https://e-ktebxana.krd/" "Mozilla/5.0 (iPhone; CPU iPhone OS 12_5_6 like Mac OS X) AppleWebKit/605.1.15 (KHTML, like Gecko) Mobile/15E148 LightSpeed [FBAN/MessengerLiteForiOS;FBAV/386.1.0.37.106;FBBV/417556003;FBDV/iPhone7,2;FBMD/iPhone;FBSN/iOS;FBSV/12.5.6;FBSS/2;FBCR/;FBID/phone;FBLC/en;FBOP/0]"
162.158.183.227 - - [17/Nov/2022:10:48:11 +0100] "GET /Librarys/Img/eLoading.gif HTTP/1.0" 200 769 "https://e-ktebxana.krd/" "Mozilla/5.0 (iPhone; CPU iPhone OS 12_5_6 like Mac OS X) AppleWebKit/605.1.15 (KHTML, like Gecko) Mobile/15E148 LightSpeed [FBAN/MessengerLiteForiOS;FBAV/386.1.0.37.106;FBBV/417556003;FBDV/iPhone7,2;FBMD/iPhone;FBSN/iOS;FBSV/12.5.6;FBSS/2;FBCR/;FBID/phone;FBLC/en;FBOP/0]"
172.69.210.131 - - [17/Nov/2022:10:48:11 +0100] "GET /login HTTP/1.0" 404 3845 "https://e-ktebxana.krd/" "Mozilla/5.0 (iPhone; CPU iPhone OS 12_5_6 like Mac OS X) AppleWebKit/605.1.15 (KHTML, like Gecko) Mobile/15E148 LightSpeed [FBAN/MessengerLiteForiOS;FBAV/386.1.0.37.106;FBBV/417556003;FBDV/iPhone7,2;FBMD/iPhone;FBSN/iOS;FBSV/12.5.6;FBSS/2;FBCR/;FBID/phone;FBLC/en;FBOP/0]"
172.68.183.26 - - [17/Nov/2022:10:48:11 +0100] "GET /Librarys/Js/Main.js?v906622476 HTTP/1.1" 200 38605 "https://e-ktebxana.krd/" "Mozilla/5.0 (iPhone; CPU iPhone OS 12_5_6 like Mac OS X) AppleWebKit/605.1.15 (KHTML, like Gecko) Mobile/15E148 LightSpeed [FBAN/MessengerLiteForiOS;FBAV/386.1.0.37.106;FBBV/417556003;FBDV/iPhone7,2;FBMD/iPhone;FBSN/iOS;FBSV/12.5.6;FBSS/2;FBCR/;FBID/phone;FBLC/en;FBOP/0]"
162.158.183.227 - - [17/Nov/2022:10:48:11 +0100] "GET /Librarys/Img/eLoading.gif HTTP/1.1" 304 0 "https://e-ktebxana.krd/" "Mozilla/5.0 (iPhone; CPU iPhone OS 12_5_6 like Mac OS X) AppleWebKit/605.1.15 (KHTML, like Gecko) Mobile/15E148 LightSpeed [FBAN/MessengerLiteForiOS;FBAV/386.1.0.37.106;FBBV/417556003;FBDV/iPhone7,2;FBMD/iPhone;FBSN/iOS;FBSV/12.5.6;FBSS/2;FBCR/;FBID/phone;FBLC/en;FBOP/0]"
172.68.183.42 - - [17/Nov/2022:10:48:12 +0100] "GET /Librarys/Css/Main.css?v=830675976 HTTP/1.1" 200 119454 "https://e-ktebxana.krd/login" "Mozilla/5.0 (iPhone; CPU iPhone OS 12_5_6 like Mac OS X) AppleWebKit/605.1.15 (KHTML, like Gecko) Mobile/15E148 LightSpeed [FBAN/MessengerLiteForiOS;FBAV/386.1.0.37.106;FBBV/417556003;FBDV/iPhone7,2;FBMD/iPhone;FBSN/iOS;FBSV/12.5.6;FBSS/2;FBCR/;FBID/phone;FBLC/en;FBOP/0]"
162.158.182.60 - - [17/Nov/2022:10:48:12 +0100] "GET /Librarys/Js/Main.js?v830675976 HTTP/1.1" 200 38605 "https://e-ktebxana.krd/login" "Mozilla/5.0 (iPhone; CPU iPhone OS 12_5_6 like Mac OS X) AppleWebKit/605.1.15 (KHTML, like Gecko) Mobile/15E148 LightSpeed [FBAN/MessengerLiteForiOS;FBAV/386.1.0.37.106;FBBV/417556003;FBDV/iPhone7,2;FBMD/iPhone;FBSN/iOS;FBSV/12.5.6;FBSS/2;FBCR/;FBID/phone;FBLC/en;FBOP/0]"
172.68.183.42 - - [17/Nov/2022:10:48:12 +0100] "GET /Librarys/Css/Main.css?v=830675976 HTTP/1.0" 200 764 "https://e-ktebxana.krd/login" "Mozilla/5.0 (iPhone; CPU iPhone OS 12_5_6 like Mac OS X) AppleWebKit/605.1.15 (KHTML, like Gecko) Mobile/15E148 LightSpeed [FBAN/MessengerLiteForiOS;FBAV/386.1.0.37.106;FBBV/417556003;FBDV/iPhone7,2;FBMD/iPhone;FBSN/iOS;FBSV/12.5.6;FBSS/2;FBCR/;FBID/phone;FBLC/en;FBOP/0]"
162.158.182.60 - - [17/Nov/2022:10:48:12 +0100] "GET /Librarys/Js/Main.js?v830675976 HTTP/1.0" 200 776 "https://e-ktebxana.krd/login" "Mozilla/5.0 (iPhone; CPU iPhone OS 12_5_6 like Mac OS X) AppleWebKit/605.1.15 (KHTML, like Gecko) Mobile/15E148 LightSpeed [FBAN/MessengerLiteForiOS;FBAV/386.1.0.37.106;FBBV/417556003;FBDV/iPhone7,2;FBMD/iPhone;FBSN/iOS;FBSV/12.5.6;FBSS/2;FBCR/;FBID/phone;FBLC/en;FBOP/0]"
172.69.210.131 - - [17/Nov/2022:10:48:13 +0100] "POST /Librarys/Language/AllLang.json HTTP/1.0" 200 16401 "https://e-ktebxana.krd/login" "Mozilla/5.0 (iPhone; CPU iPhone OS 12_5_6 like Mac OS X) AppleWebKit/605.1.15 (KHTML, like Gecko) Mobile/15E148 LightSpeed [FBAN/MessengerLiteForiOS;FBAV/386.1.0.37.106;FBBV/417556003;FBDV/iPhone7,2;FBMD/iPhone;FBSN/iOS;FBSV/12.5.6;FBSS/2;FBCR/;FBID/phone;FBLC/en;FBOP/0]"
162.158.238.213 - - [17/Nov/2022:10:48:38 +0100] "GET / HTTP/1.0" 200 754 "-" "Mozilla/5.0 (Windows; U; Windows NT 5.1; en-US) AppleWebKit/525.13 (KHTML, like Gecko) Chrome/0.A.B.C Safari/525.13"
162.158.238.213 - - [17/Nov/2022:10:48:38 +0100] "GET / HTTP/1.1" 200 3279 "-" "Mozilla/5.0 (Windows; U; Windows NT 5.1; en-US) AppleWebKit/525.13 (KHTML, like Gecko) Chrome/0.A.B.C Safari/525.13"
172.68.81.145 - - [17/Nov/2022:10:51:07 +0100] "GET / HTTP/1.1" 200 3279 "https://ewane.krd/" "Mozilla/5.0 (Linux; Android 9; PAR-LX1M) AppleWebKit/537.36 (KHTML, like Gecko) Chrome/107.0.0.0 Mobile Safari/537.36"
172.68.81.144 - - [17/Nov/2022:10:51:07 +0100] "GET / HTTP/1.1" 200 3279 "https://ewane.krd/" "Mozilla/5.0 (Linux; Android 9; PAR-LX1M) AppleWebKit/537.36 (KHTML, like Gecko) Chrome/107.0.0.0 Mobile Safari/537.36"
172.68.81.145 - - [17/Nov/2022:10:51:07 +0100] "GET / HTTP/1.0" 200 754 "https://ewane.krd/" "Mozilla/5.0 (Linux; Android 9; PAR-LX1M) AppleWebKit/537.36 (KHTML, like Gecko) Chrome/107.0.0.0 Mobile Safari/537.36"
172.68.81.144 - - [17/Nov/2022:10:51:07 +0100] "GET / HTTP/1.0" 200 754 "https://ewane.krd/" "Mozilla/5.0 (Linux; Android 9; PAR-LX1M) AppleWebKit/537.36 (KHTML, like Gecko) Chrome/107.0.0.0 Mobile Safari/537.36"
162.158.183.238 - - [17/Nov/2022:10:51:08 +0100] "GET /favicon.ico HTTP/1.0" 404 3845 "https://e-ktebxana.krd/" "Mozilla/5.0 (Linux; Android 9; PAR-LX1M) AppleWebKit/537.36 (KHTML, like Gecko) Chrome/107.0.0.0 Mobile Safari/537.36"
172.68.183.64 - - [17/Nov/2022:10:51:09 +0100] "GET /Librarys/Css/Main.css?v=306724542 HTTP/1.0" 200 764 "https://e-ktebxana.krd/" "Mozilla/5.0 (Linux; Android 9; PAR-LX1M) AppleWebKit/537.36 (KHTML, like Gecko) Chrome/107.0.0.0 Mobile Safari/537.36"
162.158.183.204 - - [17/Nov/2022:10:51:09 +0100] "GET /Librarys/Js/Main.js?v306724542 HTTP/1.0" 200 776 "https://e-ktebxana.krd/" "Mozilla/5.0 (Linux; Android 9; PAR-LX1M) AppleWebKit/537.36 (KHTML, like Gecko) Chrome/107.0.0.0 Mobile Safari/537.36"
172.68.183.64 - - [17/Nov/2022:10:51:09 +0100] "GET /Librarys/Css/Main.css?v=306724542 HTTP/1.1" 200 119454 "https://e-ktebxana.krd/" "Mozilla/5.0 (Linux; Android 9; PAR-LX1M) AppleWebKit/537.36 (KHTML, like Gecko) Chrome/107.0.0.0 Mobile Safari/537.36"
162.158.183.204 - - [17/Nov/2022:10:51:09 +0100] "GET /Librarys/Js/Main.js?v306724542 HTTP/1.1" 200 38605 "https://e-ktebxana.krd/" "Mozilla/5.0 (Linux; Android 9; PAR-LX1M) AppleWebKit/537.36 (KHTML, like Gecko) Chrome/107.0.0.0 Mobile Safari/537.36"
172.68.81.144 - - [17/Nov/2022:10:51:10 +0100] "POST /Librarys/Language/AllLang.json HTTP/1.0" 200 16401 "https://e-ktebxana.krd/" "Mozilla/5.0 (Linux; Android 9; PAR-LX1M) AppleWebKit/537.36 (KHTML, like Gecko) Chrome/107.0.0.0 Mobile Safari/537.36"
172.68.81.144 - - [17/Nov/2022:10:51:10 +0100] "GET /login HTTP/1.0" 404 3845 "https://e-ktebxana.krd/" "Mozilla/5.0 (Linux; Android 9; PAR-LX1M) AppleWebKit/537.36 (KHTML, like Gecko) Chrome/107.0.0.0 Mobile Safari/537.36"
162.158.182.17 - - [17/Nov/2022:10:51:13 +0100] "GET /Librarys/Css/Main.css?v=380295919 HTTP/1.0" 200 764 "https://e-ktebxana.krd/" "Mozilla/5.0 (Linux; Android 9; PAR-LX1M) AppleWebKit/537.36 (KHTML, like Gecko) Chrome/107.0.0.0 Mobile Safari/537.36"
162.158.182.17 - - [17/Nov/2022:10:51:13 +0100] "GET /Librarys/Css/Main.css?v=380295919 HTTP/1.1" 200 119454 "https://e-ktebxana.krd/" "Mozilla/5.0 (Linux; Android 9; PAR-LX1M) AppleWebKit/537.36 (KHTML, like Gecko) Chrome/107.0.0.0 Mobile Safari/537.36"
172.68.182.142 - - [17/Nov/2022:10:51:14 +0100] "GET /Librarys/Js/Main.js?v380295919 HTTP/1.1" 200 38605 "https://e-ktebxana.krd/" "Mozilla/5.0 (Linux; Android 9; PAR-LX1M) AppleWebKit/537.36 (KHTML, like Gecko) Chrome/107.0.0.0 Mobile Safari/537.36"
172.68.182.142 - - [17/Nov/2022:10:51:14 +0100] "GET /Librarys/Js/Main.js?v380295919 HTTP/1.0" 200 776 "https://e-ktebxana.krd/" "Mozilla/5.0 (Linux; Android 9; PAR-LX1M) AppleWebKit/537.36 (KHTML, like Gecko) Chrome/107.0.0.0 Mobile Safari/537.36"
172.68.81.144 - - [17/Nov/2022:10:51:14 +0100] "POST /Librarys/Language/AllLang.json HTTP/1.0" 200 16401 "https://e-ktebxana.krd/" "Mozilla/5.0 (Linux; Android 9; PAR-LX1M) AppleWebKit/537.36 (KHTML, like Gecko) Chrome/107.0.0.0 Mobile Safari/537.36"
172.68.81.144 - - [17/Nov/2022:10:51:15 +0100] "GET /login HTTP/1.0" 404 3845 "https://e-ktebxana.krd/" "Mozilla/5.0 (Linux; Android 9; PAR-LX1M) AppleWebKit/537.36 (KHTML, like Gecko) Chrome/107.0.0.0 Mobile Safari/537.36"
162.158.183.228 - - [17/Nov/2022:10:51:17 +0100] "GET /Librarys/Css/Main.css?v=945809444 HTTP/1.0" 200 764 "https://e-ktebxana.krd/login" "Mozilla/5.0 (Linux; Android 9; PAR-LX1M) AppleWebKit/537.36 (KHTML, like Gecko) Chrome/107.0.0.0 Mobile Safari/537.36"
162.158.183.228 - - [17/Nov/2022:10:51:17 +0100] "GET /Librarys/Css/Main.css?v=945809444 HTTP/1.1" 200 119454 "https://e-ktebxana.krd/login" "Mozilla/5.0 (Linux; Android 9; PAR-LX1M) AppleWebKit/537.36 (KHTML, like Gecko) Chrome/107.0.0.0 Mobile Safari/537.36"
162.158.183.191 - - [17/Nov/2022:10:51:18 +0100] "GET /Librarys/Js/Main.js?v945809444 HTTP/1.1" 200 38605 "https://e-ktebxana.krd/login" "Mozilla/5.0 (Linux; Android 9; PAR-LX1M) AppleWebKit/537.36 (KHTML, like Gecko) Chrome/107.0.0.0 Mobile Safari/537.36"
162.158.183.191 - - [17/Nov/2022:10:51:18 +0100] "GET /Librarys/Js/Main.js?v945809444 HTTP/1.0" 200 776 "https://e-ktebxana.krd/login" "Mozilla/5.0 (Linux; Android 9; PAR-LX1M) AppleWebKit/537.36 (KHTML, like Gecko) Chrome/107.0.0.0 Mobile Safari/537.36"
172.68.81.144 - - [17/Nov/2022:10:51:18 +0100] "POST /Librarys/Language/AllLang.json HTTP/1.0" 200 16401 "https://e-ktebxana.krd/login" "Mozilla/5.0 (Linux; Android 9; PAR-LX1M) AppleWebKit/537.36 (KHTML, like Gecko) Chrome/107.0.0.0 Mobile Safari/537.36"
162.158.238.212 - - [17/Nov/2022:10:51:38 +0100] "GET / HTTP/1.0" 200 754 "-" "Mozilla/5.0 (Windows; U; Windows NT 5.1; en-US) AppleWebKit/525.13 (KHTML, like Gecko) Chrome/0.A.B.C Safari/525.13"
162.158.238.212 - - [17/Nov/2022:10:51:38 +0100] "GET / HTTP/1.1" 200 3279 "-" "Mozilla/5.0 (Windows; U; Windows NT 5.1; en-US) AppleWebKit/525.13 (KHTML, like Gecko) Chrome/0.A.B.C Safari/525.13"
172.68.183.28 - - [17/Nov/2022:10:51:44 +0100] "GET /Librarys/Js/Main.js?v313051433 HTTP/1.1" 200 38605 "https://e-ktebxana.krd/" "Mozilla/5.0 (Linux; Android 9; PAR-LX1M) AppleWebKit/537.36 (KHTML, like Gecko) Chrome/107.0.0.0 Mobile Safari/537.36"
162.158.182.9 - - [17/Nov/2022:10:51:44 +0100] "GET /Librarys/Css/Main.css?v=313051433 HTTP/1.1" 200 119454 "https://e-ktebxana.krd/" "Mozilla/5.0 (Linux; Android 9; PAR-LX1M) AppleWebKit/537.36 (KHTML, like Gecko) Chrome/107.0.0.0 Mobile Safari/537.36"
172.68.183.28 - - [17/Nov/2022:10:51:44 +0100] "GET /Librarys/Js/Main.js?v313051433 HTTP/1.0" 200 776 "https://e-ktebxana.krd/" "Mozilla/5.0 (Linux; Android 9; PAR-LX1M) AppleWebKit/537.36 (KHTML, like Gecko) Chrome/107.0.0.0 Mobile Safari/537.36"
172.68.81.144 - - [17/Nov/2022:10:51:44 +0100] "POST /Librarys/Language/AllLang.json HTTP/1.0" 200 16401 "https://e-ktebxana.krd/" "Mozilla/5.0 (Linux; Android 9; PAR-LX1M) AppleWebKit/537.36 (KHTML, like Gecko) Chrome/107.0.0.0 Mobile Safari/537.36"
162.158.182.9 - - [17/Nov/2022:10:51:44 +0100] "GET /Librarys/Css/Main.css?v=313051433 HTTP/1.0" 200 764 "https://e-ktebxana.krd/" "Mozilla/5.0 (Linux; Android 9; PAR-LX1M) AppleWebKit/537.36 (KHTML, like Gecko) Chrome/107.0.0.0 Mobile Safari/537.36"
172.68.81.144 - - [17/Nov/2022:10:51:44 +0100] "GET /login HTTP/1.0" 404 3845 "https://e-ktebxana.krd/" "Mozilla/5.0 (Linux; Android 9; PAR-LX1M) AppleWebKit/537.36 (KHTML, like Gecko) Chrome/107.0.0.0 Mobile Safari/537.36"
162.158.182.44 - - [17/Nov/2022:10:51:45 +0100] "GET /Librarys/Css/Main.css?v=931983640 HTTP/1.0" 200 764 "https://e-ktebxana.krd/login" "Mozilla/5.0 (Linux; Android 9; PAR-LX1M) AppleWebKit/537.36 (KHTML, like Gecko) Chrome/107.0.0.0 Mobile Safari/537.36"
162.158.183.207 - - [17/Nov/2022:10:51:45 +0100] "GET /Librarys/Js/Main.js?v931983640 HTTP/1.0" 200 776 "https://e-ktebxana.krd/login" "Mozilla/5.0 (Linux; Android 9; PAR-LX1M) AppleWebKit/537.36 (KHTML, like Gecko) Chrome/107.0.0.0 Mobile Safari/537.36"
172.68.81.144 - - [17/Nov/2022:10:51:45 +0100] "POST /Librarys/Language/AllLang.json HTTP/1.0" 200 16401 "https://e-ktebxana.krd/login" "Mozilla/5.0 (Linux; Android 9; PAR-LX1M) AppleWebKit/537.36 (KHTML, like Gecko) Chrome/107.0.0.0 Mobile Safari/537.36"
162.158.182.44 - - [17/Nov/2022:10:51:45 +0100] "GET /Librarys/Css/Main.css?v=931983640 HTTP/1.1" 200 119454 "https://e-ktebxana.krd/login" "Mozilla/5.0 (Linux; Android 9; PAR-LX1M) AppleWebKit/537.36 (KHTML, like Gecko) Chrome/107.0.0.0 Mobile Safari/537.36"
162.158.183.207 - - [17/Nov/2022:10:51:45 +0100] "GET /Librarys/Js/Main.js?v931983640 HTTP/1.1" 200 38605 "https://e-ktebxana.krd/login" "Mozilla/5.0 (Linux; Android 9; PAR-LX1M) AppleWebKit/537.36 (KHTML, like Gecko) Chrome/107.0.0.0 Mobile Safari/537.36"
172.68.81.144 - - [17/Nov/2022:10:52:52 +0100] "GET /login HTTP/1.0" 404 3845 "https://e-ktebxana.krd/login" "Mozilla/5.0 (Linux; Android 9; PAR-LX1M) AppleWebKit/537.36 (KHTML, like Gecko) Chrome/107.0.0.0 Mobile Safari/537.36"
162.158.183.248 - - [17/Nov/2022:10:52:53 +0100] "GET /Librarys/Js/Main.js?v635325759 HTTP/1.0" 200 776 "https://e-ktebxana.krd/login" "Mozilla/5.0 (Linux; Android 9; PAR-LX1M) AppleWebKit/537.36 (KHTML, like Gecko) Chrome/107.0.0.0 Mobile Safari/537.36"
172.68.183.55 - - [17/Nov/2022:10:52:53 +0100] "GET /Librarys/Css/Main.css?v=635325759 HTTP/1.0" 200 764 "https://e-ktebxana.krd/login" "Mozilla/5.0 (Linux; Android 9; PAR-LX1M) AppleWebKit/537.36 (KHTML, like Gecko) Chrome/107.0.0.0 Mobile Safari/537.36"
172.68.81.144 - - [17/Nov/2022:10:52:53 +0100] "POST /Librarys/Language/AllLang.json HTTP/1.0" 200 16401 "https://e-ktebxana.krd/login" "Mozilla/5.0 (Linux; Android 9; PAR-LX1M) AppleWebKit/537.36 (KHTML, like Gecko) Chrome/107.0.0.0 Mobile Safari/537.36"
162.158.183.248 - - [17/Nov/2022:10:52:53 +0100] "GET /Librarys/Js/Main.js?v635325759 HTTP/1.1" 200 38605 "https://e-ktebxana.krd/login" "Mozilla/5.0 (Linux; Android 9; PAR-LX1M) AppleWebKit/537.36 (KHTML, like Gecko) Chrome/107.0.0.0 Mobile Safari/537.36"
172.68.183.55 - - [17/Nov/2022:10:52:53 +0100] "GET /Librarys/Css/Main.css?v=635325759 HTTP/1.1" 200 119454 "https://e-ktebxana.krd/login" "Mozilla/5.0 (Linux; Android 9; PAR-LX1M) AppleWebKit/537.36 (KHTML, like Gecko) Chrome/107.0.0.0 Mobile Safari/537.36"
162.158.239.23 - - [17/Nov/2022:10:54:37 +0100] "GET / HTTP/1.1" 200 3279 "-" "Mozilla/5.0 (Windows; U; Windows NT 5.1; en-US) AppleWebKit/525.13 (KHTML, like Gecko) Chrome/0.A.B.C Safari/525.13"
162.158.239.23 - - [17/Nov/2022:10:54:37 +0100] "GET / HTTP/1.0" 200 754 "-" "Mozilla/5.0 (Windows; U; Windows NT 5.1; en-US) AppleWebKit/525.13 (KHTML, like Gecko) Chrome/0.A.B.C Safari/525.13"
162.158.239.49 - - [17/Nov/2022:10:57:37 +0100] "GET / HTTP/1.0" 200 754 "-" "Mozilla/5.0 (Windows; U; Windows NT 5.1; en-US) AppleWebKit/525.13 (KHTML, like Gecko) Chrome/0.A.B.C Safari/525.13"
162.158.239.49 - - [17/Nov/2022:10:57:37 +0100] "GET / HTTP/1.1" 200 3279 "-" "Mozilla/5.0 (Windows; U; Windows NT 5.1; en-US) AppleWebKit/525.13 (KHTML, like Gecko) Chrome/0.A.B.C Safari/525.13"
162.158.239.24 - - [17/Nov/2022:11:00:36 +0100] "GET / HTTP/1.1" 200 3279 "-" "Mozilla/5.0 (Windows; U; Windows NT 5.1; en-US) AppleWebKit/525.13 (KHTML, like Gecko) Chrome/0.A.B.C Safari/525.13"
162.158.239.24 - - [17/Nov/2022:11:00:36 +0100] "GET / HTTP/1.0" 200 754 "-" "Mozilla/5.0 (Windows; U; Windows NT 5.1; en-US) AppleWebKit/525.13 (KHTML, like Gecko) Chrome/0.A.B.C Safari/525.13"
162.158.239.49 - - [17/Nov/2022:11:03:38 +0100] "GET / HTTP/1.0" 200 754 "-" "Mozilla/5.0 (Windows; U; Windows NT 5.1; en-US) AppleWebKit/525.13 (KHTML, like Gecko) Chrome/0.A.B.C Safari/525.13"
162.158.239.49 - - [17/Nov/2022:11:03:38 +0100] "GET / HTTP/1.1" 200 3279 "-" "Mozilla/5.0 (Windows; U; Windows NT 5.1; en-US) AppleWebKit/525.13 (KHTML, like Gecko) Chrome/0.A.B.C Safari/525.13"
162.158.90.124 - - [17/Nov/2022:11:03:47 +0100] "GET / HTTP/1.1" 200 3279 "https://www.ewane.krd/" "Mozilla/5.0 (Linux; Android 10; STK-L21) AppleWebKit/537.36 (KHTML, like Gecko) Chrome/107.0.0.0 Mobile Safari/537.36"
162.158.183.229 - - [17/Nov/2022:11:03:47 +0100] "GET /Librarys/Css/jsTree.css HTTP/1.1" 304 0 "https://e-ktebxana.krd/" "Mozilla/5.0 (Linux; Android 10; STK-L21) AppleWebKit/537.36 (KHTML, like Gecko) Chrome/107.0.0.0 Mobile Safari/537.36"
172.68.183.41 - - [17/Nov/2022:11:03:47 +0100] "GET /Librarys/Css/dropzone.css HTTP/1.1" 304 0 "https://e-ktebxana.krd/" "Mozilla/5.0 (Linux; Android 10; STK-L21) AppleWebKit/537.36 (KHTML, like Gecko) Chrome/107.0.0.0 Mobile Safari/537.36"
162.158.182.47 - - [17/Nov/2022:11:03:47 +0100] "GET /Librarys/Css/bootstrap.min.css?v53400.002 HTTP/1.1" 304 0 "https://e-ktebxana.krd/" "Mozilla/5.0 (Linux; Android 10; STK-L21) AppleWebKit/537.36 (KHTML, like Gecko) Chrome/107.0.0.0 Mobile Safari/537.36"
162.158.183.207 - - [17/Nov/2022:11:03:47 +0100] "GET /Librarys/Js/dropzone.js?v34453322 HTTP/1.1" 304 0 "https://e-ktebxana.krd/" "Mozilla/5.0 (Linux; Android 10; STK-L21) AppleWebKit/537.36 (KHTML, like Gecko) Chrome/107.0.0.0 Mobile Safari/537.36"
162.158.182.17 - - [17/Nov/2022:11:03:47 +0100] "GET /Librarys/Js/jstree.min.js?v34 HTTP/1.1" 304 0 "https://e-ktebxana.krd/" "Mozilla/5.0 (Linux; Android 10; STK-L21) AppleWebKit/537.36 (KHTML, like Gecko) Chrome/107.0.0.0 Mobile Safari/537.36"
162.158.183.182 - - [17/Nov/2022:11:03:47 +0100] "GET /Librarys/Js/Functions.js?v54001.009 HTTP/1.1" 304 0 "https://e-ktebxana.krd/" "Mozilla/5.0 (Linux; Android 10; STK-L21) AppleWebKit/537.36 (KHTML, like Gecko) Chrome/107.0.0.0 Mobile Safari/537.36"
162.158.183.191 - - [17/Nov/2022:11:03:47 +0100] "GET /Librarys/Js/jquery-ui.min.js HTTP/1.1" 304 0 "https://e-ktebxana.krd/" "Mozilla/5.0 (Linux; Android 10; STK-L21) AppleWebKit/537.36 (KHTML, like Gecko) Chrome/107.0.0.0 Mobile Safari/537.36"
162.158.183.205 - - [17/Nov/2022:11:03:47 +0100] "GET /Librarys/Js/bootstrap.min.js HTTP/1.1" 304 0 "https://e-ktebxana.krd/" "Mozilla/5.0 (Linux; Android 10; STK-L21) AppleWebKit/537.36 (KHTML, like Gecko) Chrome/107.0.0.0 Mobile Safari/537.36"
172.68.183.65 - - [17/Nov/2022:11:03:47 +0100] "GET /Librarys/Js/jquery.min.js HTTP/1.1" 304 0 "https://e-ktebxana.krd/" "Mozilla/5.0 (Linux; Android 10; STK-L21) AppleWebKit/537.36 (KHTML, like Gecko) Chrome/107.0.0.0 Mobile Safari/537.36"
162.158.90.124 - - [17/Nov/2022:11:03:47 +0100] "GET / HTTP/1.0" 200 754 "https://www.ewane.krd/" "Mozilla/5.0 (Linux; Android 10; STK-L21) AppleWebKit/537.36 (KHTML, like Gecko) Chrome/107.0.0.0 Mobile Safari/537.36"
162.158.183.229 - - [17/Nov/2022:11:03:47 +0100] "GET /Librarys/Css/jsTree.css HTTP/1.0" 200 766 "https://e-ktebxana.krd/" "Mozilla/5.0 (Linux; Android 10; STK-L21) AppleWebKit/537.36 (KHTML, like Gecko) Chrome/107.0.0.0 Mobile Safari/537.36"
162.158.182.94 - - [17/Nov/2022:11:03:47 +0100] "GET /Librarys/Css/telInput.css?v344 HTTP/1.0" 404 3845 "https://e-ktebxana.krd/" "Mozilla/5.0 (Linux; Android 10; STK-L21) AppleWebKit/537.36 (KHTML, like Gecko) Chrome/107.0.0.0 Mobile Safari/537.36"
172.68.183.41 - - [17/Nov/2022:11:03:47 +0100] "GET /Librarys/Css/dropzone.css HTTP/1.0" 200 768 "https://e-ktebxana.krd/" "Mozilla/5.0 (Linux; Android 10; STK-L21) AppleWebKit/537.36 (KHTML, like Gecko) Chrome/107.0.0.0 Mobile Safari/537.36"
162.158.182.47 - - [17/Nov/2022:11:03:47 +0100] "GET /Librarys/Css/bootstrap.min.css?v53400.002 HTTP/1.0" 200 773 "https://e-ktebxana.krd/" "Mozilla/5.0 (Linux; Android 10; STK-L21) AppleWebKit/537.36 (KHTML, like Gecko) Chrome/107.0.0.0 Mobile Safari/537.36"
162.158.183.207 - - [17/Nov/2022:11:03:47 +0100] "GET /Librarys/Js/dropzone.js?v34453322 HTTP/1.0" 200 780 "https://e-ktebxana.krd/" "Mozilla/5.0 (Linux; Android 10; STK-L21) AppleWebKit/537.36 (KHTML, like Gecko) Chrome/107.0.0.0 Mobile Safari/537.36"
162.158.182.17 - - [17/Nov/2022:11:03:47 +0100] "GET /Librarys/Js/jstree.min.js?v34 HTTP/1.0" 200 782 "https://e-ktebxana.krd/" "Mozilla/5.0 (Linux; Android 10; STK-L21) AppleWebKit/537.36 (KHTML, like Gecko) Chrome/107.0.0.0 Mobile Safari/537.36"
162.158.183.182 - - [17/Nov/2022:11:03:47 +0100] "GET /Librarys/Js/Functions.js?v54001.009 HTTP/1.0" 200 781 "https://e-ktebxana.krd/" "Mozilla/5.0 (Linux; Android 10; STK-L21) AppleWebKit/537.36 (KHTML, like Gecko) Chrome/107.0.0.0 Mobile Safari/537.36"
162.158.183.191 - - [17/Nov/2022:11:03:47 +0100] "GET /Librarys/Js/jquery-ui.min.js HTTP/1.0" 200 785 "https://e-ktebxana.krd/" "Mozilla/5.0 (Linux; Android 10; STK-L21) AppleWebKit/537.36 (KHTML, like Gecko) Chrome/107.0.0.0 Mobile Safari/537.36"
162.158.183.205 - - [17/Nov/2022:11:03:47 +0100] "GET /Librarys/Js/bootstrap.min.js HTTP/1.0" 200 2234 "https://e-ktebxana.krd/" "Mozilla/5.0 (Linux; Android 10; STK-L21) AppleWebKit/537.36 (KHTML, like Gecko) Chrome/107.0.0.0 Mobile Safari/537.36"
172.68.182.146 - - [17/Nov/2022:11:03:47 +0100] "GET /Librarys/Js/Cookie.js?v500.001 HTTP/1.0" 200 1314 "https://e-ktebxana.krd/" "Mozilla/5.0 (Linux; Android 10; STK-L21) AppleWebKit/537.36 (KHTML, like Gecko) Chrome/107.0.0.0 Mobile Safari/537.36"
172.68.183.65 - - [17/Nov/2022:11:03:47 +0100] "GET /Librarys/Js/jquery.min.js HTTP/1.0" 200 782 "https://e-ktebxana.krd/" "Mozilla/5.0 (Linux; Android 10; STK-L21) AppleWebKit/537.36 (KHTML, like Gecko) Chrome/107.0.0.0 Mobile Safari/537.36"
162.158.183.238 - - [17/Nov/2022:11:03:48 +0100] "GET /favicon.ico HTTP/1.0" 404 3845 "https://e-ktebxana.krd/" "Mozilla/5.0 (Linux; Android 10; STK-L21) AppleWebKit/537.36 (KHTML, like Gecko) Chrome/107.0.0.0 Mobile Safari/537.36"
172.68.183.65 - - [17/Nov/2022:11:03:48 +0100] "GET /Librarys/Css/Main.css?v=418521516 HTTP/1.0" 200 764 "https://e-ktebxana.krd/" "Mozilla/5.0 (Linux; Android 10; STK-L21) AppleWebKit/537.36 (KHTML, like Gecko) Chrome/107.0.0.0 Mobile Safari/537.36"
162.158.183.220 - - [17/Nov/2022:11:03:48 +0100] "GET /Librarys/Js/Main.js?v418521516 HTTP/1.0" 200 776 "https://e-ktebxana.krd/" "Mozilla/5.0 (Linux; Android 10; STK-L21) AppleWebKit/537.36 (KHTML, like Gecko) Chrome/107.0.0.0 Mobile Safari/537.36"
172.68.183.65 - - [17/Nov/2022:11:03:48 +0100] "GET /Librarys/Css/Main.css?v=418521516 HTTP/1.1" 200 119454 "https://e-ktebxana.krd/" "Mozilla/5.0 (Linux; Android 10; STK-L21) AppleWebKit/537.36 (KHTML, like Gecko) Chrome/107.0.0.0 Mobile Safari/537.36"
162.158.183.220 - - [17/Nov/2022:11:03:48 +0100] "GET /Librarys/Js/Main.js?v418521516 HTTP/1.1" 200 38605 "https://e-ktebxana.krd/" "Mozilla/5.0 (Linux; Android 10; STK-L21) AppleWebKit/537.36 (KHTML, like Gecko) Chrome/107.0.0.0 Mobile Safari/537.36"
162.158.183.227 - - [17/Nov/2022:11:03:49 +0100] "GET /Librarys/Img/eLoading.gif HTTP/1.1" 304 0 "https://e-ktebxana.krd/" "Mozilla/5.0 (Linux; Android 10; STK-L21) AppleWebKit/537.36 (KHTML, like Gecko) Chrome/107.0.0.0 Mobile Safari/537.36"
162.158.183.180 - - [17/Nov/2022:11:03:49 +0100] "GET /Librarys/Css/audioplayer.css?v45 HTTP/1.1" 304 0 "https://e-ktebxana.krd/login" "Mozilla/5.0 (Linux; Android 10; STK-L21) AppleWebKit/537.36 (KHTML, like Gecko) Chrome/107.0.0.0 Mobile Safari/537.36"
172.68.183.10 - - [17/Nov/2022:11:03:49 +0100] "GET /Librarys/Css/Tellinput.css?v100.0034 HTTP/1.1" 304 0 "https://e-ktebxana.krd/login" "Mozilla/5.0 (Linux; Android 10; STK-L21) AppleWebKit/537.36 (KHTML, like Gecko) Chrome/107.0.0.0 Mobile Safari/537.36"
162.158.90.124 - - [17/Nov/2022:11:03:49 +0100] "POST /Librarys/Language/AllLang.json HTTP/1.0" 200 16401 "https://e-ktebxana.krd/" "Mozilla/5.0 (Linux; Android 10; STK-L21) AppleWebKit/537.36 (KHTML, like Gecko) Chrome/107.0.0.0 Mobile Safari/537.36"
162.158.183.227 - - [17/Nov/2022:11:03:49 +0100] "GET /Librarys/Img/eLoading.gif HTTP/1.0" 200 769 "https://e-ktebxana.krd/" "Mozilla/5.0 (Linux; Android 10; STK-L21) AppleWebKit/537.36 (KHTML, like Gecko) Chrome/107.0.0.0 Mobile Safari/537.36"
162.158.90.124 - - [17/Nov/2022:11:03:49 +0100] "GET /login HTTP/1.0" 404 3845 "https://e-ktebxana.krd/" "Mozilla/5.0 (Linux; Android 10; STK-L21) AppleWebKit/537.36 (KHTML, like Gecko) Chrome/107.0.0.0 Mobile Safari/537.36"
162.158.183.180 - - [17/Nov/2022:11:03:49 +0100] "GET /Librarys/Css/audioplayer.css?v45 HTTP/1.0" 200 771 "https://e-ktebxana.krd/login" "Mozilla/5.0 (Linux; Android 10; STK-L21) AppleWebKit/537.36 (KHTML, like Gecko) Chrome/107.0.0.0 Mobile Safari/537.36"
172.68.183.10 - - [17/Nov/2022:11:03:49 +0100] "GET /Librarys/Css/Tellinput.css?v100.0034 HTTP/1.0" 200 769 "https://e-ktebxana.krd/login" "Mozilla/5.0 (Linux; Android 10; STK-L21) AppleWebKit/537.36 (KHTML, like Gecko) Chrome/107.0.0.0 Mobile Safari/537.36"
162.158.182.56 - - [17/Nov/2022:11:03:50 +0100] "GET /Librarys/Js/audioplayer.js HTTP/1.0" 200 783 "https://e-ktebxana.krd/login" "Mozilla/5.0 (Linux; Android 10; STK-L21) AppleWebKit/537.36 (KHTML, like Gecko) Chrome/107.0.0.0 Mobile Safari/537.36"
162.158.182.71 - - [17/Nov/2022:11:03:50 +0100] "GET /Librarys/Js/Chart.js?v500.001 HTTP/1.0" 200 777 "https://e-ktebxana.krd/login" "Mozilla/5.0 (Linux; Android 10; STK-L21) AppleWebKit/537.36 (KHTML, like Gecko) Chrome/107.0.0.0 Mobile Safari/537.36"
172.68.182.122 - - [17/Nov/2022:11:03:50 +0100] "GET /Librarys/Js/dropzone.js?v6000.0009 HTTP/1.0" 200 780 "https://e-ktebxana.krd/login" "Mozilla/5.0 (Linux; Android 10; STK-L21) AppleWebKit/537.36 (KHTML, like Gecko) Chrome/107.0.0.0 Mobile Safari/537.36"
162.158.182.4 - - [17/Nov/2022:11:03:50 +0100] "GET /Librarys/Css/Main.css?v=96422115 HTTP/1.0" 200 764 "https://e-ktebxana.krd/login" "Mozilla/5.0 (Linux; Android 10; STK-L21) AppleWebKit/537.36 (KHTML, like Gecko) Chrome/107.0.0.0 Mobile Safari/537.36"
162.158.182.56 - - [17/Nov/2022:11:03:50 +0100] "GET /Librarys/Js/audioplayer.js HTTP/1.1" 304 0 "https://e-ktebxana.krd/login" "Mozilla/5.0 (Linux; Android 10; STK-L21) AppleWebKit/537.36 (KHTML, like Gecko) Chrome/107.0.0.0 Mobile Safari/537.36"
162.158.182.71 - - [17/Nov/2022:11:03:50 +0100] "GET /Librarys/Js/Chart.js?v500.001 HTTP/1.1" 304 0 "https://e-ktebxana.krd/login" "Mozilla/5.0 (Linux; Android 10; STK-L21) AppleWebKit/537.36 (KHTML, like Gecko) Chrome/107.0.0.0 Mobile Safari/537.36"
172.68.182.122 - - [17/Nov/2022:11:03:50 +0100] "GET /Librarys/Js/dropzone.js?v6000.0009 HTTP/1.1" 304 0 "https://e-ktebxana.krd/login" "Mozilla/5.0 (Linux; Android 10; STK-L21) AppleWebKit/537.36 (KHTML, like Gecko) Chrome/107.0.0.0 Mobile Safari/537.36"
162.158.182.4 - - [17/Nov/2022:11:03:50 +0100] "GET /Librarys/Css/Main.css?v=96422115 HTTP/1.1" 200 119454 "https://e-ktebxana.krd/login" "Mozilla/5.0 (Linux; Android 10; STK-L21) AppleWebKit/537.36 (KHTML, like Gecko) Chrome/107.0.0.0 Mobile Safari/537.36"
172.68.183.33 - - [17/Nov/2022:11:03:51 +0100] "GET /Librarys/Js/Main.js?v96422115 HTTP/1.1" 200 38605 "https://e-ktebxana.krd/login" "Mozilla/5.0 (Linux; Android 10; STK-L21) AppleWebKit/537.36 (KHTML, like Gecko) Chrome/107.0.0.0 Mobile Safari/537.36"
162.158.182.10 - - [17/Nov/2022:11:03:51 +0100] "GET /Librarys/Img/background.190f80a9.png HTTP/1.1" 304 0 "https://e-ktebxana.krd/Librarys/Css/Main.css?v=96422115" "Mozilla/5.0 (Linux; Android 10; STK-L21) AppleWebKit/537.36 (KHTML, like Gecko) Chrome/107.0.0.0 Mobile Safari/537.36"
172.68.183.33 - - [17/Nov/2022:11:03:51 +0100] "GET /Librarys/Js/Main.js?v96422115 HTTP/1.0" 200 776 "https://e-ktebxana.krd/login" "Mozilla/5.0 (Linux; Android 10; STK-L21) AppleWebKit/537.36 (KHTML, like Gecko) Chrome/107.0.0.0 Mobile Safari/537.36"
162.158.90.124 - - [17/Nov/2022:11:03:51 +0100] "POST /Librarys/Language/AllLang.json HTTP/1.0" 200 16401 "https://e-ktebxana.krd/login" "Mozilla/5.0 (Linux; Android 10; STK-L21) AppleWebKit/537.36 (KHTML, like Gecko) Chrome/107.0.0.0 Mobile Safari/537.36"
162.158.182.10 - - [17/Nov/2022:11:03:51 +0100] "GET /Librarys/Img/background.190f80a9.png HTTP/1.0" 200 780 "https://e-ktebxana.krd/Librarys/Css/Main.css?v=96422115" "Mozilla/5.0 (Linux; Android 10; STK-L21) AppleWebKit/537.36 (KHTML, like Gecko) Chrome/107.0.0.0 Mobile Safari/537.36"
162.158.90.124 - - [17/Nov/2022:11:03:55 +0100] "GET /login HTTP/1.0" 404 3845 "https://e-ktebxana.krd/" "Mozilla/5.0 (Linux; Android 10; STK-L21) AppleWebKit/537.36 (KHTML, like Gecko) Chrome/107.0.0.0 Mobile Safari/537.36"
172.68.182.239 - - [17/Nov/2022:11:03:55 +0100] "GET /Librarys/Css/Main.css?v=878902483 HTTP/1.0" 200 764 "https://e-ktebxana.krd/login" "Mozilla/5.0 (Linux; Android 10; STK-L21) AppleWebKit/537.36 (KHTML, like Gecko) Chrome/107.0.0.0 Mobile Safari/537.36"
172.68.182.239 - - [17/Nov/2022:11:03:55 +0100] "GET /Librarys/Css/Main.css?v=878902483 HTTP/1.1" 200 119454 "https://e-ktebxana.krd/login" "Mozilla/5.0 (Linux; Android 10; STK-L21) AppleWebKit/537.36 (KHTML, like Gecko) Chrome/107.0.0.0 Mobile Safari/537.36"
162.158.183.226 - - [17/Nov/2022:11:03:56 +0100] "GET /Librarys/Js/Main.js?v878902483 HTTP/1.1" 200 38605 "https://e-ktebxana.krd/login" "Mozilla/5.0 (Linux; Android 10; STK-L21) AppleWebKit/537.36 (KHTML, like Gecko) Chrome/107.0.0.0 Mobile Safari/537.36"
162.158.183.226 - - [17/Nov/2022:11:03:56 +0100] "GET /Librarys/Js/Main.js?v878902483 HTTP/1.0" 200 776 "https://e-ktebxana.krd/login" "Mozilla/5.0 (Linux; Android 10; STK-L21) AppleWebKit/537.36 (KHTML, like Gecko) Chrome/107.0.0.0 Mobile Safari/537.36"
162.158.182.34 - - [17/Nov/2022:11:04:45 +0100] "GET /Librarys/Css/Main.css?v=393516977 HTTP/1.0" 200 764 "https://e-ktebxana.krd/" "Mozilla/5.0 (Linux; Android 10; STK-L21) AppleWebKit/537.36 (KHTML, like Gecko) Chrome/107.0.0.0 Mobile Safari/537.36"
162.158.182.9 - - [17/Nov/2022:11:04:45 +0100] "GET /Librarys/Js/Main.js?v393516977 HTTP/1.0" 200 776 "https://e-ktebxana.krd/" "Mozilla/5.0 (Linux; Android 10; STK-L21) AppleWebKit/537.36 (KHTML, like Gecko) Chrome/107.0.0.0 Mobile Safari/537.36"
162.158.90.124 - - [17/Nov/2022:11:04:45 +0100] "POST /Librarys/Language/AllLang.json HTTP/1.0" 200 16401 "https://e-ktebxana.krd/" "Mozilla/5.0 (Linux; Android 10; STK-L21) AppleWebKit/537.36 (KHTML, like Gecko) Chrome/107.0.0.0 Mobile Safari/537.36"
162.158.90.124 - - [17/Nov/2022:11:04:45 +0100] "GET /login HTTP/1.0" 404 3845 "https://e-ktebxana.krd/" "Mozilla/5.0 (Linux; Android 10; STK-L21) AppleWebKit/537.36 (KHTML, like Gecko) Chrome/107.0.0.0 Mobile Safari/537.36"
162.158.182.34 - - [17/Nov/2022:11:04:45 +0100] "GET /Librarys/Css/Main.css?v=393516977 HTTP/1.1" 200 119454 "https://e-ktebxana.krd/" "Mozilla/5.0 (Linux; Android 10; STK-L21) AppleWebKit/537.36 (KHTML, like Gecko) Chrome/107.0.0.0 Mobile Safari/537.36"
162.158.182.9 - - [17/Nov/2022:11:04:45 +0100] "GET /Librarys/Js/Main.js?v393516977 HTTP/1.1" 200 38605 "https://e-ktebxana.krd/" "Mozilla/5.0 (Linux; Android 10; STK-L21) AppleWebKit/537.36 (KHTML, like Gecko) Chrome/107.0.0.0 Mobile Safari/537.36"
172.68.183.10 - - [17/Nov/2022:11:04:46 +0100] "GET /Librarys/Css/Main.css?v=893190687 HTTP/1.1" 200 119454 "https://e-ktebxana.krd/login" "Mozilla/5.0 (Linux; Android 10; STK-L21) AppleWebKit/537.36 (KHTML, like Gecko) Chrome/107.0.0.0 Mobile Safari/537.36"
