162.158.239.24 - - [17/Nov/2022:14:03:38 +0100] "GET / HTTP/1.1" 200 3279 "-" "Mozilla/5.0 (Windows; U; Windows NT 5.1; en-US) AppleWebKit/525.13 (KHTML, like Gecko) Chrome/0.A.B.C Safari/525.13"
162.158.239.50 - - [17/Nov/2022:14:06:39 +0100] "GET / HTTP/1.1" 200 3279 "-" "Mozilla/5.0 (Windows; U; Windows NT 5.1; en-US) AppleWebKit/525.13 (KHTML, like Gecko) Chrome/0.A.B.C Safari/525.13"
162.158.239.50 - - [17/Nov/2022:14:06:39 +0100] "GET / HTTP/1.0" 200 754 "-" "Mozilla/5.0 (Windows; U; Windows NT 5.1; en-US) AppleWebKit/525.13 (KHTML, like Gecko) Chrome/0.A.B.C Safari/525.13"
162.158.239.5 - - [17/Nov/2022:14:09:37 +0100] "GET / HTTP/1.0" 200 754 "-" "Mozilla/5.0 (Windows; U; Windows NT 5.1; en-US) AppleWebKit/525.13 (KHTML, like Gecko) Chrome/0.A.B.C Safari/525.13"
162.158.239.5 - - [17/Nov/2022:14:09:37 +0100] "GET / HTTP/1.1" 200 3279 "-" "Mozilla/5.0 (Windows; U; Windows NT 5.1; en-US) AppleWebKit/525.13 (KHTML, like Gecko) Chrome/0.A.B.C Safari/525.13"
162.158.238.212 - - [17/Nov/2022:14:12:37 +0100] "GET / HTTP/1.1" 200 3279 "-" "Mozilla/5.0 (Windows; U; Windows NT 5.1; en-US) AppleWebKit/525.13 (KHTML, like Gecko) Chrome/0.A.B.C Safari/525.13"
162.158.238.212 - - [17/Nov/2022:14:12:37 +0100] "GET / HTTP/1.0" 200 754 "-" "Mozilla/5.0 (Windows; U; Windows NT 5.1; en-US) AppleWebKit/525.13 (KHTML, like Gecko) Chrome/0.A.B.C Safari/525.13"
162.158.239.6 - - [17/Nov/2022:14:15:38 +0100] "GET / HTTP/1.0" 200 754 "-" "Mozilla/5.0 (Windows; U; Windows NT 5.1; en-US) AppleWebKit/525.13 (KHTML, like Gecko) Chrome/0.A.B.C Safari/525.13"
162.158.239.6 - - [17/Nov/2022:14:15:38 +0100] "GET / HTTP/1.1" 200 3279 "-" "Mozilla/5.0 (Windows; U; Windows NT 5.1; en-US) AppleWebKit/525.13 (KHTML, like Gecko) Chrome/0.A.B.C Safari/525.13"
162.158.239.23 - - [17/Nov/2022:14:18:38 +0100] "GET / HTTP/1.1" 200 3279 "-" "Mozilla/5.0 (Windows; U; Windows NT 5.1; en-US) AppleWebKit/525.13 (KHTML, like Gecko) Chrome/0.A.B.C Safari/525.13"
162.158.239.23 - - [17/Nov/2022:14:18:38 +0100] "GET / HTTP/1.0" 200 754 "-" "Mozilla/5.0 (Windows; U; Windows NT 5.1; en-US) AppleWebKit/525.13 (KHTML, like Gecko) Chrome/0.A.B.C Safari/525.13"
162.158.239.49 - - [17/Nov/2022:14:21:37 +0100] "GET / HTTP/1.0" 200 754 "-" "Mozilla/5.0 (Windows; U; Windows NT 5.1; en-US) AppleWebKit/525.13 (KHTML, like Gecko) Chrome/0.A.B.C Safari/525.13"
162.158.239.49 - - [17/Nov/2022:14:21:37 +0100] "GET / HTTP/1.1" 200 3279 "-" "Mozilla/5.0 (Windows; U; Windows NT 5.1; en-US) AppleWebKit/525.13 (KHTML, like Gecko) Chrome/0.A.B.C Safari/525.13"
141.101.96.151 - - [17/Nov/2022:14:22:23 +0100] "GET / HTTP/1.1" 200 3279 "https://ewane.krd/" "Mozilla/5.0 (Linux; Android 11; SM-A217F) AppleWebKit/537.36 (KHTML, like Gecko) Chrome/106.0.0.0 Mobile Safari/537.36"
141.101.96.151 - - [17/Nov/2022:14:22:23 +0100] "GET / HTTP/1.0" 200 754 "https://ewane.krd/" "Mozilla/5.0 (Linux; Android 11; SM-A217F) AppleWebKit/537.36 (KHTML, like Gecko) Chrome/106.0.0.0 Mobile Safari/537.36"
162.158.182.94 - - [17/Nov/2022:14:22:24 +0100] "GET /Librarys/Css/telInput.css?v344 HTTP/1.0" 404 3845 "https://e-ktebxana.krd/" "Mozilla/5.0 (Linux; Android 11; SM-A217F) AppleWebKit/537.36 (KHTML, like Gecko) Chrome/106.0.0.0 Mobile Safari/537.36"
162.158.183.238 - - [17/Nov/2022:14:22:25 +0100] "GET /favicon.ico HTTP/1.0" 404 3845 "https://e-ktebxana.krd/" "Mozilla/5.0 (Linux; Android 11; SM-A217F) AppleWebKit/537.36 (KHTML, like Gecko) Chrome/106.0.0.0 Mobile Safari/537.36"
172.69.210.131 - - [17/Nov/2022:14:22:26 +0100] "GET /?token=X6S9L4UOrQDbrrZ4bSDP6A/Pcw84D7JVit86havao1Dgchh/weXsV3thmQeYfBOHrQeB7RW9KwRtTgRegsz/QIoa/GRtpfzYxB7aFdJar3lyZRFLI+L53MZY2Z6rb4qaVos1JOazAZTE8ylzOpuPtQ== HTTP/1.0" 200 754 "https://e-parwarda.com/" "Mozilla/5.0 (Windows NT 10.0; Win64; x64) AppleWebKit/537.36 (KHTML, like Gecko) Chrome/107.0.0.0 Safari/537.36"
172.69.210.131 - - [17/Nov/2022:14:22:26 +0100] "GET /?token=X6S9L4UOrQDbrrZ4bSDP6A/Pcw84D7JVit86havao1Dgchh/weXsV3thmQeYfBOHrQeB7RW9KwRtTgRegsz/QIoa/GRtpfzYxB7aFdJar3lyZRFLI+L53MZY2Z6rb4qaVos1JOazAZTE8ylzOpuPtQ== HTTP/1.1" 200 3279 "https://e-parwarda.com/" "Mozilla/5.0 (Windows NT 10.0; Win64; x64) AppleWebKit/537.36 (KHTML, like Gecko) Chrome/107.0.0.0 Safari/537.36"
162.158.182.94 - - [17/Nov/2022:14:22:27 +0100] "GET /Librarys/Css/Main.css?v=529658175 HTTP/1.1" 200 119454 "https://e-ktebxana.krd/?token=X6S9L4UOrQDbrrZ4bSDP6A/Pcw84D7JVit86havao1Dgchh/weXsV3thmQeYfBOHrQeB7RW9KwRtTgRegsz/QIoa/GRtpfzYxB7aFdJar3lyZRFLI+L53MZY2Z6rb4qaVos1JOazAZTE8ylzOpuPtQ==" "Mozilla/5.0 (Windows NT 10.0; Win64; x64) AppleWebKit/537.36 (KHTML, like Gecko) Chrome/107.0.0.0 Safari/537.36"
162.158.182.94 - - [17/Nov/2022:14:22:27 +0100] "GET /Librarys/Css/Main.css?v=529658175 HTTP/1.0" 200 764 "https://e-ktebxana.krd/?token=X6S9L4UOrQDbrrZ4bSDP6A/Pcw84D7JVit86havao1Dgchh/weXsV3thmQeYfBOHrQeB7RW9KwRtTgRegsz/QIoa/GRtpfzYxB7aFdJar3lyZRFLI+L53MZY2Z6rb4qaVos1JOazAZTE8ylzOpuPtQ==" "Mozilla/5.0 (Windows NT 10.0; Win64; x64) AppleWebKit/537.36 (KHTML, like Gecko) Chrome/107.0.0.0 Safari/537.36"
162.158.183.230 - - [17/Nov/2022:14:22:28 +0100] "GET /Librarys/Css/Main.css?v=507751417 HTTP/1.0" 200 764 "https://e-ktebxana.krd/" "Mozilla/5.0 (Linux; Android 11; SM-A217F) AppleWebKit/537.36 (KHTML, like Gecko) Chrome/106.0.0.0 Mobile Safari/537.36"
162.158.183.230 - - [17/Nov/2022:14:22:28 +0100] "GET /Librarys/Css/Main.css?v=507751417 HTTP/1.1" 200 119454 "https://e-ktebxana.krd/" "Mozilla/5.0 (Linux; Android 11; SM-A217F) AppleWebKit/537.36 (KHTML, like Gecko) Chrome/106.0.0.0 Mobile Safari/537.36"
162.158.183.171 - - [17/Nov/2022:14:22:50 +0100] "GET /Librarys/Css/Main.css?v=582459098 HTTP/1.1" 200 119454 "https://e-ktebxana.krd/" "Mozilla/5.0 (Linux; Android 11; SM-A217F) AppleWebKit/537.36 (KHTML, like Gecko) Chrome/106.0.0.0 Mobile Safari/537.36"
162.158.183.171 - - [17/Nov/2022:14:22:50 +0100] "GET /Librarys/Css/Main.css?v=582459098 HTTP/1.0" 200 764 "https://e-ktebxana.krd/" "Mozilla/5.0 (Linux; Android 11; SM-A217F) AppleWebKit/537.36 (KHTML, like Gecko) Chrome/106.0.0.0 Mobile Safari/537.36"
162.158.182.67 - - [17/Nov/2022:14:22:57 +0100] "GET /Librarys/Js/Main.js?v582459098 HTTP/1.0" 200 776 "https://e-ktebxana.krd/" "Mozilla/5.0 (Linux; Android 11; SM-A217F) AppleWebKit/537.36 (KHTML, like Gecko) Chrome/106.0.0.0 Mobile Safari/537.36"
141.101.96.151 - - [17/Nov/2022:14:22:57 +0100] "POST /Librarys/Language/AllLang.json HTTP/1.0" 200 16401 "https://e-ktebxana.krd/" "Mozilla/5.0 (Linux; Android 11; SM-A217F) AppleWebKit/537.36 (KHTML, like Gecko) Chrome/106.0.0.0 Mobile Safari/537.36"
141.101.96.151 - - [17/Nov/2022:14:22:57 +0100] "GET /login HTTP/1.0" 404 3845 "https://e-ktebxana.krd/" "Mozilla/5.0 (Linux; Android 11; SM-A217F) AppleWebKit/537.36 (KHTML, like Gecko) Chrome/106.0.0.0 Mobile Safari/537.36"
162.158.182.67 - - [17/Nov/2022:14:22:57 +0100] "GET /Librarys/Js/Main.js?v582459098 HTTP/1.1" 200 38605 "https://e-ktebxana.krd/" "Mozilla/5.0 (Linux; Android 11; SM-A217F) AppleWebKit/537.36 (KHTML, like Gecko) Chrome/106.0.0.0 Mobile Safari/537.36"
172.68.183.73 - - [17/Nov/2022:14:22:59 +0100] "GET /Librarys/Css/Main.css?v=982796384 HTTP/1.1" 200 119454 "https://e-ktebxana.krd/login" "Mozilla/5.0 (Linux; Android 11; SM-A217F) AppleWebKit/537.36 (KHTML, like Gecko) Chrome/106.0.0.0 Mobile Safari/537.36"
162.158.182.35 - - [17/Nov/2022:14:22:59 +0100] "GET /Librarys/Js/Main.js?v982796384 HTTP/1.1" 200 38605 "https://e-ktebxana.krd/login" "Mozilla/5.0 (Linux; Android 11; SM-A217F) AppleWebKit/537.36 (KHTML, like Gecko) Chrome/106.0.0.0 Mobile Safari/537.36"
172.68.183.73 - - [17/Nov/2022:14:22:59 +0100] "GET /Librarys/Css/Main.css?v=982796384 HTTP/1.0" 200 764 "https://e-ktebxana.krd/login" "Mozilla/5.0 (Linux; Android 11; SM-A217F) AppleWebKit/537.36 (KHTML, like Gecko) Chrome/106.0.0.0 Mobile Safari/537.36"
162.158.182.35 - - [17/Nov/2022:14:22:59 +0100] "GET /Librarys/Js/Main.js?v982796384 HTTP/1.0" 200 776 "https://e-ktebxana.krd/login" "Mozilla/5.0 (Linux; Android 11; SM-A217F) AppleWebKit/537.36 (KHTML, like Gecko) Chrome/106.0.0.0 Mobile Safari/537.36"
141.101.96.151 - - [17/Nov/2022:14:23:00 +0100] "POST /Librarys/Language/AllLang.json HTTP/1.0" 200 16401 "https://e-ktebxana.krd/login" "Mozilla/5.0 (Linux; Android 11; SM-A217F) AppleWebKit/537.36 (KHTML, like Gecko) Chrome/106.0.0.0 Mobile Safari/537.36"
162.158.239.24 - - [17/Nov/2022:14:24:38 +0100] "GET / HTTP/1.0" 200 754 "-" "Mozilla/5.0 (Windows; U; Windows NT 5.1; en-US) AppleWebKit/525.13 (KHTML, like Gecko) Chrome/0.A.B.C Safari/525.13"
162.158.239.24 - - [17/Nov/2022:14:24:38 +0100] "GET / HTTP/1.1" 200 3279 "-" "Mozilla/5.0 (Windows; U; Windows NT 5.1; en-US) AppleWebKit/525.13 (KHTML, like Gecko) Chrome/0.A.B.C Safari/525.13"
162.158.239.50 - - [17/Nov/2022:14:27:38 +0100] "GET / HTTP/1.1" 200 3279 "-" "Mozilla/5.0 (Windows; U; Windows NT 5.1; en-US) AppleWebKit/525.13 (KHTML, like Gecko) Chrome/0.A.B.C Safari/525.13"
162.158.239.50 - - [17/Nov/2022:14:27:38 +0100] "GET / HTTP/1.0" 200 754 "-" "Mozilla/5.0 (Windows; U; Windows NT 5.1; en-US) AppleWebKit/525.13 (KHTML, like Gecko) Chrome/0.A.B.C Safari/525.13"
162.158.239.49 - - [17/Nov/2022:14:30:37 +0100] "GET / HTTP/1.0" 200 754 "-" "Mozilla/5.0 (Windows; U; Windows NT 5.1; en-US) AppleWebKit/525.13 (KHTML, like Gecko) Chrome/0.A.B.C Safari/525.13"
162.158.239.49 - - [17/Nov/2022:14:30:37 +0100] "GET / HTTP/1.1" 200 3279 "-" "Mozilla/5.0 (Windows; U; Windows NT 5.1; en-US) AppleWebKit/525.13 (KHTML, like Gecko) Chrome/0.A.B.C Safari/525.13"
162.158.239.24 - - [17/Nov/2022:14:33:36 +0100] "GET / HTTP/1.1" 200 3279 "-" "Mozilla/5.0 (Windows; U; Windows NT 5.1; en-US) AppleWebKit/525.13 (KHTML, like Gecko) Chrome/0.A.B.C Safari/525.13"
162.158.239.24 - - [17/Nov/2022:14:33:36 +0100] "GET / HTTP/1.0" 200 754 "-" "Mozilla/5.0 (Windows; U; Windows NT 5.1; en-US) AppleWebKit/525.13 (KHTML, like Gecko) Chrome/0.A.B.C Safari/525.13"
162.158.239.50 - - [17/Nov/2022:14:36:37 +0100] "GET / HTTP/1.0" 200 754 "-" "Mozilla/5.0 (Windows; U; Windows NT 5.1; en-US) AppleWebKit/525.13 (KHTML, like Gecko) Chrome/0.A.B.C Safari/525.13"
162.158.239.50 - - [17/Nov/2022:14:36:37 +0100] "GET / HTTP/1.1" 200 3279 "-" "Mozilla/5.0 (Windows; U; Windows NT 5.1; en-US) AppleWebKit/525.13 (KHTML, like Gecko) Chrome/0.A.B.C Safari/525.13"
162.158.238.213 - - [17/Nov/2022:14:39:37 +0100] "GET / HTTP/1.1" 200 3279 "-" "Mozilla/5.0 (Windows; U; Windows NT 5.1; en-US) AppleWebKit/525.13 (KHTML, like Gecko) Chrome/0.A.B.C Safari/525.13"
162.158.238.213 - - [17/Nov/2022:14:39:37 +0100] "GET / HTTP/1.0" 200 754 "-" "Mozilla/5.0 (Windows; U; Windows NT 5.1; en-US) AppleWebKit/525.13 (KHTML, like Gecko) Chrome/0.A.B.C Safari/525.13"
162.158.239.49 - - [17/Nov/2022:14:42:41 +0100] "GET / HTTP/1.0" 200 754 "-" "Mozilla/5.0 (Windows; U; Windows NT 5.1; en-US) AppleWebKit/525.13 (KHTML, like Gecko) Chrome/0.A.B.C Safari/525.13"
162.158.239.49 - - [17/Nov/2022:14:42:41 +0100] "GET / HTTP/1.1" 200 3279 "-" "Mozilla/5.0 (Windows; U; Windows NT 5.1; en-US) AppleWebKit/525.13 (KHTML, like Gecko) Chrome/0.A.B.C Safari/525.13"
172.69.210.137 - - [17/Nov/2022:14:44:34 +0100] "GET / HTTP/1.1" 304 0 "https://ewane.krd/" "Mozilla/5.0 (Linux; Android 10; SM-N960F) AppleWebKit/537.36 (KHTML, like Gecko) Chrome/107.0.0.0 Mobile Safari/537.36"
172.69.210.137 - - [17/Nov/2022:14:44:34 +0100] "GET / HTTP/1.0" 200 754 "https://ewane.krd/" "Mozilla/5.0 (Linux; Android 10; SM-N960F) AppleWebKit/537.36 (KHTML, like Gecko) Chrome/107.0.0.0 Mobile Safari/537.36"
162.158.182.95 - - [17/Nov/2022:14:44:34 +0100] "GET /Librarys/Css/telInput.css?v344 HTTP/1.0" 404 3845 "https://e-ktebxana.krd/" "Mozilla/5.0 (Linux; Android 10; SM-N960F) AppleWebKit/537.36 (KHTML, like Gecko) Chrome/107.0.0.0 Mobile Safari/537.36"
162.158.183.238 - - [17/Nov/2022:14:44:35 +0100] "GET /favicon.ico HTTP/1.0" 404 3845 "https://e-ktebxana.krd/" "Mozilla/5.0 (Linux; Android 10; SM-N960F) AppleWebKit/537.36 (KHTML, like Gecko) Chrome/107.0.0.0 Mobile Safari/537.36"
162.158.183.238 - - [17/Nov/2022:14:44:35 +0100] "GET /Librarys/Css/Main.css?v=403226632 HTTP/1.0" 200 764 "https://e-ktebxana.krd/" "Mozilla/5.0 (Linux; Android 10; SM-N960F) AppleWebKit/537.36 (KHTML, like Gecko) Chrome/107.0.0.0 Mobile Safari/537.36"
172.68.182.122 - - [17/Nov/2022:14:44:35 +0100] "GET /Librarys/Js/Main.js?v403226632 HTTP/1.0" 200 776 "https://e-ktebxana.krd/" "Mozilla/5.0 (Linux; Android 10; SM-N960F) AppleWebKit/537.36 (KHTML, like Gecko) Chrome/107.0.0.0 Mobile Safari/537.36"
172.69.210.137 - - [17/Nov/2022:14:44:35 +0100] "POST /Librarys/Language/AllLang.json HTTP/1.0" 200 16401 "https://e-ktebxana.krd/" "Mozilla/5.0 (Linux; Android 10; SM-N960F) AppleWebKit/537.36 (KHTML, like Gecko) Chrome/107.0.0.0 Mobile Safari/537.36"
162.158.183.238 - - [17/Nov/2022:14:44:35 +0100] "GET /Librarys/Css/Main.css?v=403226632 HTTP/1.1" 200 119454 "https://e-ktebxana.krd/" "Mozilla/5.0 (Linux; Android 10; SM-N960F) AppleWebKit/537.36 (KHTML, like Gecko) Chrome/107.0.0.0 Mobile Safari/537.36"
172.68.182.122 - - [17/Nov/2022:14:44:35 +0100] "GET /Librarys/Js/Main.js?v403226632 HTTP/1.1" 200 38605 "https://e-ktebxana.krd/" "Mozilla/5.0 (Linux; Android 10; SM-N960F) AppleWebKit/537.36 (KHTML, like Gecko) Chrome/107.0.0.0 Mobile Safari/537.36"
172.69.210.137 - - [17/Nov/2022:14:44:36 +0100] "GET /login HTTP/1.0" 404 3845 "https://e-ktebxana.krd/" "Mozilla/5.0 (Linux; Android 10; SM-N960F) AppleWebKit/537.36 (KHTML, like Gecko) Chrome/107.0.0.0 Mobile Safari/537.36"
141.101.96.152 - - [17/Nov/2022:14:45:12 +0100] "GET / HTTP/1.0" 200 754 "https://ewane.krd/" "Mozilla/5.0 (Linux; Android 8.1.0; SM-G610F) AppleWebKit/537.36 (KHTML, like Gecko) Chrome/107.0.0.0 Mobile Safari/537.36"
141.101.96.152 - - [17/Nov/2022:14:45:12 +0100] "GET / HTTP/1.1" 200 3279 "https://ewane.krd/" "Mozilla/5.0 (Linux; Android 8.1.0; SM-G610F) AppleWebKit/537.36 (KHTML, like Gecko) Chrome/107.0.0.0 Mobile Safari/537.36"
162.158.182.97 - - [17/Nov/2022:14:45:14 +0100] "GET /Librarys/Css/Main.css?v=769859288 HTTP/1.1" 200 119454 "https://e-ktebxana.krd/" "Mozilla/5.0 (Linux; Android 8.1.0; SM-G610F) AppleWebKit/537.36 (KHTML, like Gecko) Chrome/107.0.0.0 Mobile Safari/537.36"
162.158.182.97 - - [17/Nov/2022:14:45:14 +0100] "GET /Librarys/Css/Main.css?v=769859288 HTTP/1.0" 200 764 "https://e-ktebxana.krd/" "Mozilla/5.0 (Linux; Android 8.1.0; SM-G610F) AppleWebKit/537.36 (KHTML, like Gecko) Chrome/107.0.0.0 Mobile Safari/537.36"
141.101.96.152 - - [17/Nov/2022:14:45:27 +0100] "GET / HTTP/1.0" 200 754 "https://ewane.krd/" "Mozilla/5.0 (Linux; Android 8.1.0; SM-G610F) AppleWebKit/537.36 (KHTML, like Gecko) Chrome/107.0.0.0 Mobile Safari/537.36"
172.68.183.54 - - [17/Nov/2022:14:45:27 +0100] "GET /Librarys/Css/Main.css?v=692516065 HTTP/1.0" 200 764 "https://e-ktebxana.krd/" "Mozilla/5.0 (Linux; Android 8.1.0; SM-G610F) AppleWebKit/537.36 (KHTML, like Gecko) Chrome/107.0.0.0 Mobile Safari/537.36"
141.101.96.152 - - [17/Nov/2022:14:45:27 +0100] "GET / HTTP/1.1" 304 0 "https://ewane.krd/" "Mozilla/5.0 (Linux; Android 8.1.0; SM-G610F) AppleWebKit/537.36 (KHTML, like Gecko) Chrome/107.0.0.0 Mobile Safari/537.36"
172.68.183.54 - - [17/Nov/2022:14:45:27 +0100] "GET /Librarys/Css/Main.css?v=692516065 HTTP/1.1" 200 119454 "https://e-ktebxana.krd/" "Mozilla/5.0 (Linux; Android 8.1.0; SM-G610F) AppleWebKit/537.36 (KHTML, like Gecko) Chrome/107.0.0.0 Mobile Safari/537.36"
162.158.239.50 - - [17/Nov/2022:14:45:37 +0100] "GET / HTTP/1.1" 200 3279 "-" "Mozilla/5.0 (Windows; U; Windows NT 5.1; en-US) AppleWebKit/525.13 (KHTML, like Gecko) Chrome/0.A.B.C Safari/525.13"
162.158.239.50 - - [17/Nov/2022:14:45:37 +0100] "GET / HTTP/1.0" 200 754 "-" "Mozilla/5.0 (Windows; U; Windows NT 5.1; en-US) AppleWebKit/525.13 (KHTML, like Gecko) Chrome/0.A.B.C Safari/525.13"
162.158.182.18 - - [17/Nov/2022:14:46:12 +0100] "GET /Librarys/Css/Main.css?v=587305589 HTTP/1.0" 200 764 "https://e-ktebxana.krd/" "Mozilla/5.0 (Linux; Android 8.1.0; SM-G610F) AppleWebKit/537.36 (KHTML, like Gecko) Chrome/107.0.0.0 Mobile Safari/537.36"
172.68.183.8 - - [17/Nov/2022:14:46:12 +0100] "GET /Librarys/Js/Main.js?v587305589 HTTP/1.0" 200 776 "https://e-ktebxana.krd/" "Mozilla/5.0 (Linux; Android 8.1.0; SM-G610F) AppleWebKit/537.36 (KHTML, like Gecko) Chrome/107.0.0.0 Mobile Safari/537.36"
162.158.182.18 - - [17/Nov/2022:14:46:12 +0100] "GET /Librarys/Css/Main.css?v=587305589 HTTP/1.1" 200 119454 "https://e-ktebxana.krd/" "Mozilla/5.0 (Linux; Android 8.1.0; SM-G610F) AppleWebKit/537.36 (KHTML, like Gecko) Chrome/107.0.0.0 Mobile Safari/537.36"
172.68.183.8 - - [17/Nov/2022:14:46:12 +0100] "GET /Librarys/Js/Main.js?v587305589 HTTP/1.1" 200 38605 "https://e-ktebxana.krd/" "Mozilla/5.0 (Linux; Android 8.1.0; SM-G610F) AppleWebKit/537.36 (KHTML, like Gecko) Chrome/107.0.0.0 Mobile Safari/537.36"
162.158.182.92 - - [17/Nov/2022:14:46:13 +0100] "GET /Librarys/Css/Main.css?v=645871482 HTTP/1.1" 200 119454 "https://e-ktebxana.krd/login" "Mozilla/5.0 (Linux; Android 8.1.0; SM-G610F) AppleWebKit/537.36 (KHTML, like Gecko) Chrome/107.0.0.0 Mobile Safari/537.36"
141.101.96.152 - - [17/Nov/2022:14:46:13 +0100] "POST /Librarys/Language/AllLang.json HTTP/1.0" 200 16401 "https://e-ktebxana.krd/" "Mozilla/5.0 (Linux; Android 8.1.0; SM-G610F) AppleWebKit/537.36 (KHTML, like Gecko) Chrome/107.0.0.0 Mobile Safari/537.36"
141.101.96.152 - - [17/Nov/2022:14:46:13 +0100] "GET /login HTTP/1.0" 404 3845 "https://e-ktebxana.krd/" "Mozilla/5.0 (Linux; Android 8.1.0; SM-G610F) AppleWebKit/537.36 (KHTML, like Gecko) Chrome/107.0.0.0 Mobile Safari/537.36"
162.158.182.92 - - [17/Nov/2022:14:46:13 +0100] "GET /Librarys/Css/Main.css?v=645871482 HTTP/1.0" 200 764 "https://e-ktebxana.krd/login" "Mozilla/5.0 (Linux; Android 8.1.0; SM-G610F) AppleWebKit/537.36 (KHTML, like Gecko) Chrome/107.0.0.0 Mobile Safari/537.36"
162.158.183.229 - - [17/Nov/2022:14:46:15 +0100] "GET /Librarys/Js/Main.js?v645871482 HTTP/1.0" 200 776 "https://e-ktebxana.krd/login" "Mozilla/5.0 (Linux; Android 8.1.0; SM-G610F) AppleWebKit/537.36 (KHTML, like Gecko) Chrome/107.0.0.0 Mobile Safari/537.36"
141.101.96.152 - - [17/Nov/2022:14:46:15 +0100] "POST /Librarys/Language/AllLang.json HTTP/1.0" 200 16401 "https://e-ktebxana.krd/login" "Mozilla/5.0 (Linux; Android 8.1.0; SM-G610F) AppleWebKit/537.36 (KHTML, like Gecko) Chrome/107.0.0.0 Mobile Safari/537.36"
162.158.183.229 - - [17/Nov/2022:14:46:15 +0100] "GET /Librarys/Js/Main.js?v645871482 HTTP/1.1" 200 38605 "https://e-ktebxana.krd/login" "Mozilla/5.0 (Linux; Android 8.1.0; SM-G610F) AppleWebKit/537.36 (KHTML, like Gecko) Chrome/107.0.0.0 Mobile Safari/537.36"
141.101.96.152 - - [17/Nov/2022:14:48:19 +0100] "GET / HTTP/1.1" 200 3279 "https://ewane.krd/" "Mozilla/5.0 (Linux; Android 8.1.0; SM-G610F) AppleWebKit/537.36 (KHTML, like Gecko) Chrome/107.0.0.0 Mobile Safari/537.36"
141.101.96.152 - - [17/Nov/2022:14:48:19 +0100] "GET / HTTP/1.0" 200 754 "https://ewane.krd/" "Mozilla/5.0 (Linux; Android 8.1.0; SM-G610F) AppleWebKit/537.36 (KHTML, like Gecko) Chrome/107.0.0.0 Mobile Safari/537.36"
162.158.182.95 - - [17/Nov/2022:14:48:19 +0100] "GET /Librarys/Css/telInput.css?v344 HTTP/1.0" 404 3845 "https://e-ktebxana.krd/" "Mozilla/5.0 (Linux; Android 8.1.0; SM-G610F) AppleWebKit/537.36 (KHTML, like Gecko) Chrome/107.0.0.0 Mobile Safari/537.36"
162.158.182.60 - - [17/Nov/2022:14:48:20 +0100] "GET /Librarys/Css/Main.css?v=714943134 HTTP/1.0" 200 764 "https://e-ktebxana.krd/" "Mozilla/5.0 (Linux; Android 8.1.0; SM-G610F) AppleWebKit/537.36 (KHTML, like Gecko) Chrome/107.0.0.0 Mobile Safari/537.36"
162.158.182.60 - - [17/Nov/2022:14:48:20 +0100] "GET /Librarys/Css/Main.css?v=714943134 HTTP/1.1" 200 119454 "https://e-ktebxana.krd/" "Mozilla/5.0 (Linux; Android 8.1.0; SM-G610F) AppleWebKit/537.36 (KHTML, like Gecko) Chrome/107.0.0.0 Mobile Safari/537.36"
162.158.238.212 - - [17/Nov/2022:14:48:38 +0100] "GET / HTTP/1.1" 200 3279 "-" "Mozilla/5.0 (Windows; U; Windows NT 5.1; en-US) AppleWebKit/525.13 (KHTML, like Gecko) Chrome/0.A.B.C Safari/525.13"
162.158.238.212 - - [17/Nov/2022:14:48:38 +0100] "GET / HTTP/1.0" 200 754 "-" "Mozilla/5.0 (Windows; U; Windows NT 5.1; en-US) AppleWebKit/525.13 (KHTML, like Gecko) Chrome/0.A.B.C Safari/525.13"
162.158.182.51 - - [17/Nov/2022:14:50:03 +0100] "GET /Librarys/Css/Main.css?v=47325801 HTTP/1.0" 200 764 "https://e-ktebxana.krd/" "Mozilla/5.0 (Linux; Android 8.1.0; SM-G610F) AppleWebKit/537.36 (KHTML, like Gecko) Chrome/107.0.0.0 Mobile Safari/537.36"
162.158.183.202 - - [17/Nov/2022:14:50:03 +0100] "GET /Librarys/Js/Main.js?v47325801 HTTP/1.0" 200 776 "https://e-ktebxana.krd/" "Mozilla/5.0 (Linux; Android 8.1.0; SM-G610F) AppleWebKit/537.36 (KHTML, like Gecko) Chrome/107.0.0.0 Mobile Safari/537.36"
162.158.182.51 - - [17/Nov/2022:14:50:03 +0100] "GET /Librarys/Css/Main.css?v=47325801 HTTP/1.1" 200 119454 "https://e-ktebxana.krd/" "Mozilla/5.0 (Linux; Android 8.1.0; SM-G610F) AppleWebKit/537.36 (KHTML, like Gecko) Chrome/107.0.0.0 Mobile Safari/537.36"
162.158.183.202 - - [17/Nov/2022:14:50:03 +0100] "GET /Librarys/Js/Main.js?v47325801 HTTP/1.1" 200 38605 "https://e-ktebxana.krd/" "Mozilla/5.0 (Linux; Android 8.1.0; SM-G610F) AppleWebKit/537.36 (KHTML, like Gecko) Chrome/107.0.0.0 Mobile Safari/537.36"
172.68.183.67 - - [17/Nov/2022:14:50:04 +0100] "GET /Librarys/Css/Main.css?v=317208474 HTTP/1.1" 200 119454 "https://e-ktebxana.krd/login" "Mozilla/5.0 (Linux; Android 8.1.0; SM-G610F) AppleWebKit/537.36 (KHTML, like Gecko) Chrome/107.0.0.0 Mobile Safari/537.36"
141.101.96.152 - - [17/Nov/2022:14:50:04 +0100] "POST /Librarys/Language/AllLang.json HTTP/1.0" 200 16401 "https://e-ktebxana.krd/" "Mozilla/5.0 (Linux; Android 8.1.0; SM-G610F) AppleWebKit/537.36 (KHTML, like Gecko) Chrome/107.0.0.0 Mobile Safari/537.36"
141.101.96.152 - - [17/Nov/2022:14:50:04 +0100] "GET /login HTTP/1.0" 404 3845 "https://e-ktebxana.krd/" "Mozilla/5.0 (Linux; Android 8.1.0; SM-G610F) AppleWebKit/537.36 (KHTML, like Gecko) Chrome/107.0.0.0 Mobile Safari/537.36"
172.68.183.67 - - [17/Nov/2022:14:50:04 +0100] "GET /Librarys/Css/Main.css?v=317208474 HTTP/1.0" 200 764 "https://e-ktebxana.krd/login" "Mozilla/5.0 (Linux; Android 8.1.0; SM-G610F) AppleWebKit/537.36 (KHTML, like Gecko) Chrome/107.0.0.0 Mobile Safari/537.36"
172.68.183.59 - - [17/Nov/2022:14:50:05 +0100] "GET /Librarys/Js/Main.js?v317208474 HTTP/1.0" 200 776 "https://e-ktebxana.krd/login" "Mozilla/5.0 (Linux; Android 8.1.0; SM-G610F) AppleWebKit/537.36 (KHTML, like Gecko) Chrome/107.0.0.0 Mobile Safari/537.36"
141.101.96.152 - - [17/Nov/2022:14:50:05 +0100] "POST /Librarys/Language/AllLang.json HTTP/1.0" 200 16401 "https://e-ktebxana.krd/login" "Mozilla/5.0 (Linux; Android 8.1.0; SM-G610F) AppleWebKit/537.36 (KHTML, like Gecko) Chrome/107.0.0.0 Mobile Safari/537.36"
172.68.183.59 - - [17/Nov/2022:14:50:05 +0100] "GET /Librarys/Js/Main.js?v317208474 HTTP/1.1" 200 38605 "https://e-ktebxana.krd/login" "Mozilla/5.0 (Linux; Android 8.1.0; SM-G610F) AppleWebKit/537.36 (KHTML, like Gecko) Chrome/107.0.0.0 Mobile Safari/537.36"
162.158.239.24 - - [17/Nov/2022:14:51:39 +0100] "GET / HTTP/1.1" 200 3279 "-" "Mozilla/5.0 (Windows; U; Windows NT 5.1; en-US) AppleWebKit/525.13 (KHTML, like Gecko) Chrome/0.A.B.C Safari/525.13"
162.158.239.24 - - [17/Nov/2022:14:51:39 +0100] "GET / HTTP/1.0" 200 754 "-" "Mozilla/5.0 (Windows; U; Windows NT 5.1; en-US) AppleWebKit/525.13 (KHTML, like Gecko) Chrome/0.A.B.C Safari/525.13"
172.71.98.196 - - [17/Nov/2022:14:53:52 +0100] "GET /js/js.php HTTP/1.1" 404 3049 "-" "Mozilla/5.0 (Macintosh; Intel Mac OS X 10.14; rv:68.0) Gecko/20100101 Firefox/68.0"
162.158.239.23 - - [17/Nov/2022:14:54:39 +0100] "GET / HTTP/1.1" 200 3279 "-" "Mozilla/5.0 (Windows; U; Windows NT 5.1; en-US) AppleWebKit/525.13 (KHTML, like Gecko) Chrome/0.A.B.C Safari/525.13"
162.158.239.23 - - [17/Nov/2022:14:54:39 +0100] "GET / HTTP/1.0" 200 754 "-" "Mozilla/5.0 (Windows; U; Windows NT 5.1; en-US) AppleWebKit/525.13 (KHTML, like Gecko) Chrome/0.A.B.C Safari/525.13"
162.158.91.217 - - [17/Nov/2022:14:55:20 +0100] "GET / HTTP/1.0" 200 754 "https://ewane.krd/" "Mozilla/5.0 (Linux; Android 9; JKM-LX1) AppleWebKit/537.36 (KHTML, like Gecko) Chrome/106.0.0.0 Mobile Safari/537.36"
162.158.91.217 - - [17/Nov/2022:14:55:20 +0100] "GET / HTTP/1.1" 200 3279 "https://ewane.krd/" "Mozilla/5.0 (Linux; Android 9; JKM-LX1) AppleWebKit/537.36 (KHTML, like Gecko) Chrome/106.0.0.0 Mobile Safari/537.36"
162.158.90.238 - - [17/Nov/2022:14:55:21 +0100] "GET / HTTP/1.1" 200 3279 "https://www.ewane.krd/" "Mozilla/5.0 (iPad; CPU OS 15_7 like Mac OS X) AppleWebKit/605.1.15 (KHTML, like Gecko) GSA/236.0.484392333 Mobile/15E148 Safari/604.1"
162.158.90.239 - - [17/Nov/2022:14:55:21 +0100] "GET / HTTP/1.1" 200 3279 "https://www.ewane.krd/" "Mozilla/5.0 (iPad; CPU OS 15_7 like Mac OS X) AppleWebKit/605.1.15 (KHTML, like Gecko) GSA/236.0.484392333 Mobile/15E148 Safari/604.1"
162.158.90.238 - - [17/Nov/2022:14:55:21 +0100] "GET / HTTP/1.1" 200 3279 "https://www.ewane.krd/" "Mozilla/5.0 (iPad; CPU OS 15_7 like Mac OS X) AppleWebKit/605.1.15 (KHTML, like Gecko) GSA/236.0.484392333 Mobile/15E148 Safari/604.1"
162.158.90.239 - - [17/Nov/2022:14:55:21 +0100] "GET / HTTP/1.1" 200 3279 "https://www.ewane.krd/" "Mozilla/5.0 (iPad; CPU OS 15_7 like Mac OS X) AppleWebKit/605.1.15 (KHTML, like Gecko) GSA/236.0.484392333 Mobile/15E148 Safari/604.1"
162.158.90.238 - - [17/Nov/2022:14:55:21 +0100] "GET / HTTP/1.1" 200 3279 "https://www.ewane.krd/" "Mozilla/5.0 (iPad; CPU OS 15_7 like Mac OS X) AppleWebKit/605.1.15 (KHTML, like Gecko) GSA/236.0.484392333 Mobile/15E148 Safari/604.1"
162.158.90.238 - - [17/Nov/2022:14:55:21 +0100] "GET / HTTP/1.0" 200 754 "https://www.ewane.krd/" "Mozilla/5.0 (iPad; CPU OS 15_7 like Mac OS X) AppleWebKit/605.1.15 (KHTML, like Gecko) GSA/236.0.484392333 Mobile/15E148 Safari/604.1"
162.158.90.239 - - [17/Nov/2022:14:55:21 +0100] "GET / HTTP/1.0" 200 754 "https://www.ewane.krd/" "Mozilla/5.0 (iPad; CPU OS 15_7 like Mac OS X) AppleWebKit/605.1.15 (KHTML, like Gecko) GSA/236.0.484392333 Mobile/15E148 Safari/604.1"
162.158.182.94 - - [17/Nov/2022:14:55:21 +0100] "GET /Librarys/Css/telInput.css?v344 HTTP/1.0" 404 3845 "https://e-ktebxana.krd/" "Mozilla/5.0 (Linux; Android 9; JKM-LX1) AppleWebKit/537.36 (KHTML, like Gecko) Chrome/106.0.0.0 Mobile Safari/537.36"
162.158.90.238 - - [17/Nov/2022:14:55:21 +0100] "GET / HTTP/1.0" 200 754 "https://www.ewane.krd/" "Mozilla/5.0 (iPad; CPU OS 15_7 like Mac OS X) AppleWebKit/605.1.15 (KHTML, like Gecko) GSA/236.0.484392333 Mobile/15E148 Safari/604.1"
162.158.90.239 - - [17/Nov/2022:14:55:21 +0100] "GET / HTTP/1.0" 200 754 "https://www.ewane.krd/" "Mozilla/5.0 (iPad; CPU OS 15_7 like Mac OS X) AppleWebKit/605.1.15 (KHTML, like Gecko) GSA/236.0.484392333 Mobile/15E148 Safari/604.1"
162.158.90.238 - - [17/Nov/2022:14:55:21 +0100] "GET / HTTP/1.0" 200 754 "https://www.ewane.krd/" "Mozilla/5.0 (iPad; CPU OS 15_7 like Mac OS X) AppleWebKit/605.1.15 (KHTML, like Gecko) GSA/236.0.484392333 Mobile/15E148 Safari/604.1"
162.158.183.238 - - [17/Nov/2022:14:55:22 +0100] "GET /favicon.ico HTTP/1.0" 404 3845 "https://e-ktebxana.krd/" "Mozilla/5.0 (Linux; Android 9; JKM-LX1) AppleWebKit/537.36 (KHTML, like Gecko) Chrome/106.0.0.0 Mobile Safari/537.36"
162.158.183.184 - - [17/Nov/2022:14:55:22 +0100] "GET /Librarys/Css/Main.css?v=594488982 HTTP/1.0" 200 764 "https://e-ktebxana.krd/" "Mozilla/5.0 (Linux; Android 9; JKM-LX1) AppleWebKit/537.36 (KHTML, like Gecko) Chrome/106.0.0.0 Mobile Safari/537.36"
172.68.183.56 - - [17/Nov/2022:14:55:22 +0100] "GET /Librarys/Css/Main.css?v=173250910 HTTP/1.0" 200 764 "https://e-ktebxana.krd/" "Mozilla/5.0 (iPad; CPU OS 15_7 like Mac OS X) AppleWebKit/605.1.15 (KHTML, like Gecko) GSA/236.0.484392333 Mobile/15E148 Safari/604.1"
162.158.183.184 - - [17/Nov/2022:14:55:22 +0100] "GET /Librarys/Css/Main.css?v=594488982 HTTP/1.1" 200 119454 "https://e-ktebxana.krd/" "Mozilla/5.0 (Linux; Android 9; JKM-LX1) AppleWebKit/537.36 (KHTML, like Gecko) Chrome/106.0.0.0 Mobile Safari/537.36"
172.68.183.56 - - [17/Nov/2022:14:55:22 +0100] "GET /Librarys/Css/Main.css?v=173250910 HTTP/1.1" 200 119454 "https://e-ktebxana.krd/" "Mozilla/5.0 (iPad; CPU OS 15_7 like Mac OS X) AppleWebKit/605.1.15 (KHTML, like Gecko) GSA/236.0.484392333 Mobile/15E148 Safari/604.1"
172.69.210.130 - - [17/Nov/2022:14:55:51 +0100] "GET / HTTP/1.1" 200 3279 "https://ewane.krd/" "Mozilla/5.0 (Linux; Android 12; V2029) AppleWebKit/537.36 (KHTML, like Gecko) Chrome/107.0.0.0 Mobile Safari/537.36"
172.69.210.130 - - [17/Nov/2022:14:55:51 +0100] "GET / HTTP/1.0" 200 754 "https://ewane.krd/" "Mozilla/5.0 (Linux; Android 12; V2029) AppleWebKit/537.36 (KHTML, like Gecko) Chrome/107.0.0.0 Mobile Safari/537.36"
162.158.183.248 - - [17/Nov/2022:14:55:52 +0100] "GET /Librarys/Css/Main.css?v=332767984 HTTP/1.0" 200 764 "https://e-ktebxana.krd/" "Mozilla/5.0 (Linux; Android 12; V2029) AppleWebKit/537.36 (KHTML, like Gecko) Chrome/107.0.0.0 Mobile Safari/537.36"
162.158.183.248 - - [17/Nov/2022:14:55:52 +0100] "GET /Librarys/Css/Main.css?v=332767984 HTTP/1.1" 200 119454 "https://e-ktebxana.krd/" "Mozilla/5.0 (Linux; Android 12; V2029) AppleWebKit/537.36 (KHTML, like Gecko) Chrome/107.0.0.0 Mobile Safari/537.36"
162.158.183.197 - - [17/Nov/2022:14:56:14 +0100] "GET /Librarys/Js/Main.js?v173250910 HTTP/1.1" 200 38605 "https://e-ktebxana.krd/" "Mozilla/5.0 (iPad; CPU OS 15_7 like Mac OS X) AppleWebKit/605.1.15 (KHTML, like Gecko) GSA/236.0.484392333 Mobile/15E148 Safari/604.1"
162.158.183.197 - - [17/Nov/2022:14:56:14 +0100] "GET /Librarys/Js/Main.js?v173250910 HTTP/1.0" 200 776 "https://e-ktebxana.krd/" "Mozilla/5.0 (iPad; CPU OS 15_7 like Mac OS X) AppleWebKit/605.1.15 (KHTML, like Gecko) GSA/236.0.484392333 Mobile/15E148 Safari/604.1"
162.158.90.239 - - [17/Nov/2022:14:56:14 +0100] "POST /Librarys/Language/AllLang.json HTTP/1.0" 200 16401 "https://e-ktebxana.krd/" "Mozilla/5.0 (iPad; CPU OS 15_7 like Mac OS X) AppleWebKit/605.1.15 (KHTML, like Gecko) GSA/236.0.484392333 Mobile/15E148 Safari/604.1"
162.158.90.238 - - [17/Nov/2022:14:56:14 +0100] "GET /login HTTP/1.0" 404 3845 "https://e-ktebxana.krd/" "Mozilla/5.0 (iPad; CPU OS 15_7 like Mac OS X) AppleWebKit/605.1.15 (KHTML, like Gecko) GSA/236.0.484392333 Mobile/15E148 Safari/604.1"
162.158.183.154 - - [17/Nov/2022:14:56:15 +0100] "GET /Librarys/Css/Main.css?v=920566349 HTTP/1.0" 200 764 "https://e-ktebxana.krd/login" "Mozilla/5.0 (iPad; CPU OS 15_7 like Mac OS X) AppleWebKit/605.1.15 (KHTML, like Gecko) GSA/236.0.484392333 Mobile/15E148 Safari/604.1"
162.158.183.154 - - [17/Nov/2022:14:56:15 +0100] "GET /Librarys/Css/Main.css?v=920566349 HTTP/1.1" 200 119454 "https://e-ktebxana.krd/login" "Mozilla/5.0 (iPad; CPU OS 15_7 like Mac OS X) AppleWebKit/605.1.15 (KHTML, like Gecko) GSA/236.0.484392333 Mobile/15E148 Safari/604.1"
172.68.183.7 - - [17/Nov/2022:14:56:16 +0100] "GET /Librarys/Js/Main.js?v920566349 HTTP/1.1" 200 38605 "https://e-ktebxana.krd/login" "Mozilla/5.0 (iPad; CPU OS 15_7 like Mac OS X) AppleWebKit/605.1.15 (KHTML, like Gecko) GSA/236.0.484392333 Mobile/15E148 Safari/604.1"
172.68.183.7 - - [17/Nov/2022:14:56:16 +0100] "GET /Librarys/Js/Main.js?v920566349 HTTP/1.0" 200 776 "https://e-ktebxana.krd/login" "Mozilla/5.0 (iPad; CPU OS 15_7 like Mac OS X) AppleWebKit/605.1.15 (KHTML, like Gecko) GSA/236.0.484392333 Mobile/15E148 Safari/604.1"
162.158.90.239 - - [17/Nov/2022:14:56:17 +0100] "POST /Librarys/Language/AllLang.json HTTP/1.0" 200 16401 "https://e-ktebxana.krd/login" "Mozilla/5.0 (iPad; CPU OS 15_7 like Mac OS X) AppleWebKit/605.1.15 (KHTML, like Gecko) GSA/236.0.484392333 Mobile/15E148 Safari/604.1"
172.68.183.21 - - [17/Nov/2022:14:56:24 +0100] "GET /Librarys/Css/Main.css?v=734842803 HTTP/1.0" 200 764 "https://e-ktebxana.krd/" "Mozilla/5.0 (Linux; Android 12; V2029) AppleWebKit/537.36 (KHTML, like Gecko) Chrome/107.0.0.0 Mobile Safari/537.36"
162.158.182.56 - - [17/Nov/2022:14:56:24 +0100] "GET /Librarys/Js/Main.js?v734842803 HTTP/1.0" 200 776 "https://e-ktebxana.krd/" "Mozilla/5.0 (Linux; Android 12; V2029) AppleWebKit/537.36 (KHTML, like Gecko) Chrome/107.0.0.0 Mobile Safari/537.36"
172.69.210.130 - - [17/Nov/2022:14:56:24 +0100] "POST /Librarys/Language/AllLang.json HTTP/1.0" 200 16401 "https://e-ktebxana.krd/" "Mozilla/5.0 (Linux; Android 12; V2029) AppleWebKit/537.36 (KHTML, like Gecko) Chrome/107.0.0.0 Mobile Safari/537.36"
172.69.210.130 - - [17/Nov/2022:14:56:24 +0100] "GET /login HTTP/1.0" 404 3845 "https://e-ktebxana.krd/" "Mozilla/5.0 (Linux; Android 12; V2029) AppleWebKit/537.36 (KHTML, like Gecko) Chrome/107.0.0.0 Mobile Safari/537.36"
172.68.183.21 - - [17/Nov/2022:14:56:24 +0100] "GET /Librarys/Css/Main.css?v=734842803 HTTP/1.1" 200 119454 "https://e-ktebxana.krd/" "Mozilla/5.0 (Linux; Android 12; V2029) AppleWebKit/537.36 (KHTML, like Gecko) Chrome/107.0.0.0 Mobile Safari/537.36"
162.158.182.56 - - [17/Nov/2022:14:56:24 +0100] "GET /Librarys/Js/Main.js?v734842803 HTTP/1.1" 200 38605 "https://e-ktebxana.krd/" "Mozilla/5.0 (Linux; Android 12; V2029) AppleWebKit/537.36 (KHTML, like Gecko) Chrome/107.0.0.0 Mobile Safari/537.36"
162.158.182.11 - - [17/Nov/2022:14:56:25 +0100] "GET /Librarys/Css/Main.css?v=46218467 HTTP/1.1" 200 119454 "https://e-ktebxana.krd/login" "Mozilla/5.0 (Linux; Android 12; V2029) AppleWebKit/537.36 (KHTML, like Gecko) Chrome/107.0.0.0 Mobile Safari/537.36"
162.158.183.224 - - [17/Nov/2022:14:56:25 +0100] "GET /Librarys/Js/Main.js?v46218467 HTTP/1.1" 200 38605 "https://e-ktebxana.krd/login" "Mozilla/5.0 (Linux; Android 12; V2029) AppleWebKit/537.36 (KHTML, like Gecko) Chrome/107.0.0.0 Mobile Safari/537.36"
162.158.182.11 - - [17/Nov/2022:14:56:25 +0100] "GET /Librarys/Css/Main.css?v=46218467 HTTP/1.0" 200 764 "https://e-ktebxana.krd/login" "Mozilla/5.0 (Linux; Android 12; V2029) AppleWebKit/537.36 (KHTML, like Gecko) Chrome/107.0.0.0 Mobile Safari/537.36"
162.158.183.224 - - [17/Nov/2022:14:56:25 +0100] "GET /Librarys/Js/Main.js?v46218467 HTTP/1.0" 200 776 "https://e-ktebxana.krd/login" "Mozilla/5.0 (Linux; Android 12; V2029) AppleWebKit/537.36 (KHTML, like Gecko) Chrome/107.0.0.0 Mobile Safari/537.36"
172.69.210.130 - - [17/Nov/2022:14:56:26 +0100] "POST /Librarys/Language/AllLang.json HTTP/1.0" 200 16401 "https://e-ktebxana.krd/login" "Mozilla/5.0 (Linux; Android 12; V2029) AppleWebKit/537.36 (KHTML, like Gecko) Chrome/107.0.0.0 Mobile Safari/537.36"
162.158.182.41 - - [17/Nov/2022:14:56:41 +0100] "GET /Librarys/Css/Main.css?v=640949352 HTTP/1.0" 200 764 "https://e-ktebxana.krd/" "Mozilla/5.0 (Linux; Android 12; V2029) AppleWebKit/537.36 (KHTML, like Gecko) Chrome/107.0.0.0 Mobile Safari/537.36"
172.68.182.247 - - [17/Nov/2022:14:56:41 +0100] "GET /Librarys/Js/Main.js?v640949352 HTTP/1.0" 200 776 "https://e-ktebxana.krd/" "Mozilla/5.0 (Linux; Android 12; V2029) AppleWebKit/537.36 (KHTML, like Gecko) Chrome/107.0.0.0 Mobile Safari/537.36"
162.158.182.41 - - [17/Nov/2022:14:56:41 +0100] "GET /Librarys/Css/Main.css?v=640949352 HTTP/1.1" 200 119454 "https://e-ktebxana.krd/" "Mozilla/5.0 (Linux; Android 12; V2029) AppleWebKit/537.36 (KHTML, like Gecko) Chrome/107.0.0.0 Mobile Safari/537.36"
172.68.182.247 - - [17/Nov/2022:14:56:41 +0100] "GET /Librarys/Js/Main.js?v640949352 HTTP/1.1" 200 38605 "https://e-ktebxana.krd/" "Mozilla/5.0 (Linux; Android 12; V2029) AppleWebKit/537.36 (KHTML, like Gecko) Chrome/107.0.0.0 Mobile Safari/537.36"
162.158.183.229 - - [17/Nov/2022:14:56:42 +0100] "GET /Librarys/Css/Main.css?v=620981113 HTTP/1.1" 200 119454 "https://e-ktebxana.krd/login" "Mozilla/5.0 (Linux; Android 12; V2029) AppleWebKit/537.36 (KHTML, like Gecko) Chrome/107.0.0.0 Mobile Safari/537.36"
162.158.183.229 - - [17/Nov/2022:14:56:42 +0100] "GET /Librarys/Js/Main.js?v620981113 HTTP/1.1" 200 38605 "https://e-ktebxana.krd/login" "Mozilla/5.0 (Linux; Android 12; V2029) AppleWebKit/537.36 (KHTML, like Gecko) Chrome/107.0.0.0 Mobile Safari/537.36"
172.69.210.130 - - [17/Nov/2022:14:56:42 +0100] "POST /Librarys/Language/AllLang.json HTTP/1.0" 200 16401 "https://e-ktebxana.krd/" "Mozilla/5.0 (Linux; Android 12; V2029) AppleWebKit/537.36 (KHTML, like Gecko) Chrome/107.0.0.0 Mobile Safari/537.36"
172.69.210.130 - - [17/Nov/2022:14:56:42 +0100] "GET /login HTTP/1.0" 404 3845 "https://e-ktebxana.krd/" "Mozilla/5.0 (Linux; Android 12; V2029) AppleWebKit/537.36 (KHTML, like Gecko) Chrome/107.0.0.0 Mobile Safari/537.36"
162.158.183.229 - - [17/Nov/2022:14:56:42 +0100] "GET /Librarys/Css/Main.css?v=620981113 HTTP/1.0" 200 764 "https://e-ktebxana.krd/login" "Mozilla/5.0 (Linux; Android 12; V2029) AppleWebKit/537.36 (KHTML, like Gecko) Chrome/107.0.0.0 Mobile Safari/537.36"
162.158.183.229 - - [17/Nov/2022:14:56:42 +0100] "GET /Librarys/Js/Main.js?v620981113 HTTP/1.0" 200 776 "https://e-ktebxana.krd/login" "Mozilla/5.0 (Linux; Android 12; V2029) AppleWebKit/537.36 (KHTML, like Gecko) Chrome/107.0.0.0 Mobile Safari/537.36"
172.69.210.130 - - [17/Nov/2022:14:56:42 +0100] "POST /Librarys/Language/AllLang.json HTTP/1.0" 200 16401 "https://e-ktebxana.krd/login" "Mozilla/5.0 (Linux; Android 12; V2029) AppleWebKit/537.36 (KHTML, like Gecko) Chrome/107.0.0.0 Mobile Safari/537.36"
162.158.238.212 - - [17/Nov/2022:14:57:39 +0100] "GET / HTTP/1.0" 200 754 "-" "Mozilla/5.0 (Windows; U; Windows NT 5.1; en-US) AppleWebKit/525.13 (KHTML, like Gecko) Chrome/0.A.B.C Safari/525.13"
162.158.238.212 - - [17/Nov/2022:14:57:39 +0100] "GET / HTTP/1.1" 200 3279 "-" "Mozilla/5.0 (Windows; U; Windows NT 5.1; en-US) AppleWebKit/525.13 (KHTML, like Gecko) Chrome/0.A.B.C Safari/525.13"
162.158.183.252 - - [17/Nov/2022:14:58:00 +0100] "GET /Librarys/Js/Main.js?v876743806 HTTP/1.1" 200 38605 "https://e-ktebxana.krd/login" "Mozilla/5.0 (Macintosh; Intel Mac OS X 10_15_6) AppleWebKit/605.1.15 (KHTML, like Gecko)"
162.158.183.207 - - [17/Nov/2022:14:58:00 +0100] "GET /Librarys/Css/Main.css?v=876743806 HTTP/1.1" 200 119454 "https://e-ktebxana.krd/login" "Mozilla/5.0 (Macintosh; Intel Mac OS X 10_15_6) AppleWebKit/605.1.15 (KHTML, like Gecko)"
162.158.183.252 - - [17/Nov/2022:14:58:00 +0100] "GET /Librarys/Js/Main.js?v876743806 HTTP/1.0" 200 776 "https://e-ktebxana.krd/login" "Mozilla/5.0 (Macintosh; Intel Mac OS X 10_15_6) AppleWebKit/605.1.15 (KHTML, like Gecko)"
162.158.183.207 - - [17/Nov/2022:14:58:00 +0100] "GET /Librarys/Css/Main.css?v=876743806 HTTP/1.0" 200 764 "https://e-ktebxana.krd/login" "Mozilla/5.0 (Macintosh; Intel Mac OS X 10_15_6) AppleWebKit/605.1.15 (KHTML, like Gecko)"
172.70.242.80 - - [17/Nov/2022:14:58:02 +0100] "POST /Librarys/Language/AllLang.json HTTP/1.0" 200 16401 "https://e-ktebxana.krd/login" "Mozilla/5.0 (Macintosh; Intel Mac OS X 10_15_6) AppleWebKit/605.1.15 (KHTML, like Gecko)"
162.158.182.53 - - [17/Nov/2022:14:58:27 +0100] "GET /Librarys/Js/Main.js?v437415562 HTTP/1.0" 200 776 "https://e-ktebxana.krd/" "Mozilla/5.0 (Linux; Android 12; V2029) AppleWebKit/537.36 (KHTML, like Gecko) Chrome/107.0.0.0 Mobile Safari/537.36"
172.68.182.248 - - [17/Nov/2022:14:58:27 +0100] "GET /Librarys/Css/Main.css?v=437415562 HTTP/1.0" 200 2213 "https://e-ktebxana.krd/" "Mozilla/5.0 (Linux; Android 12; V2029) AppleWebKit/537.36 (KHTML, like Gecko) Chrome/107.0.0.0 Mobile Safari/537.36"
172.69.210.131 - - [17/Nov/2022:14:58:27 +0100] "POST /Librarys/Language/AllLang.json HTTP/1.0" 200 16401 "https://e-ktebxana.krd/" "Mozilla/5.0 (Linux; Android 12; V2029) AppleWebKit/537.36 (KHTML, like Gecko) Chrome/107.0.0.0 Mobile Safari/537.36"
172.69.210.131 - - [17/Nov/2022:14:58:27 +0100] "GET /login HTTP/1.0" 404 3845 "https://e-ktebxana.krd/" "Mozilla/5.0 (Linux; Android 12; V2029) AppleWebKit/537.36 (KHTML, like Gecko) Chrome/107.0.0.0 Mobile Safari/537.36"
162.158.182.53 - - [17/Nov/2022:14:58:27 +0100] "GET /Librarys/Js/Main.js?v437415562 HTTP/1.1" 200 38605 "https://e-ktebxana.krd/" "Mozilla/5.0 (Linux; Android 12; V2029) AppleWebKit/537.36 (KHTML, like Gecko) Chrome/107.0.0.0 Mobile Safari/537.36"
172.68.182.248 - - [17/Nov/2022:14:58:27 +0100] "GET /Librarys/Css/Main.css?v=437415562 HTTP/1.1" 200 119454 "https://e-ktebxana.krd/" "Mozilla/5.0 (Linux; Android 12; V2029) AppleWebKit/537.36 (KHTML, like Gecko) Chrome/107.0.0.0 Mobile Safari/537.36"
162.158.182.19 - - [17/Nov/2022:14:58:28 +0100] "GET /Librarys/Css/Main.css?v=169487620 HTTP/1.1" 200 119454 "https://e-ktebxana.krd/login" "Mozilla/5.0 (Linux; Android 12; V2029) AppleWebKit/537.36 (KHTML, like Gecko) Chrome/107.0.0.0 Mobile Safari/537.36"
162.158.182.75 - - [17/Nov/2022:14:58:28 +0100] "GET /Librarys/Js/Main.js?v169487620 HTTP/1.1" 200 38605 "https://e-ktebxana.krd/login" "Mozilla/5.0 (Linux; Android 12; V2029) AppleWebKit/537.36 (KHTML, like Gecko) Chrome/107.0.0.0 Mobile Safari/537.36"
162.158.182.19 - - [17/Nov/2022:14:58:28 +0100] "GET /Librarys/Css/Main.css?v=169487620 HTTP/1.0" 200 764 "https://e-ktebxana.krd/login" "Mozilla/5.0 (Linux; Android 12; V2029) AppleWebKit/537.36 (KHTML, like Gecko) Chrome/107.0.0.0 Mobile Safari/537.36"
162.158.182.75 - - [17/Nov/2022:14:58:28 +0100] "GET /Librarys/Js/Main.js?v169487620 HTTP/1.0" 200 776 "https://e-ktebxana.krd/login" "Mozilla/5.0 (Linux; Android 12; V2029) AppleWebKit/537.36 (KHTML, like Gecko) Chrome/107.0.0.0 Mobile Safari/537.36"
172.69.210.131 - - [17/Nov/2022:14:58:28 +0100] "POST /Librarys/Language/AllLang.json HTTP/1.0" 200 16401 "https://e-ktebxana.krd/login" "Mozilla/5.0 (Linux; Android 12; V2029) AppleWebKit/537.36 (KHTML, like Gecko) Chrome/107.0.0.0 Mobile Safari/537.36"
172.70.250.172 - - [17/Nov/2022:15:00:16 +0100] "GET /?token=RUDDVitTBl6+oQUk7L85MFMGad6ST3PDw3CFdo58w4vXAEayMUtJIA3nZo7CwFQNErgGQPmKCK862Gi2SrCTAlZocpzlgCFH3vRskwTRlMNLIsP7aHe1XoH5q45+569PClFN8LW8Tr+VP4bN/5ntIA== HTTP/1.0" 200 754 "https://www.e-parwarda.com/" "Mozilla/5.0 (iPhone; CPU iPhone OS 15_5 like Mac OS X) AppleWebKit/605.1.15 (KHTML, like Gecko) Version/15.5 Mobile/15E148 Safari/604.1"
162.158.182.95 - - [17/Nov/2022:15:00:16 +0100] "GET /Librarys/Css/telInput.css?v344 HTTP/1.0" 404 3845 "https://e-ktebxana.krd/?token=RUDDVitTBl6+oQUk7L85MFMGad6ST3PDw3CFdo58w4vXAEayMUtJIA3nZo7CwFQNErgGQPmKCK862Gi2SrCTAlZocpzlgCFH3vRskwTRlMNLIsP7aHe1XoH5q45+569PClFN8LW8Tr+VP4bN/5ntIA==" "Mozilla/5.0 (iPhone; CPU iPhone OS 15_5 like Mac OS X) AppleWebKit/605.1.15 (KHTML, like Gecko) Version/15.5 Mobile/15E148 Safari/604.1"
172.70.250.172 - - [17/Nov/2022:15:00:16 +0100] "GET /?token=RUDDVitTBl6+oQUk7L85MFMGad6ST3PDw3CFdo58w4vXAEayMUtJIA3nZo7CwFQNErgGQPmKCK862Gi2SrCTAlZocpzlgCFH3vRskwTRlMNLIsP7aHe1XoH5q45+569PClFN8LW8Tr+VP4bN/5ntIA== HTTP/1.1" 200 3279 "https://www.e-parwarda.com/" "Mozilla/5.0 (iPhone; CPU iPhone OS 15_5 like Mac OS X) AppleWebKit/605.1.15 (KHTML, like Gecko) Version/15.5 Mobile/15E148 Safari/604.1"
172.68.183.48 - - [17/Nov/2022:15:00:17 +0100] "GET /Librarys/Css/Main.css?v=511284666 HTTP/1.1" 200 119454 "https://e-ktebxana.krd/?token=RUDDVitTBl6+oQUk7L85MFMGad6ST3PDw3CFdo58w4vXAEayMUtJIA3nZo7CwFQNErgGQPmKCK862Gi2SrCTAlZocpzlgCFH3vRskwTRlMNLIsP7aHe1XoH5q45+569PClFN8LW8Tr+VP4bN/5ntIA==" "Mozilla/5.0 (iPhone; CPU iPhone OS 15_5 like Mac OS X) AppleWebKit/605.1.15 (KHTML, like Gecko) Version/15.5 Mobile/15E148 Safari/604.1"
172.68.183.48 - - [17/Nov/2022:15:00:17 +0100] "GET /Librarys/Css/Main.css?v=511284666 HTTP/1.0" 200 764 "https://e-ktebxana.krd/?token=RUDDVitTBl6+oQUk7L85MFMGad6ST3PDw3CFdo58w4vXAEayMUtJIA3nZo7CwFQNErgGQPmKCK862Gi2SrCTAlZocpzlgCFH3vRskwTRlMNLIsP7aHe1XoH5q45+569PClFN8LW8Tr+VP4bN/5ntIA==" "Mozilla/5.0 (iPhone; CPU iPhone OS 15_5 like Mac OS X) AppleWebKit/605.1.15 (KHTML, like Gecko) Version/15.5 Mobile/15E148 Safari/604.1"
162.158.183.238 - - [17/Nov/2022:15:00:17 +0100] "GET /favicon.ico HTTP/1.0" 404 3845 "https://e-ktebxana.krd/?token=RUDDVitTBl6+oQUk7L85MFMGad6ST3PDw3CFdo58w4vXAEayMUtJIA3nZo7CwFQNErgGQPmKCK862Gi2SrCTAlZocpzlgCFH3vRskwTRlMNLIsP7aHe1XoH5q45+569PClFN8LW8Tr+VP4bN/5ntIA==" "Mozilla/5.0 (iPhone; CPU iPhone OS 15_5 like Mac OS X) AppleWebKit/605.1.15 (KHTML, like Gecko) Version/15.5 Mobile/15E148 Safari/604.1"
162.158.238.212 - - [17/Nov/2022:15:00:35 +0100] "GET / HTTP/1.0" 200 754 "-" "Mozilla/5.0 (Windows; U; Windows NT 5.1; en-US) AppleWebKit/525.13 (KHTML, like Gecko) Chrome/0.A.B.C Safari/525.13"
162.158.238.212 - - [17/Nov/2022:15:00:35 +0100] "GET / HTTP/1.1" 200 3279 "-" "Mozilla/5.0 (Windows; U; Windows NT 5.1; en-US) AppleWebKit/525.13 (KHTML, like Gecko) Chrome/0.A.B.C Safari/525.13"
162.158.239.49 - - [17/Nov/2022:15:03:39 +0100] "GET / HTTP/1.1" 200 3279 "-" "Mozilla/5.0 (Windows; U; Windows NT 5.1; en-US) AppleWebKit/525.13 (KHTML, like Gecko) Chrome/0.A.B.C Safari/525.13"
162.158.239.49 - - [17/Nov/2022:15:03:39 +0100] "GET / HTTP/1.0" 200 754 "-" "Mozilla/5.0 (Windows; U; Windows NT 5.1; en-US) AppleWebKit/525.13 (KHTML, like Gecko) Chrome/0.A.B.C Safari/525.13"
162.158.239.49 - - [17/Nov/2022:15:06:38 +0100] "GET / HTTP/1.0" 200 754 "-" "Mozilla/5.0 (Windows; U; Windows NT 5.1; en-US) AppleWebKit/525.13 (KHTML, like Gecko) Chrome/0.A.B.C Safari/525.13"
162.158.239.49 - - [17/Nov/2022:15:06:38 +0100] "GET / HTTP/1.1" 200 3279 "-" "Mozilla/5.0 (Windows; U; Windows NT 5.1; en-US) AppleWebKit/525.13 (KHTML, like Gecko) Chrome/0.A.B.C Safari/525.13"
162.158.238.213 - - [17/Nov/2022:15:09:38 +0100] "GET / HTTP/1.1" 200 3279 "-" "Mozilla/5.0 (Windows; U; Windows NT 5.1; en-US) AppleWebKit/525.13 (KHTML, like Gecko) Chrome/0.A.B.C Safari/525.13"
162.158.238.213 - - [17/Nov/2022:15:09:38 +0100] "GET / HTTP/1.0" 200 754 "-" "Mozilla/5.0 (Windows; U; Windows NT 5.1; en-US) AppleWebKit/525.13 (KHTML, like Gecko) Chrome/0.A.B.C Safari/525.13"
172.70.246.236 - - [17/Nov/2022:15:11:25 +0100] "GET / HTTP/1.0" 200 754 "-" "Mozilla/5.0 (Linux; Android 9; JKM-LX1 Build/HUAWEIJKM-LX1; wv) AppleWebKit/537.36 (KHTML, like Gecko) Version/4.0 Chrome/74.0.3729.136 Mobile Safari/537.36"
162.158.182.94 - - [17/Nov/2022:15:11:25 +0100] "GET /Librarys/Css/telInput.css?v344 HTTP/1.0" 404 3845 "https://e-ktebxana.krd/" "Mozilla/5.0 (Linux; Android 9; JKM-LX1 Build/HUAWEIJKM-LX1; wv) AppleWebKit/537.36 (KHTML, like Gecko) Version/4.0 Chrome/74.0.3729.136 Mobile Safari/537.36"
172.70.246.236 - - [17/Nov/2022:15:11:25 +0100] "GET / HTTP/1.1" 200 3279 "-" "Mozilla/5.0 (Linux; Android 9; JKM-LX1 Build/HUAWEIJKM-LX1; wv) AppleWebKit/537.36 (KHTML, like Gecko) Version/4.0 Chrome/74.0.3729.136 Mobile Safari/537.36"
172.68.183.68 - - [17/Nov/2022:15:11:26 +0100] "GET /Librarys/Css/Main.css?v=999790711 HTTP/1.1" 200 119454 "https://e-ktebxana.krd/" "Mozilla/5.0 (Linux; Android 9; JKM-LX1 Build/HUAWEIJKM-LX1; wv) AppleWebKit/537.36 (KHTML, like Gecko) Version/4.0 Chrome/74.0.3729.136 Mobile Safari/537.36"
162.158.183.238 - - [17/Nov/2022:15:11:26 +0100] "GET /favicon.ico HTTP/1.0" 404 3845 "https://e-ktebxana.krd/" "Mozilla/5.0 (Linux; Android 9; JKM-LX1 Build/HUAWEIJKM-LX1; wv) AppleWebKit/537.36 (KHTML, like Gecko) Version/4.0 Chrome/74.0.3729.136 Mobile Safari/537.36"
172.68.183.68 - - [17/Nov/2022:15:11:26 +0100] "GET /Librarys/Css/Main.css?v=999790711 HTTP/1.0" 200 764 "https://e-ktebxana.krd/" "Mozilla/5.0 (Linux; Android 9; JKM-LX1 Build/HUAWEIJKM-LX1; wv) AppleWebKit/537.36 (KHTML, like Gecko) Version/4.0 Chrome/74.0.3729.136 Mobile Safari/537.36"
162.158.239.5 - - [17/Nov/2022:15:12:38 +0100] "GET / HTTP/1.0" 200 754 "-" "Mozilla/5.0 (Windows; U; Windows NT 5.1; en-US) AppleWebKit/525.13 (KHTML, like Gecko) Chrome/0.A.B.C Safari/525.13"
162.158.239.5 - - [17/Nov/2022:15:12:38 +0100] "GET / HTTP/1.1" 200 3279 "-" "Mozilla/5.0 (Windows; U; Windows NT 5.1; en-US) AppleWebKit/525.13 (KHTML, like Gecko) Chrome/0.A.B.C Safari/525.13"
162.158.239.5 - - [17/Nov/2022:15:15:43 +0100] "GET / HTTP/1.1" 200 3279 "-" "Mozilla/5.0 (Windows; U; Windows NT 5.1; en-US) AppleWebKit/525.13 (KHTML, like Gecko) Chrome/0.A.B.C Safari/525.13"
162.158.239.5 - - [17/Nov/2022:15:15:43 +0100] "GET / HTTP/1.0" 200 754 "-" "Mozilla/5.0 (Windows; U; Windows NT 5.1; en-US) AppleWebKit/525.13 (KHTML, like Gecko) Chrome/0.A.B.C Safari/525.13"
172.69.210.132 - - [17/Nov/2022:15:17:55 +0100] "GET / HTTP/1.0" 200 754 "https://ewane.krd/" "Mozilla/5.0 (Macintosh; Intel Mac OS X 10_15_6) AppleWebKit/605.1.15 (KHTML, like Gecko) Version/15.6,2 Safari/605.1.15"
162.158.182.47 - - [17/Nov/2022:15:17:55 +0100] "GET /Librarys/Css/bootstrap.min.css?v53400.002 HTTP/1.0" 200 773 "https://e-ktebxana.krd/" "Mozilla/5.0 (Macintosh; Intel Mac OS X 10_15_6) AppleWebKit/605.1.15 (KHTML, like Gecko) Version/15.6,2 Safari/605.1.15"
162.158.182.95 - - [17/Nov/2022:15:17:55 +0100] "GET /Librarys/Css/telInput.css?v344 HTTP/1.0" 404 3845 "https://e-ktebxana.krd/" "Mozilla/5.0 (Macintosh; Intel Mac OS X 10_15_6) AppleWebKit/605.1.15 (KHTML, like Gecko) Version/15.6,2 Safari/605.1.15"
172.68.183.41 - - [17/Nov/2022:15:17:55 +0100] "GET /Librarys/Css/dropzone.css HTTP/1.0" 200 768 "https://e-ktebxana.krd/" "Mozilla/5.0 (Macintosh; Intel Mac OS X 10_15_6) AppleWebKit/605.1.15 (KHTML, like Gecko) Version/15.6,2 Safari/605.1.15"
162.158.183.208 - - [17/Nov/2022:15:17:55 +0100] "GET /Librarys/Js/dropzone.js?v34453322 HTTP/1.0" 200 780 "https://e-ktebxana.krd/" "Mozilla/5.0 (Macintosh; Intel Mac OS X 10_15_6) AppleWebKit/605.1.15 (KHTML, like Gecko) Version/15.6,2 Safari/605.1.15"
162.158.183.182 - - [17/Nov/2022:15:17:55 +0100] "GET /Librarys/Js/Functions.js?v54001.009 HTTP/1.0" 200 781 "https://e-ktebxana.krd/" "Mozilla/5.0 (Macintosh; Intel Mac OS X 10_15_6) AppleWebKit/605.1.15 (KHTML, like Gecko) Version/15.6,2 Safari/605.1.15"
162.158.183.205 - - [17/Nov/2022:15:17:55 +0100] "GET /Librarys/Js/bootstrap.min.js HTTP/1.0" 200 2234 "https://e-ktebxana.krd/" "Mozilla/5.0 (Macintosh; Intel Mac OS X 10_15_6) AppleWebKit/605.1.15 (KHTML, like Gecko) Version/15.6,2 Safari/605.1.15"
172.68.183.65 - - [17/Nov/2022:15:17:55 +0100] "GET /Librarys/Js/jquery.min.js HTTP/1.0" 200 782 "https://e-ktebxana.krd/" "Mozilla/5.0 (Macintosh; Intel Mac OS X 10_15_6) AppleWebKit/605.1.15 (KHTML, like Gecko) Version/15.6,2 Safari/605.1.15"
